Archive member included to satisfy reference by file (symbol)

/home/nicozorza/LPCXpresso/TP_Final/Prueba_cambiar_valor_eficaz/lpc_board_nxp_lpcxpresso_4337/Debug/liblpc_board_nxp_lpcxpresso_4337.a(board.o)
                              ./example/src/timers.o (Board_Init)
/home/nicozorza/LPCXpresso/TP_Final/Prueba_cambiar_valor_eficaz/lpc_board_nxp_lpcxpresso_4337/Debug/liblpc_board_nxp_lpcxpresso_4337.a(board_sysinit.o)
                              ./example/src/sysinit.o (Board_SystemInit)
/home/nicozorza/LPCXpresso/TP_Final/Prueba_cambiar_valor_eficaz/lpc_board_nxp_lpcxpresso_4337/Debug/liblpc_board_nxp_lpcxpresso_4337.a(wm8904.o)
                              /home/nicozorza/LPCXpresso/TP_Final/Prueba_cambiar_valor_eficaz/lpc_board_nxp_lpcxpresso_4337/Debug/liblpc_board_nxp_lpcxpresso_4337.a(board.o) (WM8904_Init)
/home/nicozorza/LPCXpresso/TP_Final/Prueba_cambiar_valor_eficaz/lpc_chip_43xx/Debug/liblpc_chip_43xx.a(adc_18xx_43xx.o)
                              ./example/src/timers.o (Chip_ADC_Init)
/home/nicozorza/LPCXpresso/TP_Final/Prueba_cambiar_valor_eficaz/lpc_chip_43xx/Debug/liblpc_chip_43xx.a(chip_18xx_43xx.o)
                              ./example/src/timers.o (SystemCoreClock)
/home/nicozorza/LPCXpresso/TP_Final/Prueba_cambiar_valor_eficaz/lpc_chip_43xx/Debug/liblpc_chip_43xx.a(clock_18xx_43xx.o)
                              /home/nicozorza/LPCXpresso/TP_Final/Prueba_cambiar_valor_eficaz/lpc_chip_43xx/Debug/liblpc_chip_43xx.a(chip_18xx_43xx.o) (Chip_Clock_GetClockInputHz)
/home/nicozorza/LPCXpresso/TP_Final/Prueba_cambiar_valor_eficaz/lpc_chip_43xx/Debug/liblpc_chip_43xx.a(fpu_init.o)
                              ./example/src/sysinit.o (fpuInit)
/home/nicozorza/LPCXpresso/TP_Final/Prueba_cambiar_valor_eficaz/lpc_chip_43xx/Debug/liblpc_chip_43xx.a(gpio_18xx_43xx.o)
                              /home/nicozorza/LPCXpresso/TP_Final/Prueba_cambiar_valor_eficaz/lpc_board_nxp_lpcxpresso_4337/Debug/liblpc_board_nxp_lpcxpresso_4337.a(board.o) (Chip_GPIO_Init)
/home/nicozorza/LPCXpresso/TP_Final/Prueba_cambiar_valor_eficaz/lpc_chip_43xx/Debug/liblpc_chip_43xx.a(i2c_18xx_43xx.o)
                              /home/nicozorza/LPCXpresso/TP_Final/Prueba_cambiar_valor_eficaz/lpc_board_nxp_lpcxpresso_4337/Debug/liblpc_board_nxp_lpcxpresso_4337.a(wm8904.o) (Chip_I2C_EventHandlerPolling)
/home/nicozorza/LPCXpresso/TP_Final/Prueba_cambiar_valor_eficaz/lpc_chip_43xx/Debug/liblpc_chip_43xx.a(ssp_18xx_43xx.o)
                              /home/nicozorza/LPCXpresso/TP_Final/Prueba_cambiar_valor_eficaz/lpc_board_nxp_lpcxpresso_4337/Debug/liblpc_board_nxp_lpcxpresso_4337.a(board.o) (Chip_SSP_WriteFrames_Blocking)
/home/nicozorza/LPCXpresso/TP_Final/Prueba_cambiar_valor_eficaz/lpc_chip_43xx/Debug/liblpc_chip_43xx.a(sysinit_18xx_43xx.o)
                              /home/nicozorza/LPCXpresso/TP_Final/Prueba_cambiar_valor_eficaz/lpc_board_nxp_lpcxpresso_4337/Debug/liblpc_board_nxp_lpcxpresso_4337.a(board_sysinit.o) (Chip_SetupCoreClock)
/home/nicozorza/LPCXpresso/TP_Final/Prueba_cambiar_valor_eficaz/lpc_chip_43xx/Debug/liblpc_chip_43xx.a(timer_18xx_43xx.o)
                              ./example/src/timers.o (Chip_TIMER_Init)
/home/nicozorza/LPCXpresso/TP_Final/Prueba_cambiar_valor_eficaz/lpc_chip_43xx/Debug/liblpc_chip_43xx.a(uart_18xx_43xx.o)
                              /home/nicozorza/LPCXpresso/TP_Final/Prueba_cambiar_valor_eficaz/lpc_board_nxp_lpcxpresso_4337/Debug/liblpc_board_nxp_lpcxpresso_4337.a(board.o) (Chip_UART_Init)
/home/nicozorza/LPCXpresso/TP_Final/Prueba_cambiar_valor_eficaz/lpc_chip_43xx/Debug/liblpc_chip_43xx.a(ring_buffer.o)
                              /home/nicozorza/LPCXpresso/TP_Final/Prueba_cambiar_valor_eficaz/lpc_chip_43xx/Debug/liblpc_chip_43xx.a(uart_18xx_43xx.o) (RingBuffer_Insert)
/usr/local/lpcxpresso_8.2.2_650/lpcxpresso/tools/bin/../lib/gcc/arm-none-eabi/5.4.1/../../../../arm-none-eabi/lib/armv7e-m/softfp/libcr_nohost.a(_cr__main.o)
                              ./example/src/cr_startup_lpc43xx.o (__main)
/usr/local/lpcxpresso_8.2.2_650/lpcxpresso/tools/bin/../lib/gcc/arm-none-eabi/5.4.1/../../../../arm-none-eabi/lib/armv7e-m/softfp/libcr_c.a(memcpy.o)
                              /home/nicozorza/LPCXpresso/TP_Final/Prueba_cambiar_valor_eficaz/lpc_board_nxp_lpcxpresso_4337/Debug/liblpc_board_nxp_lpcxpresso_4337.a(board.o) (memcpy)
/usr/local/lpcxpresso_8.2.2_650/lpcxpresso/tools/bin/../lib/gcc/arm-none-eabi/5.4.1/../../../../arm-none-eabi/lib/armv7e-m/softfp/libcr_c.a(memset.o)
                              /home/nicozorza/LPCXpresso/TP_Final/Prueba_cambiar_valor_eficaz/lpc_chip_43xx/Debug/liblpc_chip_43xx.a(clock_18xx_43xx.o) (memset)
/usr/local/lpcxpresso_8.2.2_650/lpcxpresso/tools/bin/../lib/gcc/arm-none-eabi/5.4.1/../../../../arm-none-eabi/lib/armv7e-m/softfp/libcr_c.a(initio.o)
[...]
Memory Configuration

Name             Origin             Length             Attributes
MFlashA512       0x1a000000         0x00080000         xr
MFlashB512       0x1b000000         0x00080000         xr
RamLoc32         0x10000000         0x00008000         xrw
RamLoc40         0x10080000         0x0000a000         xrw
RamAHB32         0x20000000         0x00008000         xrw
RamAHB16         0x20008000         0x00004000         xrw
RamAHB_ETB16     0x2000c000         0x00004000         xrw
*default*        0x00000000         0xffffffff

Linker script and memory map

LOAD ./example/src/cr_startup_lpc43xx.o
LOAD ./example/src/sysinit.o
LOAD ./example/src/timers.o
LOAD /home/nicozorza/LPCXpresso/TP_Final/Prueba_cambiar_valor_eficaz/lpc_board_nxp_lpcxpresso_4337/Debug/liblpc_board_nxp_lpcxpresso_4337.a
LOAD /home/nicozorza/LPCXpresso/TP_Final/Prueba_cambiar_valor_eficaz/lpc_chip_43xx/Debug/liblpc_chip_43xx.a
START GROUP
LOAD /usr/local/lpcxpresso_8.2.2_650/lpcxpresso/tools/bin/../lib/gcc/arm-none-eabi/5.4.1/../../../../arm-none-eabi/lib/armv7e-m/softfp/libcr_nohost.a
LOAD /usr/local/lpcxpresso_8.2.2_650/lpcxpresso/tools/bin/../lib/gcc/arm-none-eabi/5.4.1/../../../../arm-none-eabi/lib/armv7e-m/softfp/libcr_c.a
LOAD /usr/local/lpcxpresso_8.2.2_650/lpcxpresso/tools/bin/../lib/gcc/arm-none-eabi/5.4.1/armv7e-m/softfp/libcr_eabihelpers.a
END GROUP
                0x1a000000                __base_MFlashA512 = 0x1a000000
                0x1a000000                __base_Flash = 0x1a000000
                0x1a080000                __top_MFlashA512 = 0x1a080000
                0x1a080000                __top_Flash = 0x1a080000
                0x1b000000                __base_MFlashB512 = 0x1b000000
                0x1b000000                __base_Flash2 = 0x1b000000
                0x1b080000                __top_MFlashB512 = 0x1b080000
                0x1b080000                __top_Flash2 = 0x1b080000
                0x10000000                __base_RamLoc32 = 0x10000000
                0x10000000                __base_RAM = 0x10000000
                0x10008000                __top_RamLoc32 = 0x10008000
                0x10008000                __top_RAM = 0x10008000
                0x10080000                __base_RamLoc40 = 0x10080000
                0x10080000                __base_RAM2 = 0x10080000
                0x1008a000                __top_RamLoc40 = 0x1008a000
                0x1008a000                __top_RAM2 = 0x1008a000
                0x20000000                __base_RamAHB32 = 0x20000000
                0x20000000                __base_RAM3 = 0x20000000
                0x20008000                __top_RamAHB32 = 0x20008000
                0x20008000                __top_RAM3 = 0x20008000
                0x20008000                __base_RamAHB16 = 0x20008000
                0x20008000                __base_RAM4 = 0x20008000
                0x2000c000                __top_RamAHB16 = 0x2000c000
                0x2000c000                __top_RAM4 = 0x2000c000
                0x2000c000                __base_RamAHB_ETB16 = 0x2000c000
                0x2000c000                __base_RAM5 = 0x2000c000
                0x20010000                __top_RamAHB_ETB16 = 0x20010000
                0x20010000                __top_RAM5 = 0x20010000

.text_Flash2    0x1b000000        0x0
 FILL mask 0xff
 *(.text_Flash2*)
 *(.text_MFlashB512*)
 *(.text.$Flash2*)
 *(.text.$MFlashB512*)
 *(.rodata.$Flash2*)
 *(.rodata.$MFlashB512*)

.text           0x1a000000     0x2b10
 FILL mask 0xff
                0x1a000000                __vectors_start__ = ABSOLUTE (.)
 *(.isr_vector)
 .isr_vector    0x1a000000      0x114 ./example/src/cr_startup_lpc43xx.o
                0x1a000000                g_pfnVectors
                0x1a000114                . = ALIGN (0x4)
                0x1a000114                __section_table_start = .
                0x1a000114                __data_section_table = .
                0x1a000114        0x4 LONG 0x1a002b10 LOADADDR (.data)
                0x1a000118        0x4 LONG 0x10000000 ADDR (.data)
                0x1a00011c        0x4 LONG 0x0 SIZEOF (.data)
                0x1a000120        0x4 LONG 0x1a002b10 LOADADDR (.data_RAM2)
                0x1a000124        0x4 LONG 0x10080000 ADDR (.data_RAM2)
                0x1a000128        0x4 LONG 0x0 SIZEOF (.data_RAM2)
                0x1a00012c        0x4 LONG 0x1a002b10 LOADADDR (.data_RAM3)
                0x1a000130        0x4 LONG 0x20000000 ADDR (.data_RAM3)
                0x1a000134        0x4 LONG 0x0 SIZEOF (.data_RAM3)
                0x1a000138        0x4 LONG 0x1a002b10 LOADADDR (.data_RAM4)
                0x1a00013c        0x4 LONG 0x20008000 ADDR (.data_RAM4)
                0x1a000140        0x4 LONG 0x0 SIZEOF (.data_RAM4)
                0x1a000144        0x4 LONG 0x1a002b10 LOADADDR (.data_RAM5)
                0x1a000148        0x4 LONG 0x2000c000 ADDR (.data_RAM5)
                0x1a00014c        0x4 LONG 0x0 SIZEOF (.data_RAM5)
                0x1a000150                __data_section_table_end = .
                0x1a000150                __bss_section_table = .
                0x1a000150        0x4 LONG 0x10000000 ADDR (.bss)
                0x1a000154        0x4 LONG 0x16c SIZEOF (.bss)
                0x1a000158        0x4 LONG 0x10080000 ADDR (.bss_RAM2)
                0x1a00015c        0x4 LONG 0x0 SIZEOF (.bss_RAM2)
                0x1a000160        0x4 LONG 0x20000000 ADDR (.bss_RAM3)
                0x1a000164        0x4 LONG 0x0 SIZEOF (.bss_RAM3)
                0x1a000168        0x4 LONG 0x20008000 ADDR (.bss_RAM4)
                0x1a00016c        0x4 LONG 0x0 SIZEOF (.bss_RAM4)
                0x1a000170        0x4 LONG 0x2000c000 ADDR (.bss_RAM5)
                0x1a000174        0x4 LONG 0x0 SIZEOF (.bss_RAM5)
                0x1a000178                __bss_section_table_end = .
                0x1a000178                __section_table_end = .
 *(.after_vectors*)
 .after_vectors
                0x1a000178       0xcc ./example/src/cr_startup_lpc43xx.o
                0x1a000178                data_init
                0x1a0001bc                bss_init
                0x1a0001f4                NMI_Handler
                0x1a0001fc                HardFault_Handler
                0x1a000204                MemManage_Handler
                0x1a00020c                BusFault_Handler
                0x1a000214                UsageFault_Handler
                0x1a00021c                SVC_Handler
                0x1a000224                DebugMon_Handler
                0x1a00022c                PendSV_Handler
                0x1a00023c                TIMER2_IRQHandler
                0x1a00023c                RIT_IRQHandler
                0x1a00023c                ADCHS_IRQHandler
                0x1a00023c                FLASH_EEPROM_IRQHandler
                0x1a00023c                I2C0_IRQHandler
                0x1a00023c                SDIO_IRQHandler
                0x1a00023c                ATIMER_IRQHandler
                0x1a00023c                I2C1_IRQHandler
                0x1a00023c                UART1_IRQHandler
                0x1a00023c                GPIO5_IRQHandler
                0x1a00023c                CAN1_IRQHandler
                0x1a00023c                USB1_IRQHandler
                0x1a00023c                I2S0_IRQHandler
                0x1a00023c                TIMER3_IRQHandler
                0x1a00023c                UART0_IRQHandler
                0x1a00023c                SGPIO_IRQHandler
                0x1a00023c                GPIO6_IRQHandler
                0x1a00023c                IntDefaultHandler
                0x1a00023c                GPIO1_IRQHandler
                0x1a00023c                SSP0_IRQHandler
                0x1a00023c                ADC1_IRQHandler
                0x1a00023c                RTC_IRQHandler
                0x1a00023c                TIMER0_IRQHandler
                0x1a00023c                SPI_IRQHandler
                0x1a00023c                LCD_IRQHandler
                0x1a00023c                UART2_IRQHandler
                0x1a00023c                GPIO2_IRQHandler
                0x1a00023c                I2S1_IRQHandler
                0x1a00023c                SSP1_IRQHandler
                0x1a00023c                USB0_IRQHandler
                0x1a00023c                GPIO3_IRQHandler
                0x1a00023c                SCT_IRQHandler
                0x1a00023c                WDT_IRQHandler
                0x1a00023c                GPIO7_IRQHandler
                0x1a00023c                SPIFI_IRQHandler
                0x1a00023c                QEI_IRQHandler
                0x1a00023c                ETH_IRQHandler
                0x1a00023c                CAN0_IRQHandler
                0x1a00023c                GINT0_IRQHandler
                0x1a00023c                DAC_IRQHandler
                0x1a00023c                M0SUB_IRQHandler
                0x1a00023c                DMA_IRQHandler
                0x1a00023c                EVRT_IRQHandler
                0x1a00023c                UART3_IRQHandler
                0x1a00023c                MCPWM_IRQHandler
                0x1a00023c                M0APP_IRQHandler
                0x1a00023c                GINT1_IRQHandler
                0x1a00023c                GPIO4_IRQHandler
 *(.text*)
 .text.ResetISR
                0x1a000244       0xc4 ./example/src/cr_startup_lpc43xx.o
                0x1a000244                ResetISR
 .text.SystemInit
                0x1a000308       0x28 ./example/src/sysinit.o
                0x1a000308                SystemInit
 .text.NVIC_EnableIRQ
                0x1a000330       0x34 ./example/src/timers.o
 .text.NVIC_ClearPendingIRQ
                0x1a000364       0x34 ./example/src/timers.o
 .text.NVIC_SetPriority
                0x1a000398       0x54 ./example/src/timers.o
 .text.SysTick_Config
                0x1a0003ec       0x44 ./example/src/timers.o
 .text.Chip_SCU_PinMuxSet
                0x1a000430       0x34 ./example/src/timers.o
 .text.Chip_SCU_GPIOIntPinSel
                0x1a000464       0x74 ./example/src/timers.o
 .text.Chip_RGU_TriggerReset
                0x1a0004d8       0x3c ./example/src/timers.o
 .text.Chip_RGU_InReset
                0x1a000514       0x40 ./example/src/timers.o
 .text.Chip_GPIO_SetPinState
                0x1a000554       0x38 ./example/src/timers.o
 .text.Chip_GPIO_SetPinDIROutput
                0x1a00058c       0x40 ./example/src/timers.o
 .text.Chip_GPIO_SetPinDIRInput
                0x1a0005cc       0x40 ./example/src/timers.o
 .text.Chip_PININT_SetPinModeEdge
                0x1a00060c       0x24 ./example/src/timers.o
 .text.Chip_PININT_EnableIntLow
                0x1a000630       0x1c ./example/src/timers.o
 .text.Chip_PININT_ClearIntStatus
                0x1a00064c       0x1c ./example/src/timers.o
 .text.Chip_TIMER_MatchPending
                0x1a000668       0x34 ./example/src/timers.o
 .text.Chip_TIMER_ClearMatch
                0x1a00069c       0x28 ./example/src/timers.o
 .text.Chip_TIMER_Enable
                0x1a0006c4       0x20 ./example/src/timers.o
 .text.Chip_TIMER_Disable
                0x1a0006e4       0x20 ./example/src/timers.o
 .text.Chip_TIMER_SetMatch
                0x1a000704       0x28 ./example/src/timers.o
 .text.Chip_TIMER_MatchEnableInt
                0x1a00072c       0x34 ./example/src/timers.o
 .text.Chip_TIMER_ResetOnMatchEnable
                0x1a000760       0x38 ./example/src/timers.o
 .text.GPIO0_IRQHandler
                0x1a000798       0x5c ./example/src/timers.o
                0x1a000798                GPIO0_IRQHandler
 .text.TIMER1_IRQHandler
                0x1a0007f4       0x34 ./example/src/timers.o
                0x1a0007f4                TIMER1_IRQHandler
 .text.ADC0_IRQHandler
                0x1a000828       0x1c ./example/src/timers.o
                0x1a000828                ADC0_IRQHandler
 .text.SysTick_Handler
                0x1a000844       0x4c ./example/src/timers.o
                0x1a000844                SysTick_Handler
 .text.ConfigureTimer
                0x1a000890       0x88 ./example/src/timers.o
                0x1a000890                ConfigureTimer
 .text.ConfigurePhaseDetector
                0x1a000918       0x6c ./example/src/timers.o
                0x1a000918                ConfigurePhaseDetector
 .text.ConfigureADC
                0x1a000984       0x34 ./example/src/timers.o
                0x1a000984                ConfigureADC
 .text.main     0x1a0009b8       0x90 ./example/src/timers.o
                0x1a0009b8                main
 .text.Chip_SCU_PinMuxSet
                0x1a000a48       0x34 /home/nicozorza/LPCXpresso/TP_Final/Prueba_cambiar_valor_eficaz/lpc_board_nxp_lpcxpresso_4337/Debug/liblpc_board_nxp_lpcxpresso_4337.a(board.o)
 .text.Chip_ENET_RMIIEnable
                0x1a000a7c       0x28 /home/nicozorza/LPCXpresso/TP_Final/Prueba_cambiar_valor_eficaz/lpc_board_nxp_lpcxpresso_4337/Debug/liblpc_board_nxp_lpcxpresso_4337.a(board.o)
 .text.Chip_GPIO_SetPinState
                0x1a000aa4       0x38 /home/nicozorza/LPCXpresso/TP_Final/Prueba_cambiar_valor_eficaz/lpc_board_nxp_lpcxpresso_4337/Debug/liblpc_board_nxp_lpcxpresso_4337.a(board.o)
 .text.Chip_GPIO_SetPinDIROutput
                0x1a000adc       0x40 /home/nicozorza/LPCXpresso/TP_Final/Prueba_cambiar_valor_eficaz/lpc_board_nxp_lpcxpresso_4337/Debug/liblpc_board_nxp_lpcxpresso_4337.a(board.o)
 .text.Chip_GPIO_SetPinDIRInput
                0x1a000b1c       0x40 /home/nicozorza/LPCXpresso/TP_Final/Prueba_cambiar_valor_eficaz/lpc_board_nxp_lpcxpresso_4337/Debug/liblpc_board_nxp_lpcxpresso_4337.a(board.o)
 .text.Chip_UART_TXEnable
                0x1a000b5c       0x1c /home/nicozorza/LPCXpresso/TP_Final/Prueba_cambiar_valor_eficaz/lpc_board_nxp_lpcxpresso_4337/Debug/liblpc_board_nxp_lpcxpresso_4337.a(board.o)
 .text.Chip_UART_SendByte
                0x1a000b78       0x20 /home/nicozorza/LPCXpresso/TP_Final/Prueba_cambiar_valor_eficaz/lpc_board_nxp_lpcxpresso_4337/Debug/liblpc_board_nxp_lpcxpresso_4337.a(board.o)
 .text.Chip_UART_ConfigData
                0x1a000b98       0x1c /home/nicozorza/LPCXpresso/TP_Final/Prueba_cambiar_valor_eficaz/lpc_board_nxp_lpcxpresso_4337/Debug/liblpc_board_nxp_lpcxpresso_4337.a(board.o)
 .text.Chip_UART_ReadLineStatus
                0x1a000bb4       0x18 /home/nicozorza/LPCXpresso/TP_Final/Prueba_cambiar_valor_eficaz/lpc_board_nxp_lpcxpresso_4337/Debug/liblpc_board_nxp_lpcxpresso_4337.a(board.o)
 .text.__sys_write
                0x1a000bcc       0x38 /home/nicozorza/LPCXpresso/TP_Final/Prueba_cambiar_valor_eficaz/lpc_board_nxp_lpcxpresso_4337/Debug/liblpc_board_nxp_lpcxpresso_4337.a(board.o)
                0x1a000bcc                __sys_write
 .text.Board_UART_Init
                0x1a000c04       0x24 /home/nicozorza/LPCXpresso/TP_Final/Prueba_cambiar_valor_eficaz/lpc_board_nxp_lpcxpresso_4337/Debug/liblpc_board_nxp_lpcxpresso_4337.a(board.o)
                0x1a000c04                Board_UART_Init
 .text.Board_Debug_Init
                0x1a000c28       0x30 /home/nicozorza/LPCXpresso/TP_Final/Prueba_cambiar_valor_eficaz/lpc_board_nxp_lpcxpresso_4337/Debug/liblpc_board_nxp_lpcxpresso_4337.a(board.o)
                0x1a000c28                Board_Debug_Init
 .text.Board_UARTPutChar
                0x1a000c58       0x34 /home/nicozorza/LPCXpresso/TP_Final/Prueba_cambiar_valor_eficaz/lpc_board_nxp_lpcxpresso_4337/Debug/liblpc_board_nxp_lpcxpresso_4337.a(board.o)
                0x1a000c58                Board_UARTPutChar
 .text.Board_LED_Init
                0x1a000c8c       0x5c /home/nicozorza/LPCXpresso/TP_Final/Prueba_cambiar_valor_eficaz/lpc_board_nxp_lpcxpresso_4337/Debug/liblpc_board_nxp_lpcxpresso_4337.a(board.o)
 .text.Board_Buttons_Init
                0x1a000ce8       0x44 /home/nicozorza/LPCXpresso/TP_Final/Prueba_cambiar_valor_eficaz/lpc_board_nxp_lpcxpresso_4337/Debug/liblpc_board_nxp_lpcxpresso_4337.a(board.o)
                0x1a000ce8                Board_Buttons_Init
 .text.Board_Init
                0x1a000d2c       0x28 /home/nicozorza/LPCXpresso/TP_Final/Prueba_cambiar_valor_eficaz/lpc_board_nxp_lpcxpresso_4337/Debug/liblpc_board_nxp_lpcxpresso_4337.a(board.o)
                0x1a000d2c                Board_Init
 .text.Chip_SCU_PinMuxSet
                0x1a000d54       0x34 /home/nicozorza/LPCXpresso/TP_Final/Prueba_cambiar_valor_eficaz/lpc_board_nxp_lpcxpresso_4337/Debug/liblpc_board_nxp_lpcxpresso_4337.a(board_sysinit.o)
 .text.Chip_SCU_SetPinMuxing
                0x1a000d88       0x4c /home/nicozorza/LPCXpresso/TP_Final/Prueba_cambiar_valor_eficaz/lpc_board_nxp_lpcxpresso_4337/Debug/liblpc_board_nxp_lpcxpresso_4337.a(board_sysinit.o)
 .text.Chip_CREG_SetFlashAcceleration
                0x1a000dd4       0x54 /home/nicozorza/LPCXpresso/TP_Final/Prueba_cambiar_valor_eficaz/lpc_board_nxp_lpcxpresso_4337/Debug/liblpc_board_nxp_lpcxpresso_4337.a(board_sysinit.o)
 .text.Board_SetupMuxing
                0x1a000e28       0x14 /home/nicozorza/LPCXpresso/TP_Final/Prueba_cambiar_valor_eficaz/lpc_board_nxp_lpcxpresso_4337/Debug/liblpc_board_nxp_lpcxpresso_4337.a(board_sysinit.o)
                0x1a000e28                Board_SetupMuxing
 .text.Board_SetupClocking
                0x1a000e3c       0x84 /home/nicozorza/LPCXpresso/TP_Final/Prueba_cambiar_valor_eficaz/lpc_board_nxp_lpcxpresso_4337/Debug/liblpc_board_nxp_lpcxpresso_4337.a(board_sysinit.o)
                0x1a000e3c                Board_SetupClocking
 .text.Board_SystemInit
                0x1a000ec0       0x10 /home/nicozorza/LPCXpresso/TP_Final/Prueba_cambiar_valor_eficaz/lpc_board_nxp_lpcxpresso_4337/Debug/liblpc_board_nxp_lpcxpresso_4337.a(board_sysinit.o)
                0x1a000ec0                Board_SystemInit
 .text.getFullConvClk
                0x1a000ed0       0x10 /home/nicozorza/LPCXpresso/TP_Final/Prueba_cambiar_valor_eficaz/lpc_chip_43xx/Debug/liblpc_chip_43xx.a(adc_18xx_43xx.o)
 .text.Chip_ADC_GetClockIndex
                0x1a000ee0       0x2c /home/nicozorza/LPCXpresso/TP_Final/Prueba_cambiar_valor_eficaz/lpc_chip_43xx/Debug/liblpc_chip_43xx.a(adc_18xx_43xx.o)
 .text.getClkDiv
                0x1a000f0c       0x68 /home/nicozorza/LPCXpresso/TP_Final/Prueba_cambiar_valor_eficaz/lpc_chip_43xx/Debug/liblpc_chip_43xx.a(adc_18xx_43xx.o)
 .text.setStartMode
                0x1a000f74       0x30 /home/nicozorza/LPCXpresso/TP_Final/Prueba_cambiar_valor_eficaz/lpc_chip_43xx/Debug/liblpc_chip_43xx.a(adc_18xx_43xx.o)
                0x1a000f74                setStartMode
 .text.readAdcVal
                0x1a000fa4       0x44 /home/nicozorza/LPCXpresso/TP_Final/Prueba_cambiar_valor_eficaz/lpc_chip_43xx/Debug/liblpc_chip_43xx.a(adc_18xx_43xx.o)
                0x1a000fa4                readAdcVal
 .text.Chip_ADC_Init
                0x1a000fe8       0x88 /home/nicozorza/LPCXpresso/TP_Final/Prueba_cambiar_valor_eficaz/lpc_chip_43xx/Debug/liblpc_chip_43xx.a(adc_18xx_43xx.o)
                0x1a000fe8                Chip_ADC_Init
 .text.Chip_ADC_ReadValue
                0x1a001070       0x24 /home/nicozorza/LPCXpresso/TP_Final/Prueba_cambiar_valor_eficaz/lpc_chip_43xx/Debug/liblpc_chip_43xx.a(adc_18xx_43xx.o)
                0x1a001070                Chip_ADC_ReadValue
 .text.Chip_ADC_Int_SetChannelCmd
                0x1a001094       0x4c /home/nicozorza/LPCXpresso/TP_Final/Prueba_cambiar_valor_eficaz/lpc_chip_43xx/Debug/liblpc_chip_43xx.a(adc_18xx_43xx.o)
                0x1a001094                Chip_ADC_Int_SetChannelCmd
 .text.Chip_ADC_SetStartMode
                0x1a0010e0       0x50 /home/nicozorza/LPCXpresso/TP_Final/Prueba_cambiar_valor_eficaz/lpc_chip_43xx/Debug/liblpc_chip_43xx.a(adc_18xx_43xx.o)
                0x1a0010e0                Chip_ADC_SetStartMode
 .text.Chip_ADC_EnableChannel
                0x1a001130       0x58 /home/nicozorza/LPCXpresso/TP_Final/Prueba_cambiar_valor_eficaz/lpc_chip_43xx/Debug/liblpc_chip_43xx.a(adc_18xx_43xx.o)
                0x1a001130                Chip_ADC_EnableChannel
 .text.SystemCoreClockUpdate
                0x1a001188       0x18 /home/nicozorza/LPCXpresso/TP_Final/Prueba_cambiar_valor_eficaz/lpc_chip_43xx/Debug/liblpc_chip_43xx.a(chip_18xx_43xx.o)
                0x1a001188                SystemCoreClockUpdate
 .text.ABS      0x1a0011a0       0x24 /home/nicozorza/LPCXpresso/TP_Final/Prueba_cambiar_valor_eficaz/lpc_chip_43xx/Debug/liblpc_chip_43xx.a(clock_18xx_43xx.o)
 .text.pll_calc_divs
                0x1a0011c4      0x124 /home/nicozorza/LPCXpresso/TP_Final/Prueba_cambiar_valor_eficaz/lpc_chip_43xx/Debug/liblpc_chip_43xx.a(clock_18xx_43xx.o)
 .text.pll_get_frac
                0x1a0012e8      0x178 /home/nicozorza/LPCXpresso/TP_Final/Prueba_cambiar_valor_eficaz/lpc_chip_43xx/Debug/liblpc_chip_43xx.a(clock_18xx_43xx.o)
 .text.Chip_Clock_GetDivRate
                0x1a001460       0x40 /home/nicozorza/LPCXpresso/TP_Final/Prueba_cambiar_valor_eficaz/lpc_chip_43xx/Debug/liblpc_chip_43xx.a(clock_18xx_43xx.o)
 .text.Chip_Clock_FindBaseClock
                0x1a0014a0       0x90 /home/nicozorza/LPCXpresso/TP_Final/Prueba_cambiar_valor_eficaz/lpc_chip_43xx/Debug/liblpc_chip_43xx.a(clock_18xx_43xx.o)
 .text.Chip_Clock_EnableCrystal
                0x1a001530       0x70 /home/nicozorza/LPCXpresso/TP_Final/Prueba_cambiar_valor_eficaz/lpc_chip_43xx/Debug/liblpc_chip_43xx.a(clock_18xx_43xx.o)
                0x1a001530                Chip_Clock_EnableCrystal
 .text.Chip_Clock_CalcMainPLLValue
                0x1a0015a0       0xd8 /home/nicozorza/LPCXpresso/TP_Final/Prueba_cambiar_valor_eficaz/lpc_chip_43xx/Debug/liblpc_chip_43xx.a(clock_18xx_43xx.o)
                0x1a0015a0                Chip_Clock_CalcMainPLLValue
 .text.Chip_Clock_GetMainPLLHz
                0x1a001678       0xc0 /home/nicozorza/LPCXpresso/TP_Final/Prueba_cambiar_valor_eficaz/lpc_chip_43xx/Debug/liblpc_chip_43xx.a(clock_18xx_43xx.o)
                0x1a001678                Chip_Clock_GetMainPLLHz
 .text.Chip_Clock_GetDividerSource
                0x1a001738       0x40 /home/nicozorza/LPCXpresso/TP_Final/Prueba_cambiar_valor_eficaz/lpc_chip_43xx/Debug/liblpc_chip_43xx.a(clock_18xx_43xx.o)
                0x1a001738                Chip_Clock_GetDividerSource
 .text.Chip_Clock_GetDividerDivisor
                0x1a001778       0x38 /home/nicozorza/LPCXpresso/TP_Final/Prueba_cambiar_valor_eficaz/lpc_chip_43xx/Debug/liblpc_chip_43xx.a(clock_18xx_43xx.o)
                0x1a001778                Chip_Clock_GetDividerDivisor
 .text.Chip_Clock_GetClockInputHz
                0x1a0017b0      0x140 /home/nicozorza/LPCXpresso/TP_Final/Prueba_cambiar_valor_eficaz/lpc_chip_43xx/Debug/liblpc_chip_43xx.a(clock_18xx_43xx.o)
                0x1a0017b0                Chip_Clock_GetClockInputHz
 .text.Chip_Clock_GetBaseClocktHz
                0x1a0018f0       0x24 /home/nicozorza/LPCXpresso/TP_Final/Prueba_cambiar_valor_eficaz/lpc_chip_43xx/Debug/liblpc_chip_43xx.a(clock_18xx_43xx.o)
                0x1a0018f0                Chip_Clock_GetBaseClocktHz
 .text.Chip_Clock_SetBaseClock
                0x1a001914       0x9c /home/nicozorza/LPCXpresso/TP_Final/Prueba_cambiar_valor_eficaz/lpc_chip_43xx/Debug/liblpc_chip_43xx.a(clock_18xx_43xx.o)
                0x1a001914                Chip_Clock_SetBaseClock
 .text.Chip_Clock_GetBaseClock
                0x1a0019b0       0x4c /home/nicozorza/LPCXpresso/TP_Final/Prueba_cambiar_valor_eficaz/lpc_chip_43xx/Debug/liblpc_chip_43xx.a(clock_18xx_43xx.o)
                0x1a0019b0                Chip_Clock_GetBaseClock
 .text.Chip_Clock_EnableOpts
                0x1a0019fc       0x7c /home/nicozorza/LPCXpresso/TP_Final/Prueba_cambiar_valor_eficaz/lpc_chip_43xx/Debug/liblpc_chip_43xx.a(clock_18xx_43xx.o)
                0x1a0019fc                Chip_Clock_EnableOpts
 .text.Chip_Clock_Enable
                0x1a001a78       0x60 /home/nicozorza/LPCXpresso/TP_Final/Prueba_cambiar_valor_eficaz/lpc_chip_43xx/Debug/liblpc_chip_43xx.a(clock_18xx_43xx.o)
                0x1a001a78                Chip_Clock_Enable
 .text.Chip_Clock_GetRate
                0x1a001ad8       0x88 /home/nicozorza/LPCXpresso/TP_Final/Prueba_cambiar_valor_eficaz/lpc_chip_43xx/Debug/liblpc_chip_43xx.a(clock_18xx_43xx.o)
                0x1a001ad8                Chip_Clock_GetRate
 .text.fpuInit  0x1a001b60       0x74 /home/nicozorza/LPCXpresso/TP_Final/Prueba_cambiar_valor_eficaz/lpc_chip_43xx/Debug/liblpc_chip_43xx.a(fpu_init.o)
                0x1a001b60                fpuInit
 .text.Chip_GPIO_Init
                0x1a001bd4       0x14 /home/nicozorza/LPCXpresso/TP_Final/Prueba_cambiar_valor_eficaz/lpc_chip_43xx/Debug/liblpc_chip_43xx.a(gpio_18xx_43xx.o)
                0x1a001bd4                Chip_GPIO_Init
 .text.Chip_Clock_DisableMainPLL
                0x1a001be8       0x20 /home/nicozorza/LPCXpresso/TP_Final/Prueba_cambiar_valor_eficaz/lpc_chip_43xx/Debug/liblpc_chip_43xx.a(sysinit_18xx_43xx.o)
 .text.Chip_Clock_SetupMainPLL
                0x1a001c08       0x44 /home/nicozorza/LPCXpresso/TP_Final/Prueba_cambiar_valor_eficaz/lpc_chip_43xx/Debug/liblpc_chip_43xx.a(sysinit_18xx_43xx.o)
 .text.Chip_Clock_MainPLLLocked
                0x1a001c4c       0x24 /home/nicozorza/LPCXpresso/TP_Final/Prueba_cambiar_valor_eficaz/lpc_chip_43xx/Debug/liblpc_chip_43xx.a(sysinit_18xx_43xx.o)
 .text.Chip_SetupCoreClock
                0x1a001c70      0x15c /home/nicozorza/LPCXpresso/TP_Final/Prueba_cambiar_valor_eficaz/lpc_chip_43xx/Debug/liblpc_chip_43xx.a(sysinit_18xx_43xx.o)
                0x1a001c70                Chip_SetupCoreClock
 .text.Chip_TIMER_GetClockIndex
                0x1a001dcc       0x50 /home/nicozorza/LPCXpresso/TP_Final/Prueba_cambiar_valor_eficaz/lpc_chip_43xx/Debug/liblpc_chip_43xx.a(timer_18xx_43xx.o)
 .text.Chip_TIMER_Init
                0x1a001e1c       0x20 /home/nicozorza/LPCXpresso/TP_Final/Prueba_cambiar_valor_eficaz/lpc_chip_43xx/Debug/liblpc_chip_43xx.a(timer_18xx_43xx.o)
                0x1a001e1c                Chip_TIMER_Init
 .text.Chip_TIMER_Reset
                0x1a001e3c       0x3c /home/nicozorza/LPCXpresso/TP_Final/Prueba_cambiar_valor_eficaz/lpc_chip_43xx/Debug/liblpc_chip_43xx.a(timer_18xx_43xx.o)
                0x1a001e3c                Chip_TIMER_Reset
 .text.Chip_UART_TXDisable
                0x1a001e78       0x1c /home/nicozorza/LPCXpresso/TP_Final/Prueba_cambiar_valor_eficaz/lpc_chip_43xx/Debug/liblpc_chip_43xx.a(uart_18xx_43xx.o)
 .text.Chip_UART_SetupFIFOS
                0x1a001e94       0x1c /home/nicozorza/LPCXpresso/TP_Final/Prueba_cambiar_valor_eficaz/lpc_chip_43xx/Debug/liblpc_chip_43xx.a(uart_18xx_43xx.o)
 .text.Chip_UART_ConfigData
                0x1a001eb0       0x1c /home/nicozorza/LPCXpresso/TP_Final/Prueba_cambiar_valor_eficaz/lpc_chip_43xx/Debug/liblpc_chip_43xx.a(uart_18xx_43xx.o)
 .text.Chip_UART_EnableDivisorAccess
                0x1a001ecc       0x20 /home/nicozorza/LPCXpresso/TP_Final/Prueba_cambiar_valor_eficaz/lpc_chip_43xx/Debug/liblpc_chip_43xx.a(uart_18xx_43xx.o)
 .text.Chip_UART_DisableDivisorAccess
                0x1a001eec       0x20 /home/nicozorza/LPCXpresso/TP_Final/Prueba_cambiar_valor_eficaz/lpc_chip_43xx/Debug/liblpc_chip_43xx.a(uart_18xx_43xx.o)
 .text.Chip_UART_SetDivisorLatches
                0x1a001f0c       0x28 /home/nicozorza/LPCXpresso/TP_Final/Prueba_cambiar_valor_eficaz/lpc_chip_43xx/Debug/liblpc_chip_43xx.a(uart_18xx_43xx.o)
 .text.Chip_UART_GetIndex
                0x1a001f34       0x60 /home/nicozorza/LPCXpresso/TP_Final/Prueba_cambiar_valor_eficaz/lpc_chip_43xx/Debug/liblpc_chip_43xx.a(uart_18xx_43xx.o)
 .text.Chip_UART_Init
                0x1a001f94       0x84 /home/nicozorza/LPCXpresso/TP_Final/Prueba_cambiar_valor_eficaz/lpc_chip_43xx/Debug/liblpc_chip_43xx.a(uart_18xx_43xx.o)
                0x1a001f94                Chip_UART_Init
 .text.Chip_UART_SetBaudFDR
                0x1a002018      0x170 /home/nicozorza/LPCXpresso/TP_Final/Prueba_cambiar_valor_eficaz/lpc_chip_43xx/Debug/liblpc_chip_43xx.a(uart_18xx_43xx.o)
                0x1a002018                Chip_UART_SetBaudFDR
 .text.__main   0x1a002188       0x14 /usr/local/lpcxpresso_8.2.2_650/lpcxpresso/tools/bin/../lib/gcc/arm-none-eabi/5.4.1/../../../../arm-none-eabi/lib/armv7e-m/softfp/libcr_nohost.a(_cr__main.o)
                0x1a002188                __main
 .text.memset   0x1a00219c        0x4 /usr/local/lpcxpresso_8.2.2_650/lpcxpresso/tools/bin/../lib/gcc/arm-none-eabi/5.4.1/../../../../arm-none-eabi/lib/armv7e-m/softfp/libcr_c.a(memset.o)
                0x1a00219c                memset
 .text._initio  0x1a0021a0       0xa4 /usr/local/lpcxpresso_8.2.2_650/lpcxpresso/tools/bin/../lib/gcc/arm-none-eabi/5.4.1/../../../../arm-none-eabi/lib/armv7e-m/softfp/libcr_c.a(initio.o)
                0x1a0021a0                _initio
 .text.setvbuf  0x1a002244       0x40 /usr/local/lpcxpresso_8.2.2_650/lpcxpresso/tools/bin/../lib/gcc/arm-none-eabi/5.4.1/../../../../arm-none-eabi/lib/armv7e-m/softfp/libcr_c.a(setvbuf.o)
                0x1a002244                setvbuf
 .text._deferredlazyseek
                0x1a002284       0x44 /usr/local/lpcxpresso_8.2.2_650/lpcxpresso/tools/bin/../lib/gcc/arm-none-eabi/5.4.1/../../../../arm-none-eabi/lib/armv7e-m/softfp/libcr_c.a(_deferredlazyseek.o)
                0x1a002284                _deferredlazyseek
 .text._fdopen  0x1a0022c8       0x6a /usr/local/lpcxpresso_8.2.2_650/lpcxpresso/tools/bin/../lib/gcc/arm-none-eabi/5.4.1/../../../../arm-none-eabi/lib/armv7e-m/softfp/libcr_c.a(_fdopen.o)
                0x1a0022c8                _fdopen
 .text._fflush  0x1a002332       0x58 /usr/local/lpcxpresso_8.2.2_650/lpcxpresso/tools/bin/../lib/gcc/arm-none-eabi/5.4.1/../../../../arm-none-eabi/lib/armv7e-m/softfp/libcr_c.a(_fflush.o)
                0x1a002332                _fflush
 *fill*         0x1a00238a        0x2 ff
 .text._Cwritebuf
                0x1a00238c       0x68 /usr/local/lpcxpresso_8.2.2_650/lpcxpresso/tools/bin/../lib/gcc/arm-none-eabi/5.4.1/../../../../arm-none-eabi/lib/armv7e-m/softfp/libcr_c.a(_writebuf.o)
                0x1a00238c                _Cwritebuf
 .text.malloc   0x1a0023f4       0xc8 /usr/local/lpcxpresso_8.2.2_650/lpcxpresso/tools/bin/../lib/gcc/arm-none-eabi/5.4.1/../../../../arm-none-eabi/lib/armv7e-m/softfp/libcr_c.a(alloc.o)
                0x1a0023f4                malloc
 .text.free     0x1a0024bc       0x30 /usr/local/lpcxpresso_8.2.2_650/lpcxpresso/tools/bin/../lib/gcc/arm-none-eabi/5.4.1/../../../../arm-none-eabi/lib/armv7e-m/softfp/libcr_c.a(alloc.o)
                0x1a0024bc                free
 .text._Csys_alloc
                0x1a0024ec       0x20 /usr/local/lpcxpresso_8.2.2_650/lpcxpresso/tools/bin/../lib/gcc/arm-none-eabi/5.4.1/../../../../arm-none-eabi/lib/armv7e-m/softfp/libcr_c.a(alloc.o)
                0x1a0024ec                _Csys_alloc
 .text.fclose   0x1a00250c       0x6c /usr/local/lpcxpresso_8.2.2_650/lpcxpresso/tools/bin/../lib/gcc/arm-none-eabi/5.4.1/../../../../arm-none-eabi/lib/armv7e-m/softfp/libcr_c.a(fclose.o)
                0x1a00250c                fclose
 .text.fflush   0x1a002578       0x30 /usr/local/lpcxpresso_8.2.2_650/lpcxpresso/tools/bin/../lib/gcc/arm-none-eabi/5.4.1/../../../../arm-none-eabi/lib/armv7e-m/softfp/libcr_c.a(fflush.o)
                0x1a002578                fflush
 .text.fseek    0x1a0025a8      0x110 /usr/local/lpcxpresso_8.2.2_650/lpcxpresso/tools/bin/../lib/gcc/arm-none-eabi/5.4.1/../../../../arm-none-eabi/lib/armv7e-m/softfp/libcr_c.a(fseek.o)
                0x1a0025a8                fseek
 .text.ftell    0x1a0026b8       0x4c /usr/local/lpcxpresso_8.2.2_650/lpcxpresso/tools/bin/../lib/gcc/arm-none-eabi/5.4.1/../../../../arm-none-eabi/lib/armv7e-m/softfp/libcr_c.a(ftell.o)
                0x1a0026b8                ftell
 .text.remove   0x1a002704       0x14 /usr/local/lpcxpresso_8.2.2_650/lpcxpresso/tools/bin/../lib/gcc/arm-none-eabi/5.4.1/../../../../arm-none-eabi/lib/armv7e-m/softfp/libcr_c.a(remove.o)
                0x1a002704                remove
 .text.strlen   0x1a002718       0x4a /usr/local/lpcxpresso_8.2.2_650/lpcxpresso/tools/bin/../lib/gcc/arm-none-eabi/5.4.1/../../../../arm-none-eabi/lib/armv7e-m/softfp/libcr_c.a(strlen.o)
                0x1a002718                strlen
 *fill*         0x1a002762        0x2 ff
 .text._sbrk    0x1a002764       0x40 /usr/local/lpcxpresso_8.2.2_650/lpcxpresso/tools/bin/../lib/gcc/arm-none-eabi/5.4.1/../../../../arm-none-eabi/lib/armv7e-m/softfp/libcr_c.a(_cr_sbrk.o)
                0x1a002764                _sbrk
 .text._do_fflush
                0x1a0027a4       0x44 /usr/local/lpcxpresso_8.2.2_650/lpcxpresso/tools/bin/../lib/gcc/arm-none-eabi/5.4.1/../../../../arm-none-eabi/lib/armv7e-m/softfp/libcr_c.a(_do_fflush.o)
                0x1a0027a4                _do_fflush
 .text.__check_heap_overflow
                0x1a0027e8       0x18 /usr/local/lpcxpresso_8.2.2_650/lpcxpresso/tools/bin/../lib/gcc/arm-none-eabi/5.4.1/../../../../arm-none-eabi/lib/armv7e-m/softfp/libcr_c.a(_cr_check_heap.o)
                0x1a0027e8                __check_heap_overflow
 .text.__aeabi_division_uldivmod
                0x1a002800      0x174 /usr/local/lpcxpresso_8.2.2_650/lpcxpresso/tools/bin/../lib/gcc/arm-none-eabi/5.4.1/armv7e-m/softfp/libcr_eabihelpers.a(division_64.o)
                0x1a002800                __aeabi_uldivmod
                0x1a002804                __bhs_ldivmod1
 .text.__aeabi_division_idiv0
                0x1a002974        0x2 /usr/local/lpcxpresso_8.2.2_650/lpcxpresso/tools/bin/../lib/gcc/arm-none-eabi/5.4.1/armv7e-m/softfp/libcr_eabihelpers.a(division_idiv0.o)
                0x1a002974                __aeabi_idiv0
 .text.__aeabi_memset_lowlevel
                0x1a002976       0x32 /usr/local/lpcxpresso_8.2.2_650/lpcxpresso/tools/bin/../lib/gcc/arm-none-eabi/5.4.1/armv7e-m/softfp/libcr_eabihelpers.a(memcpy.o)
                0x1a002976                __aeabi_lowlevel_memset
 .text.__sys_appexit
                0x1a0029a8        0x2 /usr/local/lpcxpresso_8.2.2_650/lpcxpresso/tools/bin/../lib/gcc/arm-none-eabi/5.4.1/../../../../arm-none-eabi/lib/armv7e-m/softfp/libcr_nohost.a(__sys_appexit.o)
                0x1a0029a8                __exit
                0x1a0029a8                __sys_appexit
 .text.__sys_close
                0x1a0029aa        0x6 /usr/local/lpcxpresso_8.2.2_650/lpcxpresso/tools/bin/../lib/gcc/arm-none-eabi/5.4.1/../../../../arm-none-eabi/lib/armv7e-m/softfp/libcr_nohost.a(__sys_close.o)
                0x1a0029aa                __sys_close
 .text.__sys_flen
                0x1a0029b0        0x6 /usr/local/lpcxpresso_8.2.2_650/lpcxpresso/tools/bin/../lib/gcc/arm-none-eabi/5.4.1/../../../../arm-none-eabi/lib/armv7e-m/softfp/libcr_nohost.a(__sys_flen.o)
                0x1a0029b0                __sys_flen
 .text.__sys_istty
                0x1a0029b6        0x6 /usr/local/lpcxpresso_8.2.2_650/lpcxpresso/tools/bin/../lib/gcc/arm-none-eabi/5.4.1/../../../../arm-none-eabi/lib/armv7e-m/softfp/libcr_nohost.a(__sys_istty.o)
                0x1a0029b6                __sys_istty
 .text.__sys_remove
                0x1a0029bc        0x6 /usr/local/lpcxpresso_8.2.2_650/lpcxpresso/tools/bin/../lib/gcc/arm-none-eabi/5.4.1/../../../../arm-none-eabi/lib/armv7e-m/softfp/libcr_nohost.a(__sys_remove.o)
                0x1a0029bc                __sys_remove
 .text.__sys_seek
                0x1a0029c2        0x6 /usr/local/lpcxpresso_8.2.2_650/lpcxpresso/tools/bin/../lib/gcc/arm-none-eabi/5.4.1/../../../../arm-none-eabi/lib/armv7e-m/softfp/libcr_nohost.a(__sys_seek.o)
                0x1a0029c2                __sys_seek
 .text.__sys_tmpnam
                0x1a0029c8        0x6 /usr/local/lpcxpresso_8.2.2_650/lpcxpresso/tools/bin/../lib/gcc/arm-none-eabi/5.4.1/../../../../arm-none-eabi/lib/armv7e-m/softfp/libcr_nohost.a(__sys_tmpnam.o)
                0x1a0029c8                __sys_tmpnam
 *(.rodata .rodata.* .constdata .constdata.*)
 *fill*         0x1a0029ce        0x2 ff
 .rodata.ExtRateIn
                0x1a0029d0        0x4 /home/nicozorza/LPCXpresso/TP_Final/Prueba_cambiar_valor_eficaz/lpc_board_nxp_lpcxpresso_4337/Debug/liblpc_board_nxp_lpcxpresso_4337.a(board.o)
                0x1a0029d0                ExtRateIn
 .rodata.OscRateIn
                0x1a0029d4        0x4 /home/nicozorza/LPCXpresso/TP_Final/Prueba_cambiar_valor_eficaz/lpc_board_nxp_lpcxpresso_4337/Debug/liblpc_board_nxp_lpcxpresso_4337.a(board.o)
                0x1a0029d4                OscRateIn
 .rodata.gpioLEDBits
                0x1a0029d8        0xc /home/nicozorza/LPCXpresso/TP_Final/Prueba_cambiar_valor_eficaz/lpc_board_nxp_lpcxpresso_4337/Debug/liblpc_board_nxp_lpcxpresso_4337.a(board.o)
 .rodata.gpioButtonBits
                0x1a0029e4        0x8 /home/nicozorza/LPCXpresso/TP_Final/Prueba_cambiar_valor_eficaz/lpc_board_nxp_lpcxpresso_4337/Debug/liblpc_board_nxp_lpcxpresso_4337.a(board.o)
 .rodata.InitClkStates
                0x1a0029ec        0xc /home/nicozorza/LPCXpresso/TP_Final/Prueba_cambiar_valor_eficaz/lpc_board_nxp_lpcxpresso_4337/Debug/liblpc_board_nxp_lpcxpresso_4337.a(board_sysinit.o)
 .rodata.pinmuxing
                0x1a0029f8       0x2c /home/nicozorza/LPCXpresso/TP_Final/Prueba_cambiar_valor_eficaz/lpc_board_nxp_lpcxpresso_4337/Debug/liblpc_board_nxp_lpcxpresso_4337.a(board_sysinit.o)
 .rodata.periph_to_base
                0x1a002a24       0x6c /home/nicozorza/LPCXpresso/TP_Final/Prueba_cambiar_valor_eficaz/lpc_chip_43xx/Debug/liblpc_chip_43xx.a(clock_18xx_43xx.o)
 .rodata        0x1a002a90        0xa /home/nicozorza/LPCXpresso/TP_Final/Prueba_cambiar_valor_eficaz/lpc_chip_43xx/Debug/liblpc_chip_43xx.a(clock_18xx_43xx.o)
 *fill*         0x1a002a9a        0x2 ff
 .rodata.InitClkStates
                0x1a002a9c       0x48 /home/nicozorza/LPCXpresso/TP_Final/Prueba_cambiar_valor_eficaz/lpc_chip_43xx/Debug/liblpc_chip_43xx.a(sysinit_18xx_43xx.o)
 .rodata.UART_PClock
                0x1a002ae4        0x8 /home/nicozorza/LPCXpresso/TP_Final/Prueba_cambiar_valor_eficaz/lpc_chip_43xx/Debug/liblpc_chip_43xx.a(uart_18xx_43xx.o)
 .rodata.UART_BClock
                0x1a002aec        0x8 /home/nicozorza/LPCXpresso/TP_Final/Prueba_cambiar_valor_eficaz/lpc_chip_43xx/Debug/liblpc_chip_43xx.a(uart_18xx_43xx.o)
 .rodata.str1.1
                0x1a002af4        0x4 /usr/local/lpcxpresso_8.2.2_650/lpcxpresso/tools/bin/../lib/gcc/arm-none-eabi/5.4.1/../../../../arm-none-eabi/lib/armv7e-m/softfp/libcr_c.a(initio.o)
 .rodata.str1.1
                0x1a002af8       0x18 /usr/local/lpcxpresso_8.2.2_650/lpcxpresso/tools/bin/../lib/gcc/arm-none-eabi/5.4.1/../../../../arm-none-eabi/lib/armv7e-m/softfp/libcr_c.a(alloc.o)
                0x1a002b10                . = ALIGN (0x4)

.glue_7         0x1a002b10        0x0
 .glue_7        0x1a002b10        0x0 linker stubs

.glue_7t        0x1a002b10        0x0
 .glue_7t       0x1a002b10        0x0 linker stubs

.vfp11_veneer   0x1a002b10        0x0
 .vfp11_veneer  0x1a002b10        0x0 linker stubs

.v4_bx          0x1a002b10        0x0
 .v4_bx         0x1a002b10        0x0 linker stubs

.iplt           0x1a002b10        0x0
 .iplt          0x1a002b10        0x0 ./example/src/cr_startup_lpc43xx.o

.rel.dyn        0x1a002b10        0x0
 .rel.iplt      0x1a002b10        0x0 ./example/src/cr_startup_lpc43xx.o

.ARM.extab
 *(.ARM.extab* .gnu.linkonce.armextab.*)
                0x1a002b10                __exidx_start = .

.ARM.exidx
 *(.ARM.exidx* .gnu.linkonce.armexidx.*)
                0x1a002b10                __exidx_end = .
                0x1a002b10                _etext = .

.data_RAM2      0x10080000        0x0 load address 0x1a002b10
 FILL mask 0xff
                [!provide]                PROVIDE (__start_data_RAM2, .)
 *(.ramfunc.$RAM2)
 *(.ramfunc.$RamLoc40)
 *(.data.$RAM2*)
 *(.data.$RamLoc40*)
                0x10080000                . = ALIGN (0x4)
                [!provide]                PROVIDE (__end_data_RAM2, .)

.data_RAM3      0x20000000        0x0 load address 0x1a002b10
 FILL mask 0xff
                [!provide]                PROVIDE (__start_data_RAM3, .)
 *(.ramfunc.$RAM3)
 *(.ramfunc.$RamAHB32)
 *(.data.$RAM3*)
 *(.data.$RamAHB32*)
                0x20000000                . = ALIGN (0x4)
                [!provide]                PROVIDE (__end_data_RAM3, .)

.data_RAM4      0x20008000        0x0 load address 0x1a002b10
 FILL mask 0xff
                [!provide]                PROVIDE (__start_data_RAM4, .)
 *(.ramfunc.$RAM4)
 *(.ramfunc.$RamAHB16)
 *(.data.$RAM4*)
 *(.data.$RamAHB16*)
                0x20008000                . = ALIGN (0x4)
                [!provide]                PROVIDE (__end_data_RAM4, .)

.data_RAM5      0x2000c000        0x0 load address 0x1a002b10
 FILL mask 0xff
                [!provide]                PROVIDE (__start_data_RAM5, .)
 *(.ramfunc.$RAM5)
 *(.ramfunc.$RamAHB_ETB16)
 *(.data.$RAM5*)
 *(.data.$RamAHB_ETB16*)
                0x2000c000                . = ALIGN (0x4)
                [!provide]                PROVIDE (__end_data_RAM5, .)

.uninit_RESERVED
                0x10000000        0x0
 *(.bss.$RESERVED*)
                0x10000000                . = ALIGN (0x4)
                0x10000000                _end_uninit_RESERVED = .

.data           0x10000000        0x0 load address 0x1a002b10
 FILL mask 0xff
                0x10000000                _data = .
 *(vtable)
 *(.ramfunc*)
 *(.data*)
                0x10000000                . = ALIGN (0x4)
                0x10000000                _edata = .

.igot.plt       0x10000000        0x0 load address 0x1a002b10
 .igot.plt      0x10000000        0x0 ./example/src/cr_startup_lpc43xx.o

.bss_RAM2       0x10080000        0x0
                [!provide]                PROVIDE (__start_bss_RAM2, .)
 *(.bss.$RAM2*)
 *(.bss.$RamLoc40*)
                0x10080000                . = ALIGN ((. != 0x0)?0x4:0x1)
                [!provide]                PROVIDE (__end_bss_RAM2, .)

.bss_RAM3       0x20000000        0x0
                [!provide]                PROVIDE (__start_bss_RAM3, .)
 *(.bss.$RAM3*)
 *(.bss.$RamAHB32*)
                0x20000000                . = ALIGN ((. != 0x0)?0x4:0x1)
                [!provide]                PROVIDE (__end_bss_RAM3, .)

.bss_RAM4       0x20008000        0x0
                [!provide]                PROVIDE (__start_bss_RAM4, .)
 *(.bss.$RAM4*)
 *(.bss.$RamAHB16*)
                0x20008000                . = ALIGN ((. != 0x0)?0x4:0x1)
                [!provide]                PROVIDE (__end_bss_RAM4, .)

.bss_RAM5       0x2000c000        0x0
                [!provide]                PROVIDE (__start_bss_RAM5, .)
 *(.bss.$RAM5*)
 *(.bss.$RamAHB_ETB16*)
                0x2000c000                . = ALIGN ((. != 0x0)?0x4:0x1)
                [!provide]                PROVIDE (__end_bss_RAM5, .)

.bss            0x10000000      0x16c
                0x10000000                _bss = .
 *(.bss*)
 .bss.systick_flag
                0x10000000        0x1 ./example/src/timers.o
                0x10000000                systick_flag
 .bss.timer_flag
                0x10000001        0x1 ./example/src/timers.o
                0x10000001                timer_flag
 .bss.adc_data  0x10000002        0x2 ./example/src/timers.o
                0x10000002                adc_data
 .bss.tick_ct   0x10000004        0x4 ./example/src/timers.o
 .bss.audio_usb_pll_freq
                0x10000008        0x8 /home/nicozorza/LPCXpresso/TP_Final/Prueba_cambiar_valor_eficaz/lpc_chip_43xx/Debug/liblpc_chip_43xx.a(clock_18xx_43xx.o)
 .bss._extra    0x10000010        0x4 /usr/local/lpcxpresso_8.2.2_650/lpcxpresso/tools/bin/../lib/gcc/arm-none-eabi/5.4.1/../../../../arm-none-eabi/lib/armv7e-m/softfp/libcr_c.a(initio.o)
                0x10000010                _extra
 .bss.__Ciob    0x10000014      0x140 /usr/local/lpcxpresso_8.2.2_650/lpcxpresso/tools/bin/../lib/gcc/arm-none-eabi/5.4.1/../../../../arm-none-eabi/lib/armv7e-m/softfp/libcr_c.a(stdio.o)
                0x10000014                __Ciob
 .bss.__heaps   0x10000154        0x4 /usr/local/lpcxpresso_8.2.2_650/lpcxpresso/tools/bin/../lib/gcc/arm-none-eabi/5.4.1/../../../../arm-none-eabi/lib/armv7e-m/softfp/libcr_c.a(__init_alloc.o)
                0x10000154                __heaps
 .bss.__end_of_heap
                0x10000158        0x4 /usr/local/lpcxpresso_8.2.2_650/lpcxpresso/tools/bin/../lib/gcc/arm-none-eabi/5.4.1/../../../../arm-none-eabi/lib/armv7e-m/softfp/libcr_c.a(__init_alloc.o)
                0x10000158                __end_of_heap
 .bss.errno     0x1000015c        0x4 /usr/local/lpcxpresso_8.2.2_650/lpcxpresso/tools/bin/../lib/gcc/arm-none-eabi/5.4.1/../../../../arm-none-eabi/lib/armv7e-m/softfp/libcr_c.a(errno.o)
                0x1000015c                errno
 *(COMMON)
 COMMON         0x10000160        0x8 ./example/src/timers.o
                0x10000160                ADCSetup
 COMMON         0x10000168        0x4 /home/nicozorza/LPCXpresso/TP_Final/Prueba_cambiar_valor_eficaz/lpc_chip_43xx/Debug/liblpc_chip_43xx.a(chip_18xx_43xx.o)
                0x10000168                SystemCoreClock
                0x1000016c                . = ALIGN (0x4)
                0x1000016c                _ebss = .
                [!provide]                PROVIDE (end, .)

.noinit_RAM2    0x10080000        0x0
 *(.noinit.$RAM2*)
 *(.noinit.$RamLoc40*)
                0x10080000                . = ALIGN (0x4)

.noinit_RAM3    0x20000000        0x0
 *(.noinit.$RAM3*)
 *(.noinit.$RamAHB32*)
                0x20000000                . = ALIGN (0x4)

.noinit_RAM4    0x20008000        0x0
 *(.noinit.$RAM4*)
 *(.noinit.$RamAHB16*)
                0x20008000                . = ALIGN (0x4)

.noinit_RAM5    0x2000c000        0x0
 *(.noinit.$RAM5*)
 *(.noinit.$RamAHB_ETB16*)
                0x2000c000                . = ALIGN (0x4)

.noinit         0x1000016c        0x0
                0x1000016c                _noinit = .
 *(.noinit*)
                0x1000016c                . = ALIGN (0x4)
                0x1000016c                _end_noinit = .
                0x1000016c                PROVIDE (_pvHeapStart, DEFINED (__user_heap_base)?__user_heap_base:.)
                0x10008000                PROVIDE (_vStackTop, DEFINED (__user_stack_top)?__user_stack_top:(__top_RamLoc32 - 0x0))
                [!provide]                PROVIDE (__valid_user_code_checksum, (0x0 - ((((((_vStackTop + (ResetISR + 0x1)) + (NMI_Handler + 0x1)) + (HardFault_Handler + 0x1)) + (DEFINED (MemManage_Handler)?MemManage_Handler:0x0 + 0x1)) + (DEFINED (BusFault_Handler)?BusFault_Handler:0x0 + 0x1)) + (DEFINED (UsageFault_Handler)?UsageFault_Handler:0x0 + 0x1))))
OUTPUT(periph_timers.axf elf32-littlearm)

.debug_info     0x00000000     0x8b9a
 .debug_info    0x00000000      0x297 ./example/src/cr_startup_lpc43xx.o
 .debug_info    0x00000297       0xea ./example/src/sysinit.o
 .debug_info    0x00000381     0x15d6 ./example/src/timers.o
 .debug_info    0x00001957     0x1a09 /home/nicozorza/LPCXpresso/TP_Final/Prueba_cambiar_valor_eficaz/lpc_board_nxp_lpcxpresso_4337/Debug/liblpc_board_nxp_lpcxpresso_4337.a(board.o)
 .debug_info    0x00003360      0xb56 /home/nicozorza/LPCXpresso/TP_Final/Prueba_cambiar_valor_eficaz/lpc_board_nxp_lpcxpresso_4337/Debug/liblpc_board_nxp_lpcxpresso_4337.a(board_sysinit.o)
 .debug_info    0x00003eb6      0x952 /home/nicozorza/LPCXpresso/TP_Final/Prueba_cambiar_valor_eficaz/lpc_chip_43xx/Debug/liblpc_chip_43xx.a(adc_18xx_43xx.o)
 .debug_info    0x00004808      0xa31 /home/nicozorza/LPCXpresso/TP_Final/Prueba_cambiar_valor_eficaz/lpc_chip_43xx/Debug/liblpc_chip_43xx.a(chip_18xx_43xx.o)
 .debug_info    0x00005239     0x1590 /home/nicozorza/LPCXpresso/TP_Final/Prueba_cambiar_valor_eficaz/lpc_chip_43xx/Debug/liblpc_chip_43xx.a(clock_18xx_43xx.o)
 .debug_info    0x000067c9      0x128 /home/nicozorza/LPCXpresso/TP_Final/Prueba_cambiar_valor_eficaz/lpc_chip_43xx/Debug/liblpc_chip_43xx.a(fpu_init.o)
 .debug_info    0x000068f1      0x435 /home/nicozorza/LPCXpresso/TP_Final/Prueba_cambiar_valor_eficaz/lpc_chip_43xx/Debug/liblpc_chip_43xx.a(gpio_18xx_43xx.o)
 .debug_info    0x00006d26      0x8fd /home/nicozorza/LPCXpresso/TP_Final/Prueba_cambiar_valor_eficaz/lpc_chip_43xx/Debug/liblpc_chip_43xx.a(sysinit_18xx_43xx.o)
 .debug_info    0x00007623      0x4ca /home/nicozorza/LPCXpresso/TP_Final/Prueba_cambiar_valor_eficaz/lpc_chip_43xx/Debug/liblpc_chip_43xx.a(timer_18xx_43xx.o)
 .debug_info    0x00007aed     0x10ad /home/nicozorza/LPCXpresso/TP_Final/Prueba_cambiar_valor_eficaz/lpc_chip_43xx/Debug/liblpc_chip_43xx.a(uart_18xx_43xx.o)

.debug_abbrev   0x00000000     0x160c
 .debug_abbrev  0x00000000       0xed ./example/src/cr_startup_lpc43xx.o
 .debug_abbrev  0x000000ed       0x9c ./example/src/sysinit.o
 .debug_abbrev  0x00000189      0x2ae ./example/src/timers.o
 .debug_abbrev  0x00000437      0x31e /home/nicozorza/LPCXpresso/TP_Final/Prueba_cambiar_valor_eficaz/lpc_board_nxp_lpcxpresso_4337/Debug/liblpc_board_nxp_lpcxpresso_4337.a(board.o)
 .debug_abbrev  0x00000755      0x19a /home/nicozorza/LPCXpresso/TP_Final/Prueba_cambiar_valor_eficaz/lpc_board_nxp_lpcxpresso_4337/Debug/liblpc_board_nxp_lpcxpresso_4337.a(board_sysinit.o)
 .debug_abbrev  0x000008ef      0x1bf /home/nicozorza/LPCXpresso/TP_Final/Prueba_cambiar_valor_eficaz/lpc_chip_43xx/Debug/liblpc_chip_43xx.a(adc_18xx_43xx.o)
 .debug_abbrev  0x00000aae      0x155 /home/nicozorza/LPCXpresso/TP_Final/Prueba_cambiar_valor_eficaz/lpc_chip_43xx/Debug/liblpc_chip_43xx.a(chip_18xx_43xx.o)
 .debug_abbrev  0x00000c03      0x2cb /home/nicozorza/LPCXpresso/TP_Final/Prueba_cambiar_valor_eficaz/lpc_chip_43xx/Debug/liblpc_chip_43xx.a(clock_18xx_43xx.o)
 .debug_abbrev  0x00000ece       0x84 /home/nicozorza/LPCXpresso/TP_Final/Prueba_cambiar_valor_eficaz/lpc_chip_43xx/Debug/liblpc_chip_43xx.a(fpu_init.o)
 .debug_abbrev  0x00000f52      0x111 /home/nicozorza/LPCXpresso/TP_Final/Prueba_cambiar_valor_eficaz/lpc_chip_43xx/Debug/liblpc_chip_43xx.a(gpio_18xx_43xx.o)
 .debug_abbrev  0x00001063      0x18e /home/nicozorza/LPCXpresso/TP_Final/Prueba_cambiar_valor_eficaz/lpc_chip_43xx/Debug/liblpc_chip_43xx.a(sysinit_18xx_43xx.o)
 .debug_abbrev  0x000011f1      0x15b /home/nicozorza/LPCXpresso/TP_Final/Prueba_cambiar_valor_eficaz/lpc_chip_43xx/Debug/liblpc_chip_43xx.a(timer_18xx_43xx.o)
 .debug_abbrev  0x0000134c      0x2c0 /home/nicozorza/LPCXpresso/TP_Final/Prueba_cambiar_valor_eficaz/lpc_chip_43xx/Debug/liblpc_chip_43xx.a(uart_18xx_43xx.o)

.debug_aranges  0x00000000      0x798
 .debug_aranges
                0x00000000       0x80 ./example/src/cr_startup_lpc43xx.o
 .debug_aranges
                0x00000080       0x20 ./example/src/sysinit.o
 .debug_aranges
                0x000000a0      0x100 ./example/src/timers.o
 .debug_aranges
                0x000001a0      0x170 /home/nicozorza/LPCXpresso/TP_Final/Prueba_cambiar_valor_eficaz/lpc_board_nxp_lpcxpresso_4337/Debug/liblpc_board_nxp_lpcxpresso_4337.a(board.o)
 .debug_aranges
                0x00000310       0x48 /home/nicozorza/LPCXpresso/TP_Final/Prueba_cambiar_valor_eficaz/lpc_board_nxp_lpcxpresso_4337/Debug/liblpc_board_nxp_lpcxpresso_4337.a(board_sysinit.o)
 .debug_aranges
                0x00000358       0x98 /home/nicozorza/LPCXpresso/TP_Final/Prueba_cambiar_valor_eficaz/lpc_chip_43xx/Debug/liblpc_chip_43xx.a(adc_18xx_43xx.o)
 .debug_aranges
                0x000003f0       0x40 /home/nicozorza/LPCXpresso/TP_Final/Prueba_cambiar_valor_eficaz/lpc_chip_43xx/Debug/liblpc_chip_43xx.a(chip_18xx_43xx.o)
 .debug_aranges
                0x00000430      0x138 /home/nicozorza/LPCXpresso/TP_Final/Prueba_cambiar_valor_eficaz/lpc_chip_43xx/Debug/liblpc_chip_43xx.a(clock_18xx_43xx.o)
 .debug_aranges
                0x00000568       0x20 /home/nicozorza/LPCXpresso/TP_Final/Prueba_cambiar_valor_eficaz/lpc_chip_43xx/Debug/liblpc_chip_43xx.a(fpu_init.o)
 .debug_aranges
                0x00000588       0x68 /home/nicozorza/LPCXpresso/TP_Final/Prueba_cambiar_valor_eficaz/lpc_chip_43xx/Debug/liblpc_chip_43xx.a(gpio_18xx_43xx.o)
 .debug_aranges
                0x000005f0       0x50 /home/nicozorza/LPCXpresso/TP_Final/Prueba_cambiar_valor_eficaz/lpc_chip_43xx/Debug/liblpc_chip_43xx.a(sysinit_18xx_43xx.o)
 .debug_aranges
                0x00000640       0x40 /home/nicozorza/LPCXpresso/TP_Final/Prueba_cambiar_valor_eficaz/lpc_chip_43xx/Debug/liblpc_chip_43xx.a(timer_18xx_43xx.o)
 .debug_aranges
                0x00000680      0x118 /home/nicozorza/LPCXpresso/TP_Final/Prueba_cambiar_valor_eficaz/lpc_chip_43xx/Debug/liblpc_chip_43xx.a(uart_18xx_43xx.o)

.debug_ranges   0x00000000      0x6f8
 .debug_ranges  0x00000000       0x70 ./example/src/cr_startup_lpc43xx.o
 .debug_ranges  0x00000070       0x10 ./example/src/sysinit.o
 .debug_ranges  0x00000080       0xf0 ./example/src/timers.o
 .debug_ranges  0x00000170      0x160 /home/nicozorza/LPCXpresso/TP_Final/Prueba_cambiar_valor_eficaz/lpc_board_nxp_lpcxpresso_4337/Debug/liblpc_board_nxp_lpcxpresso_4337.a(board.o)
 .debug_ranges  0x000002d0       0x38 /home/nicozorza/LPCXpresso/TP_Final/Prueba_cambiar_valor_eficaz/lpc_board_nxp_lpcxpresso_4337/Debug/liblpc_board_nxp_lpcxpresso_4337.a(board_sysinit.o)
 .debug_ranges  0x00000308       0x88 /home/nicozorza/LPCXpresso/TP_Final/Prueba_cambiar_valor_eficaz/lpc_chip_43xx/Debug/liblpc_chip_43xx.a(adc_18xx_43xx.o)
 .debug_ranges  0x00000390       0x30 /home/nicozorza/LPCXpresso/TP_Final/Prueba_cambiar_valor_eficaz/lpc_chip_43xx/Debug/liblpc_chip_43xx.a(chip_18xx_43xx.o)
 .debug_ranges  0x000003c0      0x140 /home/nicozorza/LPCXpresso/TP_Final/Prueba_cambiar_valor_eficaz/lpc_chip_43xx/Debug/liblpc_chip_43xx.a(clock_18xx_43xx.o)
 .debug_ranges  0x00000500       0x10 /home/nicozorza/LPCXpresso/TP_Final/Prueba_cambiar_valor_eficaz/lpc_chip_43xx/Debug/liblpc_chip_43xx.a(fpu_init.o)
 .debug_ranges  0x00000510       0x58 /home/nicozorza/LPCXpresso/TP_Final/Prueba_cambiar_valor_eficaz/lpc_chip_43xx/Debug/liblpc_chip_43xx.a(gpio_18xx_43xx.o)
 .debug_ranges  0x00000568       0x40 /home/nicozorza/LPCXpresso/TP_Final/Prueba_cambiar_valor_eficaz/lpc_chip_43xx/Debug/liblpc_chip_43xx.a(sysinit_18xx_43xx.o)
 .debug_ranges  0x000005a8       0x30 /home/nicozorza/LPCXpresso/TP_Final/Prueba_cambiar_valor_eficaz/lpc_chip_43xx/Debug/liblpc_chip_43xx.a(timer_18xx_43xx.o)
 .debug_ranges  0x000005d8      0x120 /home/nicozorza/LPCXpresso/TP_Final/Prueba_cambiar_valor_eficaz/lpc_chip_43xx/Debug/liblpc_chip_43xx.a(uart_18xx_43xx.o)

.debug_macro    0x00000000     0x74e2
 .debug_macro   0x00000000       0x1d ./example/src/cr_startup_lpc43xx.o
 .debug_macro   0x0000001d      0x8a4 ./example/src/cr_startup_lpc43xx.o
 .debug_macro   0x000008c1      0x310 ./example/src/sysinit.o
 .debug_macro   0x00000bd1       0x10 ./example/src/sysinit.o
 .debug_macro   0x00000be1       0x10 ./example/src/sysinit.o
 .debug_macro   0x00000bf1      0x12d ./example/src/sysinit.o
 .debug_macro   0x00000d1e      0x5b2 ./example/src/sysinit.o
 .debug_macro   0x000012d0       0x22 ./example/src/sysinit.o
 .debug_macro   0x000012f2       0x7b ./example/src/sysinit.o
 .debug_macro   0x0000136d       0x28 ./example/src/sysinit.o
 .debug_macro   0x00001395       0x3b ./example/src/sysinit.o
 .debug_macro   0x000013d0       0x2d ./example/src/sysinit.o
 .debug_macro   0x000013fd       0x42 ./example/src/sysinit.o
 .debug_macro   0x0000143f      0xd39 ./example/src/sysinit.o
 .debug_macro   0x00002178      0x2bc ./example/src/sysinit.o
 .debug_macro   0x00002434      0x112 ./example/src/sysinit.o
 .debug_macro   0x00002546       0x11 ./example/src/sysinit.o
 .debug_macro   0x00002557       0x2a ./example/src/sysinit.o
 .debug_macro   0x00002581       0x16 ./example/src/sysinit.o
 .debug_macro   0x00002597      0x2e6 ./example/src/sysinit.o
 .debug_macro   0x0000287d       0x82 ./example/src/sysinit.o
 .debug_macro   0x000028ff      0x13d ./example/src/sysinit.o
 .debug_macro   0x00002a3c      0x198 ./example/src/sysinit.o
 .debug_macro   0x00002bd4       0x34 ./example/src/sysinit.o
 .debug_macro   0x00002c08       0x58 ./example/src/sysinit.o
 .debug_macro   0x00002c60      0x236 ./example/src/sysinit.o
 .debug_macro   0x00002e96      0x572 ./example/src/sysinit.o
 .debug_macro   0x00003408       0x16 ./example/src/sysinit.o
 .debug_macro   0x0000341e      0x18a ./example/src/sysinit.o
 .debug_macro   0x000035a8       0x88 ./example/src/sysinit.o
 .debug_macro   0x00003630      0x1b9 ./example/src/sysinit.o
 .debug_macro   0x000037e9      0x1da ./example/src/sysinit.o
 .debug_macro   0x000039c3       0x40 ./example/src/sysinit.o
 .debug_macro   0x00003a03       0x1c ./example/src/sysinit.o
 .debug_macro   0x00003a1f       0x2e ./example/src/sysinit.o
 .debug_macro   0x00003a4d       0x2e ./example/src/sysinit.o
 .debug_macro   0x00003a7b       0x22 ./example/src/sysinit.o
 .debug_macro   0x00003a9d      0x201 ./example/src/sysinit.o
 .debug_macro   0x00003c9e       0xe0 ./example/src/sysinit.o
 .debug_macro   0x00003d7e      0x34c ./example/src/sysinit.o
 .debug_macro   0x000040ca       0xdc ./example/src/sysinit.o
 .debug_macro   0x000041a6       0xc4 ./example/src/sysinit.o
 .debug_macro   0x0000426a       0x94 ./example/src/sysinit.o
 .debug_macro   0x000042fe       0xb8 ./example/src/sysinit.o
 .debug_macro   0x000043b6       0x4c ./example/src/sysinit.o
 .debug_macro   0x00004402       0x16 ./example/src/sysinit.o
 .debug_macro   0x00004418      0x328 ./example/src/sysinit.o
 .debug_macro   0x00004740       0x3a ./example/src/sysinit.o
 .debug_macro   0x0000477a       0xd0 ./example/src/sysinit.o
 .debug_macro   0x0000484a       0x18 ./example/src/sysinit.o
 .debug_macro   0x00004862       0x22 ./example/src/sysinit.o
 .debug_macro   0x00004884       0x40 ./example/src/sysinit.o
 .debug_macro   0x000048c4      0x121 ./example/src/sysinit.o
 .debug_macro   0x000049e5       0x9a ./example/src/sysinit.o
 .debug_macro   0x00004a7f       0x20 ./example/src/sysinit.o
 .debug_macro   0x00004a9f      0x358 ./example/src/timers.o
 .debug_macro   0x00004df7      0x336 /home/nicozorza/LPCXpresso/TP_Final/Prueba_cambiar_valor_eficaz/lpc_board_nxp_lpcxpresso_4337/Debug/liblpc_board_nxp_lpcxpresso_4337.a(board.o)
 .debug_macro   0x0000512d      0x89e /home/nicozorza/LPCXpresso/TP_Final/Prueba_cambiar_valor_eficaz/lpc_board_nxp_lpcxpresso_4337/Debug/liblpc_board_nxp_lpcxpresso_4337.a(board.o)
 .debug_macro   0x000059cb       0x12 /home/nicozorza/LPCXpresso/TP_Final/Prueba_cambiar_valor_eficaz/lpc_board_nxp_lpcxpresso_4337/Debug/liblpc_board_nxp_lpcxpresso_4337.a(board.o)
 .debug_macro   0x000059dd      0x339 /home/nicozorza/LPCXpresso/TP_Final/Prueba_cambiar_valor_eficaz/lpc_board_nxp_lpcxpresso_4337/Debug/liblpc_board_nxp_lpcxpresso_4337.a(board.o)
 .debug_macro   0x00005d16      0x310 /home/nicozorza/LPCXpresso/TP_Final/Prueba_cambiar_valor_eficaz/lpc_board_nxp_lpcxpresso_4337/Debug/liblpc_board_nxp_lpcxpresso_4337.a(board_sysinit.o)
 .debug_macro   0x00006026      0x2da /home/nicozorza/LPCXpresso/TP_Final/Prueba_cambiar_valor_eficaz/lpc_chip_43xx/Debug/liblpc_chip_43xx.a(adc_18xx_43xx.o)
 .debug_macro   0x00006300      0x2da /home/nicozorza/LPCXpresso/TP_Final/Prueba_cambiar_valor_eficaz/lpc_chip_43xx/Debug/liblpc_chip_43xx.a(chip_18xx_43xx.o)
 .debug_macro   0x000065da      0x2e0 /home/nicozorza/LPCXpresso/TP_Final/Prueba_cambiar_valor_eficaz/lpc_chip_43xx/Debug/liblpc_chip_43xx.a(clock_18xx_43xx.o)
 .debug_macro   0x000068ba       0xc0 /home/nicozorza/LPCXpresso/TP_Final/Prueba_cambiar_valor_eficaz/lpc_chip_43xx/Debug/liblpc_chip_43xx.a(fpu_init.o)
 .debug_macro   0x0000697a      0x2da /home/nicozorza/LPCXpresso/TP_Final/Prueba_cambiar_valor_eficaz/lpc_chip_43xx/Debug/liblpc_chip_43xx.a(gpio_18xx_43xx.o)
 .debug_macro   0x00006c54      0x2da /home/nicozorza/LPCXpresso/TP_Final/Prueba_cambiar_valor_eficaz/lpc_chip_43xx/Debug/liblpc_chip_43xx.a(sysinit_18xx_43xx.o)
 .debug_macro   0x00006f2e      0x2da /home/nicozorza/LPCXpresso/TP_Final/Prueba_cambiar_valor_eficaz/lpc_chip_43xx/Debug/liblpc_chip_43xx.a(timer_18xx_43xx.o)
 .debug_macro   0x00007208      0x2da /home/nicozorza/LPCXpresso/TP_Final/Prueba_cambiar_valor_eficaz/lpc_chip_43xx/Debug/liblpc_chip_43xx.a(uart_18xx_43xx.o)

.debug_line     0x00000000     0x593c
 .debug_line    0x00000000      0x102 ./example/src/cr_startup_lpc43xx.o
 .debug_line    0x00000102      0x684 ./example/src/sysinit.o
 .debug_line    0x00000786      0x908 ./example/src/timers.o
 .debug_line    0x0000108e      0xa80 /home/nicozorza/LPCXpresso/TP_Final/Prueba_cambiar_valor_eficaz/lpc_board_nxp_lpcxpresso_4337/Debug/liblpc_board_nxp_lpcxpresso_4337.a(board.o)
 .debug_line    0x00001b0e      0x70b /home/nicozorza/LPCXpresso/TP_Final/Prueba_cambiar_valor_eficaz/lpc_board_nxp_lpcxpresso_4337/Debug/liblpc_board_nxp_lpcxpresso_4337.a(board_sysinit.o)
 .debug_line    0x00002219      0x747 /home/nicozorza/LPCXpresso/TP_Final/Prueba_cambiar_valor_eficaz/lpc_chip_43xx/Debug/liblpc_chip_43xx.a(adc_18xx_43xx.o)
 .debug_line    0x00002960      0x660 /home/nicozorza/LPCXpresso/TP_Final/Prueba_cambiar_valor_eficaz/lpc_chip_43xx/Debug/liblpc_chip_43xx.a(chip_18xx_43xx.o)
 .debug_line    0x00002fc0      0xa5d /home/nicozorza/LPCXpresso/TP_Final/Prueba_cambiar_valor_eficaz/lpc_chip_43xx/Debug/liblpc_chip_43xx.a(clock_18xx_43xx.o)
 .debug_line    0x00003a1d      0x20c /home/nicozorza/LPCXpresso/TP_Final/Prueba_cambiar_valor_eficaz/lpc_chip_43xx/Debug/liblpc_chip_43xx.a(fpu_init.o)
 .debug_line    0x00003c29      0x6b1 /home/nicozorza/LPCXpresso/TP_Final/Prueba_cambiar_valor_eficaz/lpc_chip_43xx/Debug/liblpc_chip_43xx.a(gpio_18xx_43xx.o)
 .debug_line    0x000042da      0x6ce /home/nicozorza/LPCXpresso/TP_Final/Prueba_cambiar_valor_eficaz/lpc_chip_43xx/Debug/liblpc_chip_43xx.a(sysinit_18xx_43xx.o)
 .debug_line    0x000049a8      0x657 /home/nicozorza/LPCXpresso/TP_Final/Prueba_cambiar_valor_eficaz/lpc_chip_43xx/Debug/liblpc_chip_43xx.a(timer_18xx_43xx.o)
 .debug_line    0x00004fff      0x93d /home/nicozorza/LPCXpresso/TP_Final/Prueba_cambiar_valor_eficaz/lpc_chip_43xx/Debug/liblpc_chip_43xx.a(uart_18xx_43xx.o)

.debug_str      0x00000000    0x197b6
 .debug_str     0x00000000     0x2754 ./example/src/cr_startup_lpc43xx.o
                               0x276c (size before relaxing)
 .debug_str     0x00002754    0x1310a ./example/src/sysinit.o
                              0x1578c (size before relaxing)
 .debug_str     0x0001585e     0x1480 ./example/src/timers.o
                              0x16c6b (size before relaxing)
 .debug_str     0x00016cde     0x1977 /home/nicozorza/LPCXpresso/TP_Final/Prueba_cambiar_valor_eficaz/lpc_board_nxp_lpcxpresso_4337/Debug/liblpc_board_nxp_lpcxpresso_4337.a(board.o)
                              0x17c2c (size before relaxing)
 .debug_str     0x00018655      0x125 /home/nicozorza/LPCXpresso/TP_Final/Prueba_cambiar_valor_eficaz/lpc_board_nxp_lpcxpresso_4337/Debug/liblpc_board_nxp_lpcxpresso_4337.a(board_sysinit.o)
                              0x1652e (size before relaxing)
 .debug_str     0x0001877a      0x31a /home/nicozorza/LPCXpresso/TP_Final/Prueba_cambiar_valor_eficaz/lpc_chip_43xx/Debug/liblpc_chip_43xx.a(adc_18xx_43xx.o)
                              0x158e8 (size before relaxing)
 .debug_str     0x00018a94       0xa1 /home/nicozorza/LPCXpresso/TP_Final/Prueba_cambiar_valor_eficaz/lpc_chip_43xx/Debug/liblpc_chip_43xx.a(chip_18xx_43xx.o)
                              0x15dd0 (size before relaxing)
 .debug_str     0x00018b35      0x5d8 /home/nicozorza/LPCXpresso/TP_Final/Prueba_cambiar_valor_eficaz/lpc_chip_43xx/Debug/liblpc_chip_43xx.a(clock_18xx_43xx.o)
                              0x16353 (size before relaxing)
 .debug_str     0x0001910d       0xb5 /home/nicozorza/LPCXpresso/TP_Final/Prueba_cambiar_valor_eficaz/lpc_chip_43xx/Debug/liblpc_chip_43xx.a(fpu_init.o)
                               0x9969 (size before relaxing)
 .debug_str     0x000191c2       0xe4 /home/nicozorza/LPCXpresso/TP_Final/Prueba_cambiar_valor_eficaz/lpc_chip_43xx/Debug/liblpc_chip_43xx.a(gpio_18xx_43xx.o)
                              0x151d2 (size before relaxing)
 .debug_str     0x000192a6       0xb4 /home/nicozorza/LPCXpresso/TP_Final/Prueba_cambiar_valor_eficaz/lpc_chip_43xx/Debug/liblpc_chip_43xx.a(sysinit_18xx_43xx.o)
                              0x15d9f (size before relaxing)
 .debug_str     0x0001935a      0x131 /home/nicozorza/LPCXpresso/TP_Final/Prueba_cambiar_valor_eficaz/lpc_chip_43xx/Debug/liblpc_chip_43xx.a(timer_18xx_43xx.o)
                              0x155cc (size before relaxing)
 .debug_str     0x0001948b      0x32b /home/nicozorza/LPCXpresso/TP_Final/Prueba_cambiar_valor_eficaz/lpc_chip_43xx/Debug/liblpc_chip_43xx.a(uart_18xx_43xx.o)
                              0x15f03 (size before relaxing)

.comment        0x00000000       0xdc
 .comment       0x00000000       0x6e ./example/src/cr_startup_lpc43xx.o
                                 0x6f (size before relaxing)
 .comment       0x0000006e       0x6f ./example/src/sysinit.o
 .comment       0x0000006e       0x6f ./example/src/timers.o
 .comment       0x0000006e       0x6f /home/nicozorza/LPCXpresso/TP_Final/Prueba_cambiar_valor_eficaz/lpc_board_nxp_lpcxpresso_4337/Debug/liblpc_board_nxp_lpcxpresso_4337.a(board.o)
 .comment       0x0000006e       0x6f /home/nicozorza/LPCXpresso/TP_Final/Prueba_cambiar_valor_eficaz/lpc_board_nxp_lpcxpresso_4337/Debug/liblpc_board_nxp_lpcxpresso_4337.a(board_sysinit.o)
 .comment       0x0000006e       0x6f /home/nicozorza/LPCXpresso/TP_Final/Prueba_cambiar_valor_eficaz/lpc_chip_43xx/Debug/liblpc_chip_43xx.a(adc_18xx_43xx.o)
 .comment       0x0000006e       0x6f /home/nicozorza/LPCXpresso/TP_Final/Prueba_cambiar_valor_eficaz/lpc_chip_43xx/Debug/liblpc_chip_43xx.a(chip_18xx_43xx.o)
 .comment       0x0000006e       0x6f /home/nicozorza/LPCXpresso/TP_Final/Prueba_cambiar_valor_eficaz/lpc_chip_43xx/Debug/liblpc_chip_43xx.a(clock_18xx_43xx.o)
 .comment       0x0000006e       0x6f /home/nicozorza/LPCXpresso/TP_Final/Prueba_cambiar_valor_eficaz/lpc_chip_43xx/Debug/liblpc_chip_43xx.a(fpu_init.o)
 .comment       0x0000006e       0x6f /home/nicozorza/LPCXpresso/TP_Final/Prueba_cambiar_valor_eficaz/lpc_chip_43xx/Debug/liblpc_chip_43xx.a(gpio_18xx_43xx.o)
 .comment       0x0000006e       0x6f /home/nicozorza/LPCXpresso/TP_Final/Prueba_cambiar_valor_eficaz/lpc_chip_43xx/Debug/liblpc_chip_43xx.a(sysinit_18xx_43xx.o)
 .comment       0x0000006e       0x6f /home/nicozorza/LPCXpresso/TP_Final/Prueba_cambiar_valor_eficaz/lpc_chip_43xx/Debug/liblpc_chip_43xx.a(timer_18xx_43xx.o)
 .comment       0x0000006e       0x6f /home/nicozorza/LPCXpresso/TP_Final/Prueba_cambiar_valor_eficaz/lpc_chip_43xx/Debug/liblpc_chip_43xx.a(uart_18xx_43xx.o)
 .comment       0x0000006e       0x6e /usr/local/lpcxpresso_8.2.2_650/lpcxpresso/tools/bin/../lib/gcc/arm-none-eabi/5.4.1/../../../../arm-none-eabi/lib/armv7e-m/softfp/libcr_nohost.a(_cr__main.o)
                                 0x6f (size before relaxing)
 .comment       0x000000dc       0x6f /usr/local/lpcxpresso_8.2.2_650/lpcxpresso/tools/bin/../lib/gcc/arm-none-eabi/5.4.1/../../../../arm-none-eabi/lib/armv7e-m/softfp/libcr_c.a(memset.o)
 .comment       0x000000dc       0x6f /usr/local/lpcxpresso_8.2.2_650/lpcxpresso/tools/bin/../lib/gcc/arm-none-eabi/5.4.1/../../../../arm-none-eabi/lib/armv7e-m/softfp/libcr_c.a(initio.o)
 .comment       0x000000dc       0x6f /usr/local/lpcxpresso_8.2.2_650/lpcxpresso/tools/bin/../lib/gcc/arm-none-eabi/5.4.1/../../../../arm-none-eabi/lib/armv7e-m/softfp/libcr_c.a(setvbuf.o)
 .comment       0x000000dc       0x6f /usr/local/lpcxpresso_8.2.2_650/lpcxpresso/tools/bin/../lib/gcc/arm-none-eabi/5.4.1/../../../../arm-none-eabi/lib/armv7e-m/softfp/libcr_c.a(stdio.o)
 .comment       0x000000dc       0x6f /usr/local/lpcxpresso_8.2.2_650/lpcxpresso/tools/bin/../lib/gcc/arm-none-eabi/5.4.1/../../../../arm-none-eabi/lib/armv7e-m/softfp/libcr_c.a(_deferredlazyseek.o)
 .comment       0x000000dc       0x6f /usr/local/lpcxpresso_8.2.2_650/lpcxpresso/tools/bin/../lib/gcc/arm-none-eabi/5.4.1/../../../../arm-none-eabi/lib/armv7e-m/softfp/libcr_c.a(_fdopen.o)
 .comment       0x000000dc       0x6f /usr/local/lpcxpresso_8.2.2_650/lpcxpresso/tools/bin/../lib/gcc/arm-none-eabi/5.4.1/../../../../arm-none-eabi/lib/armv7e-m/softfp/libcr_c.a(_fflush.o)
 .comment       0x000000dc       0x6f /usr/local/lpcxpresso_8.2.2_650/lpcxpresso/tools/bin/../lib/gcc/arm-none-eabi/5.4.1/../../../../arm-none-eabi/lib/armv7e-m/softfp/libcr_c.a(_writebuf.o)
 .comment       0x000000dc       0x6f /usr/local/lpcxpresso_8.2.2_650/lpcxpresso/tools/bin/../lib/gcc/arm-none-eabi/5.4.1/../../../../arm-none-eabi/lib/armv7e-m/softfp/libcr_c.a(alloc.o)
 .comment       0x000000dc       0x6f /usr/local/lpcxpresso_8.2.2_650/lpcxpresso/tools/bin/../lib/gcc/arm-none-eabi/5.4.1/../../../../arm-none-eabi/lib/armv7e-m/softfp/libcr_c.a(fclose.o)
 .comment       0x000000dc       0x6f /usr/local/lpcxpresso_8.2.2_650/lpcxpresso/tools/bin/../lib/gcc/arm-none-eabi/5.4.1/../../../../arm-none-eabi/lib/armv7e-m/softfp/libcr_c.a(fflush.o)
 .comment       0x000000dc       0x6f /usr/local/lpcxpresso_8.2.2_650/lpcxpresso/tools/bin/../lib/gcc/arm-none-eabi/5.4.1/../../../../arm-none-eabi/lib/armv7e-m/softfp/libcr_c.a(fseek.o)
 .comment       0x000000dc       0x6f /usr/local/lpcxpresso_8.2.2_650/lpcxpresso/tools/bin/../lib/gcc/arm-none-eabi/5.4.1/../../../../arm-none-eabi/lib/armv7e-m/softfp/libcr_c.a(ftell.o)
 .comment       0x000000dc       0x6f /usr/local/lpcxpresso_8.2.2_650/lpcxpresso/tools/bin/../lib/gcc/arm-none-eabi/5.4.1/../../../../arm-none-eabi/lib/armv7e-m/softfp/libcr_c.a(remove.o)
 .comment       0x000000dc       0x6f /usr/local/lpcxpresso_8.2.2_650/lpcxpresso/tools/bin/../lib/gcc/arm-none-eabi/5.4.1/../../../../arm-none-eabi/lib/armv7e-m/softfp/libcr_c.a(strlen.o)
 .comment       0x000000dc       0x6f /usr/local/lpcxpresso_8.2.2_650/lpcxpresso/tools/bin/../lib/gcc/arm-none-eabi/5.4.1/../../../../arm-none-eabi/lib/armv7e-m/softfp/libcr_c.a(__init_alloc.o)
 .comment       0x000000dc       0x6f /usr/local/lpcxpresso_8.2.2_650/lpcxpresso/tools/bin/../lib/gcc/arm-none-eabi/5.4.1/../../../../arm-none-eabi/lib/armv7e-m/softfp/libcr_c.a(_cr_sbrk.o)
 .comment       0x000000dc       0x6f /usr/local/lpcxpresso_8.2.2_650/lpcxpresso/tools/bin/../lib/gcc/arm-none-eabi/5.4.1/../../../../arm-none-eabi/lib/armv7e-m/softfp/libcr_c.a(_do_fflush.o)
 .comment       0x000000dc       0x6f /usr/local/lpcxpresso_8.2.2_650/lpcxpresso/tools/bin/../lib/gcc/arm-none-eabi/5.4.1/../../../../arm-none-eabi/lib/armv7e-m/softfp/libcr_c.a(errno.o)
 .comment       0x000000dc       0x6f /usr/local/lpcxpresso_8.2.2_650/lpcxpresso/tools/bin/../lib/gcc/arm-none-eabi/5.4.1/../../../../arm-none-eabi/lib/armv7e-m/softfp/libcr_c.a(_cr_check_heap.o)
 .comment       0x000000dc       0x6f /usr/local/lpcxpresso_8.2.2_650/lpcxpresso/tools/bin/../lib/gcc/arm-none-eabi/5.4.1/../../../../arm-none-eabi/lib/armv7e-m/softfp/libcr_nohost.a(__sys_appexit.o)
 .comment       0x000000dc       0x6f /usr/local/lpcxpresso_8.2.2_650/lpcxpresso/tools/bin/../lib/gcc/arm-none-eabi/5.4.1/../../../../arm-none-eabi/lib/armv7e-m/softfp/libcr_nohost.a(__sys_close.o)
 .comment       0x000000dc       0x6f /usr/local/lpcxpresso_8.2.2_650/lpcxpresso/tools/bin/../lib/gcc/arm-none-eabi/5.4.1/../../../../arm-none-eabi/lib/armv7e-m/softfp/libcr_nohost.a(__sys_flen.o)
 .comment       0x000000dc       0x6f /usr/local/lpcxpresso_8.2.2_650/lpcxpresso/tools/bin/../lib/gcc/arm-none-eabi/5.4.1/../../../../arm-none-eabi/lib/armv7e-m/softfp/libcr_nohost.a(__sys_istty.o)
 .comment       0x000000dc       0x6f /usr/local/lpcxpresso_8.2.2_650/lpcxpresso/tools/bin/../lib/gcc/arm-none-eabi/5.4.1/../../../../arm-none-eabi/lib/armv7e-m/softfp/libcr_nohost.a(__sys_remove.o)
 .comment       0x000000dc       0x6f /usr/local/lpcxpresso_8.2.2_650/lpcxpresso/tools/bin/../lib/gcc/arm-none-eabi/5.4.1/../../../../arm-none-eabi/lib/armv7e-m/softfp/libcr_nohost.a(__sys_seek.o)
 .comment       0x000000dc       0x6f /usr/local/lpcxpresso_8.2.2_650/lpcxpresso/tools/bin/../lib/gcc/arm-none-eabi/5.4.1/../../../../arm-none-eabi/lib/armv7e-m/softfp/libcr_nohost.a(__sys_tmpnam.o)

.ARM.attributes
                0x00000000       0x35
 .ARM.attributes
                0x00000000       0x37 ./example/src/cr_startup_lpc43xx.o
 .ARM.attributes
                0x00000037       0x37 ./example/src/sysinit.o
 .ARM.attributes
                0x0000006e       0x37 ./example/src/timers.o
 .ARM.attributes
                0x000000a5       0x37 /home/nicozorza/LPCXpresso/TP_Final/Prueba_cambiar_valor_eficaz/lpc_board_nxp_lpcxpresso_4337/Debug/liblpc_board_nxp_lpcxpresso_4337.a(board.o)
 .ARM.attributes
                0x000000dc       0x37 /home/nicozorza/LPCXpresso/TP_Final/Prueba_cambiar_valor_eficaz/lpc_board_nxp_lpcxpresso_4337/Debug/liblpc_board_nxp_lpcxpresso_4337.a(board_sysinit.o)
 .ARM.attributes
                0x00000113       0x37 /home/nicozorza/LPCXpresso/TP_Final/Prueba_cambiar_valor_eficaz/lpc_chip_43xx/Debug/liblpc_chip_43xx.a(adc_18xx_43xx.o)
 .ARM.attributes
                0x0000014a       0x37 /home/nicozorza/LPCXpresso/TP_Final/Prueba_cambiar_valor_eficaz/lpc_chip_43xx/Debug/liblpc_chip_43xx.a(chip_18xx_43xx.o)
 .ARM.attributes
                0x00000181       0x37 /home/nicozorza/LPCXpresso/TP_Final/Prueba_cambiar_valor_eficaz/lpc_chip_43xx/Debug/liblpc_chip_43xx.a(clock_18xx_43xx.o)
 .ARM.attributes
                0x000001b8       0x37 /home/nicozorza/LPCXpresso/TP_Final/Prueba_cambiar_valor_eficaz/lpc_chip_43xx/Debug/liblpc_chip_43xx.a(fpu_init.o)
 .ARM.attributes
                0x000001ef       0x37 /home/nicozorza/LPCXpresso/TP_Final/Prueba_cambiar_valor_eficaz/lpc_chip_43xx/Debug/liblpc_chip_43xx.a(gpio_18xx_43xx.o)
 .ARM.attributes
                0x00000226       0x37 /home/nicozorza/LPCXpresso/TP_Final/Prueba_cambiar_valor_eficaz/lpc_chip_43xx/Debug/liblpc_chip_43xx.a(sysinit_18xx_43xx.o)
 .ARM.attributes
                0x0000025d       0x37 /home/nicozorza/LPCXpresso/TP_Final/Prueba_cambiar_valor_eficaz/lpc_chip_43xx/Debug/liblpc_chip_43xx.a(timer_18xx_43xx.o)
 .ARM.attributes
                0x00000294       0x37 /home/nicozorza/LPCXpresso/TP_Final/Prueba_cambiar_valor_eficaz/lpc_chip_43xx/Debug/liblpc_chip_43xx.a(uart_18xx_43xx.o)
 .ARM.attributes
                0x000002cb       0x37 /usr/local/lpcxpresso_8.2.2_650/lpcxpresso/tools/bin/../lib/gcc/arm-none-eabi/5.4.1/../../../../arm-none-eabi/lib/armv7e-m/softfp/libcr_nohost.a(_cr__main.o)
 .ARM.attributes
                0x00000302       0x37 /usr/local/lpcxpresso_8.2.2_650/lpcxpresso/tools/bin/../lib/gcc/arm-none-eabi/5.4.1/../../../../arm-none-eabi/lib/armv7e-m/softfp/libcr_c.a(memset.o)
 .ARM.attributes
                0x00000339       0x37 /usr/local/lpcxpresso_8.2.2_650/lpcxpresso/tools/bin/../lib/gcc/arm-none-eabi/5.4.1/../../../../arm-none-eabi/lib/armv7e-m/softfp/libcr_c.a(initio.o)
 .ARM.attributes
                0x00000370       0x37 /usr/local/lpcxpresso_8.2.2_650/lpcxpresso/tools/bin/../lib/gcc/arm-none-eabi/5.4.1/../../../../arm-none-eabi/lib/armv7e-m/softfp/libcr_c.a(setvbuf.o)
 .ARM.attributes
                0x000003a7       0x37 /usr/local/lpcxpresso_8.2.2_650/lpcxpresso/tools/bin/../lib/gcc/arm-none-eabi/5.4.1/../../../../arm-none-eabi/lib/armv7e-m/softfp/libcr_c.a(stdio.o)
 .ARM.attributes
                0x000003de       0x37 /usr/local/lpcxpresso_8.2.2_650/lpcxpresso/tools/bin/../lib/gcc/arm-none-eabi/5.4.1/../../../../arm-none-eabi/lib/armv7e-m/softfp/libcr_c.a(_deferredlazyseek.o)
 .ARM.attributes
                0x00000415       0x37 /usr/local/lpcxpresso_8.2.2_650/lpcxpresso/tools/bin/../lib/gcc/arm-none-eabi/5.4.1/../../../../arm-none-eabi/lib/armv7e-m/softfp/libcr_c.a(_fdopen.o)
 .ARM.attributes
                0x0000044c       0x37 /usr/local/lpcxpresso_8.2.2_650/lpcxpresso/tools/bin/../lib/gcc/arm-none-eabi/5.4.1/../../../../arm-none-eabi/lib/armv7e-m/softfp/libcr_c.a(_fflush.o)
 .ARM.attributes
                0x00000483       0x37 /usr/local/lpcxpresso_8.2.2_650/lpcxpresso/tools/bin/../lib/gcc/arm-none-eabi/5.4.1/../../../../arm-none-eabi/lib/armv7e-m/softfp/libcr_c.a(_writebuf.o)
 .ARM.attributes
                0x000004ba       0x37 /usr/local/lpcxpresso_8.2.2_650/lpcxpresso/tools/bin/../lib/gcc/arm-none-eabi/5.4.1/../../../../arm-none-eabi/lib/armv7e-m/softfp/libcr_c.a(alloc.o)
 .ARM.attributes
                0x000004f1       0x37 /usr/local/lpcxpresso_8.2.2_650/lpcxpresso/tools/bin/../lib/gcc/arm-none-eabi/5.4.1/../../../../arm-none-eabi/lib/armv7e-m/softfp/libcr_c.a(fclose.o)
 .ARM.attributes
                0x00000528       0x37 /usr/local/lpcxpresso_8.2.2_650/lpcxpresso/tools/bin/../lib/gcc/arm-none-eabi/5.4.1/../../../../arm-none-eabi/lib/armv7e-m/softfp/libcr_c.a(fflush.o)
 .ARM.attributes
                0x0000055f       0x37 /usr/local/lpcxpresso_8.2.2_650/lpcxpresso/tools/bin/../lib/gcc/arm-none-eabi/5.4.1/../../../../arm-none-eabi/lib/armv7e-m/softfp/libcr_c.a(fseek.o)
 .ARM.attributes
                0x00000596       0x37 /usr/local/lpcxpresso_8.2.2_650/lpcxpresso/tools/bin/../lib/gcc/arm-none-eabi/5.4.1/../../../../arm-none-eabi/lib/armv7e-m/softfp/libcr_c.a(ftell.o)
 .ARM.attributes
                0x000005cd       0x37 /usr/local/lpcxpresso_8.2.2_650/lpcxpresso/tools/bin/../lib/gcc/arm-none-eabi/5.4.1/../../../../arm-none-eabi/lib/armv7e-m/softfp/libcr_c.a(remove.o)
 .ARM.attributes
                0x00000604       0x37 /usr/local/lpcxpresso_8.2.2_650/lpcxpresso/tools/bin/../lib/gcc/arm-none-eabi/5.4.1/../../../../arm-none-eabi/lib/armv7e-m/softfp/libcr_c.a(strlen.o)
 .ARM.attributes
                0x0000063b       0x37 /usr/local/lpcxpresso_8.2.2_650/lpcxpresso/tools/bin/../lib/gcc/arm-none-eabi/5.4.1/../../../../arm-none-eabi/lib/armv7e-m/softfp/libcr_c.a(__init_alloc.o)
 .ARM.attributes
                0x00000672       0x37 /usr/local/lpcxpresso_8.2.2_650/lpcxpresso/tools/bin/../lib/gcc/arm-none-eabi/5.4.1/../../../../arm-none-eabi/lib/armv7e-m/softfp/libcr_c.a(_cr_sbrk.o)
 .ARM.attributes
                0x000006a9       0x37 /usr/local/lpcxpresso_8.2.2_650/lpcxpresso/tools/bin/../lib/gcc/arm-none-eabi/5.4.1/../../../../arm-none-eabi/lib/armv7e-m/softfp/libcr_c.a(_do_fflush.o)
 .ARM.attributes
                0x000006e0       0x37 /usr/local/lpcxpresso_8.2.2_650/lpcxpresso/tools/bin/../lib/gcc/arm-none-eabi/5.4.1/../../../../arm-none-eabi/lib/armv7e-m/softfp/libcr_c.a(errno.o)
 .ARM.attributes
                0x00000717       0x37 /usr/local/lpcxpresso_8.2.2_650/lpcxpresso/tools/bin/../lib/gcc/arm-none-eabi/5.4.1/../../../../arm-none-eabi/lib/armv7e-m/softfp/libcr_c.a(_cr_check_heap.o)
 .ARM.attributes
                0x0000074e       0x25 /usr/local/lpcxpresso_8.2.2_650/lpcxpresso/tools/bin/../lib/gcc/arm-none-eabi/5.4.1/armv7e-m/softfp/libcr_eabihelpers.a(division_64.o)
 .ARM.attributes
                0x00000773       0x25 /usr/local/lpcxpresso_8.2.2_650/lpcxpresso/tools/bin/../lib/gcc/arm-none-eabi/5.4.1/armv7e-m/softfp/libcr_eabihelpers.a(division_idiv0.o)
 .ARM.attributes
                0x00000798       0x25 /usr/local/lpcxpresso_8.2.2_650/lpcxpresso/tools/bin/../lib/gcc/arm-none-eabi/5.4.1/armv7e-m/softfp/libcr_eabihelpers.a(memcpy.o)
 .ARM.attributes
                0x000007bd       0x37 /usr/local/lpcxpresso_8.2.2_650/lpcxpresso/tools/bin/../lib/gcc/arm-none-eabi/5.4.1/../../../../arm-none-eabi/lib/armv7e-m/softfp/libcr_nohost.a(__sys_appexit.o)
 .ARM.attributes
                0x000007f4       0x37 /usr/local/lpcxpresso_8.2.2_650/lpcxpresso/tools/bin/../lib/gcc/arm-none-eabi/5.4.1/../../../../arm-none-eabi/lib/armv7e-m/softfp/libcr_nohost.a(__sys_close.o)
 .ARM.attributes
                0x0000082b       0x37 /usr/local/lpcxpresso_8.2.2_650/lpcxpresso/tools/bin/../lib/gcc/arm-none-eabi/5.4.1/../../../../arm-none-eabi/lib/armv7e-m/softfp/libcr_nohost.a(__sys_flen.o)
 .ARM.attributes
                0x00000862       0x37 /usr/local/lpcxpresso_8.2.2_650/lpcxpresso/tools/bin/../lib/gcc/arm-none-eabi/5.4.1/../../../../arm-none-eabi/lib/armv7e-m/softfp/libcr_nohost.a(__sys_istty.o)
 .ARM.attributes
                0x00000899       0x37 /usr/local/lpcxpresso_8.2.2_650/lpcxpresso/tools/bin/../lib/gcc/arm-none-eabi/5.4.1/../../../../arm-none-eabi/lib/armv7e-m/softfp/libcr_nohost.a(__sys_remove.o)
 .ARM.attributes
                0x000008d0       0x37 /usr/local/lpcxpresso_8.2.2_650/lpcxpresso/tools/bin/../lib/gcc/arm-none-eabi/5.4.1/../../../../arm-none-eabi/lib/armv7e-m/softfp/libcr_nohost.a(__sys_seek.o)
 .ARM.attributes
                0x00000907       0x37 /usr/local/lpcxpresso_8.2.2_650/lpcxpresso/tools/bin/../lib/gcc/arm-none-eabi/5.4.1/../../../../arm-none-eabi/lib/armv7e-m/softfp/libcr_nohost.a(__sys_tmpnam.o)

.debug_frame    0x00000000     0x1de8
 .debug_frame   0x00000000      0x170 ./example/src/cr_startup_lpc43xx.o
 .debug_frame   0x00000170       0x34 ./example/src/sysinit.o
 .debug_frame   0x000001a4      0x448 ./example/src/timers.o
 .debug_frame   0x000005ec      0x634 /home/nicozorza/LPCXpresso/TP_Final/Prueba_cambiar_valor_eficaz/lpc_board_nxp_lpcxpresso_4337/Debug/liblpc_board_nxp_lpcxpresso_4337.a(board.o)
 .debug_frame   0x00000c20       0xe4 /home/nicozorza/LPCXpresso/TP_Final/Prueba_cambiar_valor_eficaz/lpc_board_nxp_lpcxpresso_4337/Debug/liblpc_board_nxp_lpcxpresso_4337.a(board_sysinit.o)
 .debug_frame   0x00000d04      0x264 /home/nicozorza/LPCXpresso/TP_Final/Prueba_cambiar_valor_eficaz/lpc_chip_43xx/Debug/liblpc_chip_43xx.a(adc_18xx_43xx.o)
 .debug_frame   0x00000f68       0xa0 /home/nicozorza/LPCXpresso/TP_Final/Prueba_cambiar_valor_eficaz/lpc_chip_43xx/Debug/liblpc_chip_43xx.a(chip_18xx_43xx.o)
 .debug_frame   0x00001008      0x568 /home/nicozorza/LPCXpresso/TP_Final/Prueba_cambiar_valor_eficaz/lpc_chip_43xx/Debug/liblpc_chip_43xx.a(clock_18xx_43xx.o)
 .debug_frame   0x00001570       0x38 /home/nicozorza/LPCXpresso/TP_Final/Prueba_cambiar_valor_eficaz/lpc_chip_43xx/Debug/liblpc_chip_43xx.a(fpu_init.o)
 .debug_frame   0x000015a8      0x198 /home/nicozorza/LPCXpresso/TP_Final/Prueba_cambiar_valor_eficaz/lpc_chip_43xx/Debug/liblpc_chip_43xx.a(gpio_18xx_43xx.o)
 .debug_frame   0x00001740       0xf4 /home/nicozorza/LPCXpresso/TP_Final/Prueba_cambiar_valor_eficaz/lpc_chip_43xx/Debug/liblpc_chip_43xx.a(sysinit_18xx_43xx.o)
 .debug_frame   0x00001834       0xd0 /home/nicozorza/LPCXpresso/TP_Final/Prueba_cambiar_valor_eficaz/lpc_chip_43xx/Debug/liblpc_chip_43xx.a(timer_18xx_43xx.o)
 .debug_frame   0x00001904      0x4e4 /home/nicozorza/LPCXpresso/TP_Final/Prueba_cambiar_valor_eficaz/lpc_chip_43xx/Debug/liblpc_chip_43xx.a(uart_18xx_43xx.o)
