Archive member included to satisfy reference by file (symbol)

out/lpc4337_m4/libfreertos.a(queue.o)
                              out/lpc4337_m4/obj/main.o (xQueueGenericCreate)
out/lpc4337_m4/libfreertos.a(list.o)
                              out/lpc4337_m4/libfreertos.a(queue.o) (vListInitialise)
out/lpc4337_m4/libfreertos.a(port.o)
                              out/lpc4337_m4/libfreertos.a(queue.o) (ulPortSetInterruptMask)
out/lpc4337_m4/libfreertos.a(tasks.o)
                              out/lpc4337_m4/libfreertos.a(port.o) (pxCurrentTCB)
out/lpc4337_m4/libfreertos.a(heap_4.o)
                              out/lpc4337_m4/libfreertos.a(queue.o) (pvPortMalloc)
out/lpc4337_m4/libfreertos.a(FreeRTOSCommonHooks.o)
                              out/lpc4337_m4/libfreertos.a(heap_4.o) (vApplicationMallocFailedHook)
out/lpc4337_m4/libbase.a(cr_startup_lpc43xx.o)
                              (ResetISR)
out/lpc4337_m4/libbase.a(sysinit.o)
                              out/lpc4337_m4/libbase.a(cr_startup_lpc43xx.o) (SystemInit)
out/lpc4337_m4/libboard.a(board.o)
                              out/lpc4337_m4/obj/main.o (Board_Init)
out/lpc4337_m4/libboard.a(board_sysinit.o)
                              out/lpc4337_m4/libbase.a(sysinit.o) (Board_SystemInit)
out/lpc4337_m4/libchip.a(sysinit_18xx_43xx.o)
                              out/lpc4337_m4/libboard.a(board_sysinit.o) (Chip_SetupCoreClock)
out/lpc4337_m4/libchip.a(fpu_init.o)
                              out/lpc4337_m4/libbase.a(sysinit.o) (fpuInit)
out/lpc4337_m4/libchip.a(timer_18xx_43xx.o)
                              out/lpc4337_m4/obj/main.o (Chip_TIMER_Init)
out/lpc4337_m4/libchip.a(uart_18xx_43xx.o)
                              out/lpc4337_m4/libboard.a(board.o) (Chip_UART_Init)
out/lpc4337_m4/libchip.a(ring_buffer.o)
                              out/lpc4337_m4/libchip.a(uart_18xx_43xx.o) (RingBuffer_Insert)
out/lpc4337_m4/libchip.a(clock_18xx_43xx.o)
                              out/lpc4337_m4/libchip.a(sysinit_18xx_43xx.o) (Chip_Clock_EnableCrystal)
out/lpc4337_m4/libchip.a(adc_18xx_43xx.o)
                              out/lpc4337_m4/obj/main.o (Chip_ADC_Init)
out/lpc4337_m4/libchip.a(chip_18xx_43xx.o)
                              out/lpc4337_m4/libfreertos.a(port.o) (SystemCoreClock)
out/lpc4337_m4/libchip.a(gpio_18xx_43xx.o)
                              out/lpc4337_m4/libboard.a(board.o) (Chip_GPIO_Init)
/usr/local/lpcxpresso_8.2.2_650/lpcxpresso/tools/bin/../lib/gcc/arm-none-eabi/5.4.1/armv7e-m/softfp/libgcc.a(_arm_addsubdf3.o)
                              out/lpc4337_m4/obj/main.o (__aeabi_dsub)
/usr/local/lpcxpresso_8.2.2_650/lpcxpresso/tools/bin/../lib/gcc/arm-none-eabi/5.4.1/armv7e-m/softfp/libgcc.a(_arm_muldivdf3.o)
                              out/lpc4337_m4/obj/main.o (__aeabi_dmul)
/usr/local/lpcxpresso_8.2.2_650/lpcxpresso/tools/bin/../lib/gcc/arm-none-eabi/5.4.1/armv7e-m/softfp/libgcc.a(_arm_truncdfsf2.o)
                              out/lpc4337_m4/obj/main.o (__aeabi_d2f)
/usr/local/lpcxpresso_8.2.2_650/lpcxpresso/tools/bin/../lib/gcc/arm-none-eabi/5.4.1/armv7e-m/softfp/libgcc.a(_aeabi_uldivmod.o)
                              out/lpc4337_m4/libchip.a(uart_18xx_43xx.o) (__aeabi_uldivmod)
/usr/local/lpcxpresso_8.2.2_650/lpcxpresso/tools/bin/../lib/gcc/arm-none-eabi/5.4.1/armv7e-m/softfp/libgcc.a(_udivmoddi4.o)
                              /usr/local/lpcxpresso_8.2.2_650/lpcxpresso/tools/bin/../lib/gcc/arm-none-eabi/5.4.1/armv7e-m/softfp/libgcc.a(_aeabi_uldivmod.o) (__udivmoddi4)
/usr/local/lpcxpresso_8.2.2_650/lpcxpresso/tools/bin/../lib/gcc/arm-none-eabi/5.4.1/armv7e-m/softfp/libgcc.a(_dvmd_tls.o)
                              /usr/local/lpcxpresso_8.2.2_650/lpcxpresso/tools/bin/../lib/gcc/arm-none-eabi/5.4.1/armv7e-m/softfp/libgcc.a(_aeabi_uldivmod.o) (__aeabi_ldiv0)
/usr/local/lpcxpresso_8.2.2_650/lpcxpresso/tools/bin/../lib/gcc/arm-none-eabi/5.4.1/../../../../arm-none-eabi/lib/armv7e-m/softfp/libc.a(lib_a-memcpy.o)
                              out/lpc4337_m4/libfreertos.a(queue.o) (memcpy)
/usr/local/lpcxpresso_8.2.2_650/lpcxpresso/tools/bin/../lib/gcc/arm-none-eabi/5.4.1/../../../../arm-none-eabi/lib/armv7e-m/softfp/libc.a(lib_a-memset.o)
                              out/lpc4337_m4/libfreertos.a(tasks.o) (memset)

Allocating common symbols
Common symbol       size              file

xControllerSemaphore
                    0x4               out/lpc4337_m4/obj/main.o
SystemCoreClock     0x4               out/lpc4337_m4/libchip.a(chip_18xx_43xx.o)
xQueueRegistry      0x50              out/lpc4337_m4/libfreertos.a(queue.o)
ADCSetup            0x8               out/lpc4337_m4/obj/main.o
adc_data            0x2               out/lpc4337_m4/obj/main.o
xFireTriggerSemaphore
                    0x4               out/lpc4337_m4/obj/main.o
xPhaseSemaphore     0x4               out/lpc4337_m4/obj/main.o
controller_output   0x4               out/lpc4337_m4/obj/main.o

Discarded input sections

[...]
Memory Configuration

Name             Origin             Length             Attributes
MFlashA512       0x1a000000         0x00080000         xr
MFlashB512       0x1b000000         0x00080000         xr
RamLoc32         0x10000000         0x00008000         xrw
RamLoc40         0x10080000         0x0000a000         xrw
RamAHB32         0x20000000         0x00008000         xrw
RamAHB16         0x20008000         0x00004000         xrw
RamAHB_ETB16     0x2000c000         0x00004000         xrw
*default*        0x00000000         0xffffffff

Linker script and memory map

LOAD out/lpc4337_m4/obj/main.o
LOAD out/lpc4337_m4/libfreertos.a
LOAD out/lpc4337_m4/libbase.a
LOAD out/lpc4337_m4/libboard.a
LOAD out/lpc4337_m4/libchip.a
LOAD out/lpc4337_m4/libsapi.a
START GROUP
LOAD /usr/local/lpcxpresso_8.2.2_650/lpcxpresso/tools/bin/../lib/gcc/arm-none-eabi/5.4.1/armv7e-m/softfp/libgcc.a
LOAD /usr/local/lpcxpresso_8.2.2_650/lpcxpresso/tools/bin/../lib/gcc/arm-none-eabi/5.4.1/../../../../arm-none-eabi/lib/armv7e-m/softfp/libc.a
LOAD /usr/local/lpcxpresso_8.2.2_650/lpcxpresso/tools/bin/../lib/gcc/arm-none-eabi/5.4.1/../../../../arm-none-eabi/lib/armv7e-m/softfp/libm.a
END GROUP
                0x1a080000                __top_MFlashA512 = 0x1a080000
                0x1b080000                __top_MFlashB512 = 0x1b080000
                0x10008000                __top_RamLoc32 = 0x10008000
                0x1008a000                __top_RamLoc40 = 0x1008a000
                0x20008000                __top_RamAHB32 = 0x20008000
                0x2000c000                __top_RamAHB16 = 0x2000c000
                0x20010000                __top_RamAHB_ETB16 = 0x20010000

.text_Flash2    0x1b000000        0x0
 FILL mask 0xff
                0x1b000000                __core_m0app_START__ = .
 *(.core_m0app)
 *(.core_m0app.data_*)
 *(.core_m0app.data)
                0x1b000000                __core_m0app_END__ = .
 *(.text_Flash2*)
 *(.text_MFlashB512*)
 *(.text.$Flash2*)
 *(.text.$MFlashB512*)
 *(.rodata.$Flash2*)
 *(.rodata.$MFlashB512*)

.text           0x1a000000     0x4470
 FILL mask 0xff
                0x1a000000                __vectors_start__ = ABSOLUTE (.)
 *(.isr_vector)
 .isr_vector    0x1a000000      0x114 out/lpc4337_m4/libbase.a(cr_startup_lpc43xx.o)
                0x1a000000                g_pfnVectors
                0x1a000114                . = ALIGN (0x4)
                0x1a000114                __section_table_start = .
                0x1a000114                __data_section_table = .
                0x1a000114        0x4 LONG 0x1a008470 LOADADDR (.data)
                0x1a000118        0x4 LONG 0x10000000 ADDR (.data)
                0x1a00011c        0x4 LONG 0x8 SIZEOF (.data)
                0x1a000120        0x4 LONG 0x1a004470 LOADADDR (.data_RAM2)
                0x1a000124        0x4 LONG 0x10080000 ADDR (.data_RAM2)
                0x1a000128        0x4 LONG 0x4000 SIZEOF (.data_RAM2)
                0x1a00012c        0x4 LONG 0x1a008470 LOADADDR (.data_RAM3)
                0x1a000130        0x4 LONG 0x20000000 ADDR (.data_RAM3)
                0x1a000134        0x4 LONG 0x0 SIZEOF (.data_RAM3)
                0x1a000138        0x4 LONG 0x1a008470 LOADADDR (.data_RAM4)
                0x1a00013c        0x4 LONG 0x20008000 ADDR (.data_RAM4)
                0x1a000140        0x4 LONG 0x0 SIZEOF (.data_RAM4)
                0x1a000144        0x4 LONG 0x1a008470 LOADADDR (.data_RAM5)
                0x1a000148        0x4 LONG 0x2000c000 ADDR (.data_RAM5)
                0x1a00014c        0x4 LONG 0x0 SIZEOF (.data_RAM5)
                0x1a000150                __data_section_table_end = .
                0x1a000150                __bss_section_table = .
                0x1a000150        0x4 LONG 0x10000008 ADDR (.bss)
                0x1a000154        0x4 LONG 0x140 SIZEOF (.bss)
                0x1a000158        0x4 LONG 0x10084000 ADDR (.bss_RAM2)
                0x1a00015c        0x4 LONG 0x0 SIZEOF (.bss_RAM2)
                0x1a000160        0x4 LONG 0x20000000 ADDR (.bss_RAM3)
                0x1a000164        0x4 LONG 0x0 SIZEOF (.bss_RAM3)
                0x1a000168        0x4 LONG 0x20008000 ADDR (.bss_RAM4)
                0x1a00016c        0x4 LONG 0x0 SIZEOF (.bss_RAM4)
                0x1a000170        0x4 LONG 0x2000c000 ADDR (.bss_RAM5)
                0x1a000174        0x4 LONG 0x0 SIZEOF (.bss_RAM5)
                0x1a000178                __bss_section_table_end = .
                0x1a000178                __section_table_end = .
 *(.after_vectors*)
 .after_vectors
                0x1a000178       0xcc out/lpc4337_m4/libbase.a(cr_startup_lpc43xx.o)
                0x1a000178                data_init
                0x1a0001bc                bss_init
                0x1a0001f4                NMI_Handler
                0x1a0001fc                HardFault_Handler
                0x1a000204                MemManage_Handler
                0x1a00020c                BusFault_Handler
                0x1a000214                UsageFault_Handler
                0x1a000224                DebugMon_Handler
                0x1a00023c                TIMER2_IRQHandler
                0x1a00023c                RIT_IRQHandler
                0x1a00023c                ADCHS_IRQHandler
                0x1a00023c                FLASH_EEPROM_IRQHandler
                0x1a00023c                I2C0_IRQHandler
                0x1a00023c                SDIO_IRQHandler
                0x1a00023c                ATIMER_IRQHandler
                0x1a00023c                I2C1_IRQHandler
                0x1a00023c                UART1_IRQHandler
                0x1a00023c                GPIO5_IRQHandler
                0x1a00023c                CAN1_IRQHandler
                0x1a00023c                USB1_IRQHandler
                0x1a00023c                I2S0_IRQHandler
                0x1a00023c                TIMER3_IRQHandler
                0x1a00023c                UART0_IRQHandler
                0x1a00023c                SGPIO_IRQHandler
                0x1a00023c                GPIO6_IRQHandler
                0x1a00023c                IntDefaultHandler
                0x1a00023c                GPIO1_IRQHandler
                0x1a00023c                SSP0_IRQHandler
                0x1a00023c                ADC1_IRQHandler
                0x1a00023c                RTC_IRQHandler
                0x1a00023c                SPI_IRQHandler
                0x1a00023c                LCD_IRQHandler
                0x1a00023c                UART2_IRQHandler
                0x1a00023c                GPIO2_IRQHandler
                0x1a00023c                I2S1_IRQHandler
                0x1a00023c                SSP1_IRQHandler
                0x1a00023c                USB0_IRQHandler
                0x1a00023c                GPIO3_IRQHandler
                0x1a00023c                SCT_IRQHandler
                0x1a00023c                WDT_IRQHandler
                0x1a00023c                GPIO7_IRQHandler
                0x1a00023c                SPIFI_IRQHandler
                0x1a00023c                QEI_IRQHandler
                0x1a00023c                ETH_IRQHandler
                0x1a00023c                CAN0_IRQHandler
                0x1a00023c                GINT0_IRQHandler
                0x1a00023c                DAC_IRQHandler
                0x1a00023c                M0SUB_IRQHandler
                0x1a00023c                DMA_IRQHandler
                0x1a00023c                EVRT_IRQHandler
                0x1a00023c                UART3_IRQHandler
                0x1a00023c                MCPWM_IRQHandler
                0x1a00023c                M0APP_IRQHandler
                0x1a00023c                GINT1_IRQHandler
                0x1a00023c                GPIO4_IRQHandler
                0x000002fc                . = 0x2fc
 *fill*         0x1a000244       0xb8 ff
                0x1a0002fc                PROVIDE (__CRP_WORD_START__, .)
 *(.crp)
 .crp           0x1a0002fc        0x4 out/lpc4337_m4/libbase.a(cr_startup_lpc43xx.o)
                0x1a0002fc                CRP_WORD
                0x1a000300                PROVIDE (__CRP_WORD_END__, .)
                0x00000001                ASSERT (! ((__CRP_WORD_START__ == __CRP_WORD_END__)), Linker CRP Enabled, but no CRP_WORD provided within application)
 *(.text*)
 .text.NVIC_EnableIRQ
                0x1a000300       0x34 out/lpc4337_m4/obj/main.o
 .text.NVIC_ClearPendingIRQ
                0x1a000334       0x34 out/lpc4337_m4/obj/main.o
 .text.NVIC_SetPriority
                0x1a000368       0x54 out/lpc4337_m4/obj/main.o
 .text.Chip_SCU_PinMuxSet
                0x1a0003bc       0x34 out/lpc4337_m4/obj/main.o
 .text.Chip_SCU_GPIOIntPinSel
                0x1a0003f0       0x74 out/lpc4337_m4/obj/main.o
 .text.Chip_RGU_TriggerReset
                0x1a000464       0x3c out/lpc4337_m4/obj/main.o
 .text.Chip_RGU_InReset
                0x1a0004a0       0x40 out/lpc4337_m4/obj/main.o
 .text.Chip_GPIO_SetPinState
                0x1a0004e0       0x38 out/lpc4337_m4/obj/main.o
 .text.Chip_GPIO_SetPinDIROutput
                0x1a000518       0x40 out/lpc4337_m4/obj/main.o
 .text.Chip_GPIO_SetPinDIRInput
                0x1a000558       0x40 out/lpc4337_m4/obj/main.o
 .text.Chip_PININT_SetPinModeEdge
                0x1a000598       0x24 out/lpc4337_m4/obj/main.o
 .text.Chip_PININT_ClearIntStatus
                0x1a0005bc       0x1c out/lpc4337_m4/obj/main.o
 .text.Chip_TIMER_ClearMatch
                0x1a0005d8       0x28 out/lpc4337_m4/obj/main.o
 .text.Chip_TIMER_Enable
                0x1a000600       0x20 out/lpc4337_m4/obj/main.o
 .text.Chip_TIMER_Disable
                0x1a000620       0x20 out/lpc4337_m4/obj/main.o
 .text.Chip_TIMER_SetMatch
                0x1a000640       0x28 out/lpc4337_m4/obj/main.o
 .text.Chip_TIMER_MatchEnableInt
                0x1a000668       0x34 out/lpc4337_m4/obj/main.o
 .text.Chip_TIMER_ResetOnMatchEnable
                0x1a00069c       0x38 out/lpc4337_m4/obj/main.o
 .text.vApplicationIdleHook
                0x1a0006d4       0x28 out/lpc4337_m4/obj/main.o
                0x1a0006d4                vApplicationIdleHook
 .text.controller
                0x1a0006fc       0x30 out/lpc4337_m4/obj/main.o
                0x1a0006fc                controller
 *fill*         0x1a00072c        0x4 ff
 .text.get_temperature
                0x1a000730       0xd4 out/lpc4337_m4/obj/main.o
                0x1a000730                get_temperature
 .text.ADC0_IRQHandler
                0x1a000804       0x48 out/lpc4337_m4/obj/main.o
                0x1a000804                ADC0_IRQHandler
 .text.GPIO0_IRQHandler
                0x1a00084c       0x44 out/lpc4337_m4/obj/main.o
                0x1a00084c                GPIO0_IRQHandler
 .text.TIMER0_IRQHandler
                0x1a000890       0x48 out/lpc4337_m4/obj/main.o
                0x1a000890                TIMER0_IRQHandler
 .text.TIMER1_IRQHandler
                0x1a0008d8       0x2c out/lpc4337_m4/obj/main.o
                0x1a0008d8                TIMER1_IRQHandler
 .text.SetupHardware
                0x1a000904       0x20 out/lpc4337_m4/obj/main.o
                0x1a000904                SetupHardware
 .text.ConfigureADC
                0x1a000924       0x3c out/lpc4337_m4/obj/main.o
                0x1a000924                ConfigureADC
 .text.ConfigurePhaseDetector
                0x1a000960       0x6c out/lpc4337_m4/obj/main.o
                0x1a000960                ConfigurePhaseDetector
 .text.ConfigureTimerFireTrigger
                0x1a0009cc       0x80 out/lpc4337_m4/obj/main.o
                0x1a0009cc                ConfigureTimerFireTrigger
 .text.ConfigureTimerTriggerOn
                0x1a000a4c       0x5c out/lpc4337_m4/obj/main.o
                0x1a000a4c                ConfigureTimerTriggerOn
 .text.vHandlerZeroCrossing
                0x1a000aa8       0x60 out/lpc4337_m4/obj/main.o
 .text.vHandlerFireTrigger
                0x1a000b08       0x54 out/lpc4337_m4/obj/main.o
 .text.vHandlerController
                0x1a000b5c       0xc4 out/lpc4337_m4/obj/main.o
 .text.main     0x1a000c20      0x114 out/lpc4337_m4/obj/main.o
                0x1a000c20                main
 .text.xQueueGenericReset
                0x1a000d34       0xa4 out/lpc4337_m4/libfreertos.a(queue.o)
                0x1a000d34                xQueueGenericReset
 .text.xQueueGenericCreate
                0x1a000dd8       0x78 out/lpc4337_m4/libfreertos.a(queue.o)
                0x1a000dd8                xQueueGenericCreate
 .text.xQueueGenericSend
                0x1a000e50      0x110 out/lpc4337_m4/libfreertos.a(queue.o)
                0x1a000e50                xQueueGenericSend
 .text.xQueueGenericSendFromISR
                0x1a000f60       0x88 out/lpc4337_m4/libfreertos.a(queue.o)
                0x1a000f60                xQueueGenericSendFromISR
 .text.xQueueGenericReceive
                0x1a000fe8      0x16c out/lpc4337_m4/libfreertos.a(queue.o)
                0x1a000fe8                xQueueGenericReceive
 .text.prvCopyDataToQueue
                0x1a001154       0xd0 out/lpc4337_m4/libfreertos.a(queue.o)
 .text.prvCopyDataFromQueue
                0x1a001224       0x4c out/lpc4337_m4/libfreertos.a(queue.o)
 .text.prvUnlockQueue
                0x1a001270       0x98 out/lpc4337_m4/libfreertos.a(queue.o)
 .text.prvIsQueueEmpty
                0x1a001308       0x2c out/lpc4337_m4/libfreertos.a(queue.o)
 .text.prvIsQueueFull
                0x1a001334       0x30 out/lpc4337_m4/libfreertos.a(queue.o)
 .text.vListInitialise
                0x1a001364       0x40 out/lpc4337_m4/libfreertos.a(list.o)
                0x1a001364                vListInitialise
 .text.vListInitialiseItem
                0x1a0013a4       0x1c out/lpc4337_m4/libfreertos.a(list.o)
                0x1a0013a4                vListInitialiseItem
 .text.vListInsertEnd
                0x1a0013c0       0x48 out/lpc4337_m4/libfreertos.a(list.o)
                0x1a0013c0                vListInsertEnd
 .text.vListInsert
                0x1a001408       0x74 out/lpc4337_m4/libfreertos.a(list.o)
                0x1a001408                vListInsert
 .text.uxListRemove
                0x1a00147c       0x54 out/lpc4337_m4/libfreertos.a(list.o)
                0x1a00147c                uxListRemove
 .text.pxPortInitialiseStack
                0x1a0014d0       0x64 out/lpc4337_m4/libfreertos.a(port.o)
                0x1a0014d0                pxPortInitialiseStack
 .text.prvTaskExitError
                0x1a001534        0xc out/lpc4337_m4/libfreertos.a(port.o)
 .text.SVC_Handler
                0x1a001540       0x24 out/lpc4337_m4/libfreertos.a(port.o)
                0x1a001540                SVC_Handler
 .text.prvPortStartFirstTask
                0x1a001564       0x20 out/lpc4337_m4/libfreertos.a(port.o)
 .text.xPortStartScheduler
                0x1a001584       0x50 out/lpc4337_m4/libfreertos.a(port.o)
                0x1a001584                xPortStartScheduler
 .text.vPortYield
                0x1a0015d4       0x24 out/lpc4337_m4/libfreertos.a(port.o)
                0x1a0015d4                vPortYield
 .text.vPortEnterCritical
                0x1a0015f8       0x24 out/lpc4337_m4/libfreertos.a(port.o)
                0x1a0015f8                vPortEnterCritical
 .text.vPortExitCritical
                0x1a00161c       0x24 out/lpc4337_m4/libfreertos.a(port.o)
                0x1a00161c                vPortExitCritical
 .text.ulPortSetInterruptMask
                0x1a001640       0x14 out/lpc4337_m4/libfreertos.a(port.o)
                0x1a001640                ulPortSetInterruptMask
 .text.vPortClearInterruptMask
                0x1a001654        0x8 out/lpc4337_m4/libfreertos.a(port.o)
                0x1a001654                vPortClearInterruptMask
 .text.PendSV_Handler
                0x1a00165c       0x5c out/lpc4337_m4/libfreertos.a(port.o)
                0x1a00165c                PendSV_Handler
 .text.SysTick_Handler
                0x1a0016b8       0x28 out/lpc4337_m4/libfreertos.a(port.o)
                0x1a0016b8                SysTick_Handler
 .text.vPortSetupTimerInterrupt
                0x1a0016e0       0x38 out/lpc4337_m4/libfreertos.a(port.o)
                0x1a0016e0                vPortSetupTimerInterrupt
 .text.vPortEnableVFP
                0x1a001718       0x14 out/lpc4337_m4/libfreertos.a(port.o)
 .text.xTaskGenericCreate
                0x1a00172c      0x140 out/lpc4337_m4/libfreertos.a(tasks.o)
                0x1a00172c                xTaskGenericCreate
 .text.vTaskStartScheduler
                0x1a00186c       0x58 out/lpc4337_m4/libfreertos.a(tasks.o)
                0x1a00186c                vTaskStartScheduler
 .text.vTaskSuspendAll
                0x1a0018c4       0x1c out/lpc4337_m4/libfreertos.a(tasks.o)
                0x1a0018c4                vTaskSuspendAll
 .text.xTaskResumeAll
                0x1a0018e0       0xfc out/lpc4337_m4/libfreertos.a(tasks.o)
                0x1a0018e0                xTaskResumeAll
 .text.xTaskIncrementTick
                0x1a0019dc      0x15c out/lpc4337_m4/libfreertos.a(tasks.o)
                0x1a0019dc                xTaskIncrementTick
 .text.vTaskSwitchContext
                0x1a001b38       0xb8 out/lpc4337_m4/libfreertos.a(tasks.o)
                0x1a001b38                vTaskSwitchContext
 .text.vTaskPlaceOnEventList
                0x1a001bf0       0x60 out/lpc4337_m4/libfreertos.a(tasks.o)
                0x1a001bf0                vTaskPlaceOnEventList
 .text.xTaskRemoveFromEventList
                0x1a001c50       0xac out/lpc4337_m4/libfreertos.a(tasks.o)
                0x1a001c50                xTaskRemoveFromEventList
 .text.vTaskSetTimeOutState
                0x1a001cfc       0x2c out/lpc4337_m4/libfreertos.a(tasks.o)
                0x1a001cfc                vTaskSetTimeOutState
 .text.xTaskCheckForTimeOut
                0x1a001d28       0x88 out/lpc4337_m4/libfreertos.a(tasks.o)
                0x1a001d28                xTaskCheckForTimeOut
 .text.vTaskMissedYield
                0x1a001db0       0x18 out/lpc4337_m4/libfreertos.a(tasks.o)
                0x1a001db0                vTaskMissedYield
 .text.prvIdleTask
                0x1a001dc8       0x24 out/lpc4337_m4/libfreertos.a(tasks.o)
 .text.prvInitialiseTCBVariables
                0x1a001dec       0x94 out/lpc4337_m4/libfreertos.a(tasks.o)
 .text.prvInitialiseTaskLists
                0x1a001e80       0x80 out/lpc4337_m4/libfreertos.a(tasks.o)
 .text.prvCheckTasksWaitingTermination
                0x1a001f00       0x78 out/lpc4337_m4/libfreertos.a(tasks.o)
 .text.prvAddCurrentTaskToDelayedList
                0x1a001f78       0x6c out/lpc4337_m4/libfreertos.a(tasks.o)
 .text.prvAllocateTCBAndStack
                0x1a001fe4       0x64 out/lpc4337_m4/libfreertos.a(tasks.o)
 .text.prvDeleteTCB
                0x1a002048       0x20 out/lpc4337_m4/libfreertos.a(tasks.o)
 .text.prvResetNextTaskUnblockTime
                0x1a002068       0x4c out/lpc4337_m4/libfreertos.a(tasks.o)
 .text.xTaskGetCurrentTaskHandle
                0x1a0020b4       0x20 out/lpc4337_m4/libfreertos.a(tasks.o)
                0x1a0020b4                xTaskGetCurrentTaskHandle
 .text.vTaskPriorityInherit
                0x1a0020d4       0xbc out/lpc4337_m4/libfreertos.a(tasks.o)
                0x1a0020d4                vTaskPriorityInherit
 .text.vTaskPriorityDisinherit
                0x1a002190       0x84 out/lpc4337_m4/libfreertos.a(tasks.o)
                0x1a002190                vTaskPriorityDisinherit
 .text.pvPortMalloc
                0x1a002214      0x130 out/lpc4337_m4/libfreertos.a(heap_4.o)
                0x1a002214                pvPortMalloc
 .text.vPortFree
                0x1a002344       0x74 out/lpc4337_m4/libfreertos.a(heap_4.o)
                0x1a002344                vPortFree
 .text.prvHeapInit
                0x1a0023b8       0xc4 out/lpc4337_m4/libfreertos.a(heap_4.o)
 .text.prvInsertBlockIntoFreeList
                0x1a00247c       0xb4 out/lpc4337_m4/libfreertos.a(heap_4.o)
 .text.vApplicationMallocFailedHook
                0x1a002530        0xc out/lpc4337_m4/libfreertos.a(FreeRTOSCommonHooks.o)
                0x1a002530                vApplicationMallocFailedHook
 .text.vApplicationStackOverflowHook
                0x1a00253c       0x10 out/lpc4337_m4/libfreertos.a(FreeRTOSCommonHooks.o)
                0x1a00253c                vApplicationStackOverflowHook
 .text.ResetISR
                0x1a00254c       0xc4 out/lpc4337_m4/libbase.a(cr_startup_lpc43xx.o)
                0x1a00254c                ResetISR
 .text.SystemInit
                0x1a002610       0x28 out/lpc4337_m4/libbase.a(sysinit.o)
                0x1a002610                SystemInit
 .text.Chip_SCU_PinMuxSet
                0x1a002638       0x34 out/lpc4337_m4/libboard.a(board.o)
 .text.Chip_SCU_PinMux
                0x1a00266c       0x3c out/lpc4337_m4/libboard.a(board.o)
 .text.Chip_ENET_RMIIEnable
                0x1a0026a8       0x28 out/lpc4337_m4/libboard.a(board.o)
 .text.Chip_GPIO_SetPinState
                0x1a0026d0       0x38 out/lpc4337_m4/libboard.a(board.o)
 .text.Chip_GPIO_SetPinDIROutput
                0x1a002708       0x40 out/lpc4337_m4/libboard.a(board.o)
 .text.Chip_GPIO_ClearValue
                0x1a002748       0x28 out/lpc4337_m4/libboard.a(board.o)
 .text.Board_LED_Init
                0x1a002770       0xa0 out/lpc4337_m4/libboard.a(board.o)
 .text.Board_Init
                0x1a002810       0x54 out/lpc4337_m4/libboard.a(board.o)
                0x1a002810                Board_Init
 .text.Chip_SCU_PinMuxSet
                0x1a002864       0x34 out/lpc4337_m4/libboard.a(board_sysinit.o)
 .text.Chip_SCU_SetPinMuxing
                0x1a002898       0x4c out/lpc4337_m4/libboard.a(board_sysinit.o)
 .text.Board_SetupMuxing
                0x1a0028e4       0x20 out/lpc4337_m4/libboard.a(board_sysinit.o)
                0x1a0028e4                Board_SetupMuxing
 .text.Board_SystemInit
                0x1a002904       0x10 out/lpc4337_m4/libboard.a(board_sysinit.o)
                0x1a002904                Board_SystemInit
 .text.Chip_Clock_DisableMainPLL
                0x1a002914       0x20 out/lpc4337_m4/libchip.a(sysinit_18xx_43xx.o)
 .text.Chip_Clock_SetupMainPLL
                0x1a002934       0x44 out/lpc4337_m4/libchip.a(sysinit_18xx_43xx.o)
 .text.Chip_Clock_MainPLLLocked
                0x1a002978       0x24 out/lpc4337_m4/libchip.a(sysinit_18xx_43xx.o)
 .text.Chip_SetupCoreClock
                0x1a00299c      0x15c out/lpc4337_m4/libchip.a(sysinit_18xx_43xx.o)
                0x1a00299c                Chip_SetupCoreClock
 .text.Chip_SetupXtalClocking
                0x1a002af8       0x18 out/lpc4337_m4/libchip.a(sysinit_18xx_43xx.o)
                0x1a002af8                Chip_SetupXtalClocking
 .text.fpuInit  0x1a002b10       0x74 out/lpc4337_m4/libchip.a(fpu_init.o)
                0x1a002b10                fpuInit
 .text.Chip_TIMER_GetClockIndex
                0x1a002b84       0x50 out/lpc4337_m4/libchip.a(timer_18xx_43xx.o)
 .text.Chip_TIMER_Init
                0x1a002bd4       0x20 out/lpc4337_m4/libchip.a(timer_18xx_43xx.o)
                0x1a002bd4                Chip_TIMER_Init
 .text.Chip_TIMER_Reset
                0x1a002bf4       0x3c out/lpc4337_m4/libchip.a(timer_18xx_43xx.o)
                0x1a002bf4                Chip_TIMER_Reset
 .text.ABS      0x1a002c30       0x24 out/lpc4337_m4/libchip.a(clock_18xx_43xx.o)
 .text.pll_calc_divs
                0x1a002c54      0x124 out/lpc4337_m4/libchip.a(clock_18xx_43xx.o)
 .text.pll_get_frac
                0x1a002d78      0x178 out/lpc4337_m4/libchip.a(clock_18xx_43xx.o)
 .text.Chip_Clock_GetDivRate
                0x1a002ef0       0x40 out/lpc4337_m4/libchip.a(clock_18xx_43xx.o)
 .text.Chip_Clock_FindBaseClock
                0x1a002f30       0x90 out/lpc4337_m4/libchip.a(clock_18xx_43xx.o)
 .text.Chip_Clock_EnableCrystal
                0x1a002fc0       0x70 out/lpc4337_m4/libchip.a(clock_18xx_43xx.o)
                0x1a002fc0                Chip_Clock_EnableCrystal
 .text.Chip_Clock_CalcMainPLLValue
                0x1a003030       0xd8 out/lpc4337_m4/libchip.a(clock_18xx_43xx.o)
                0x1a003030                Chip_Clock_CalcMainPLLValue
 .text.Chip_Clock_GetMainPLLHz
                0x1a003108       0xc0 out/lpc4337_m4/libchip.a(clock_18xx_43xx.o)
                0x1a003108                Chip_Clock_GetMainPLLHz
 .text.Chip_Clock_GetDividerSource
                0x1a0031c8       0x40 out/lpc4337_m4/libchip.a(clock_18xx_43xx.o)
                0x1a0031c8                Chip_Clock_GetDividerSource
 .text.Chip_Clock_GetDividerDivisor
                0x1a003208       0x38 out/lpc4337_m4/libchip.a(clock_18xx_43xx.o)
                0x1a003208                Chip_Clock_GetDividerDivisor
 .text.Chip_Clock_GetClockInputHz
                0x1a003240      0x140 out/lpc4337_m4/libchip.a(clock_18xx_43xx.o)
                0x1a003240                Chip_Clock_GetClockInputHz
 .text.Chip_Clock_GetBaseClocktHz
                0x1a003380       0x24 out/lpc4337_m4/libchip.a(clock_18xx_43xx.o)
                0x1a003380                Chip_Clock_GetBaseClocktHz
 .text.Chip_Clock_SetBaseClock
                0x1a0033a4       0x9c out/lpc4337_m4/libchip.a(clock_18xx_43xx.o)
                0x1a0033a4                Chip_Clock_SetBaseClock
 .text.Chip_Clock_GetBaseClock
                0x1a003440       0x4c out/lpc4337_m4/libchip.a(clock_18xx_43xx.o)
                0x1a003440                Chip_Clock_GetBaseClock
 .text.Chip_Clock_EnableOpts
                0x1a00348c       0x7c out/lpc4337_m4/libchip.a(clock_18xx_43xx.o)
                0x1a00348c                Chip_Clock_EnableOpts
 .text.Chip_Clock_Enable
                0x1a003508       0x60 out/lpc4337_m4/libchip.a(clock_18xx_43xx.o)
                0x1a003508                Chip_Clock_Enable
 .text.Chip_Clock_GetRate
                0x1a003568       0x88 out/lpc4337_m4/libchip.a(clock_18xx_43xx.o)
                0x1a003568                Chip_Clock_GetRate
 .text.getFullConvClk
                0x1a0035f0       0x10 out/lpc4337_m4/libchip.a(adc_18xx_43xx.o)
 .text.Chip_ADC_GetClockIndex
                0x1a003600       0x2c out/lpc4337_m4/libchip.a(adc_18xx_43xx.o)
 .text.getClkDiv
                0x1a00362c       0x68 out/lpc4337_m4/libchip.a(adc_18xx_43xx.o)
 .text.setStartMode
                0x1a003694       0x30 out/lpc4337_m4/libchip.a(adc_18xx_43xx.o)
                0x1a003694                setStartMode
 .text.readAdcVal
                0x1a0036c4       0x44 out/lpc4337_m4/libchip.a(adc_18xx_43xx.o)
                0x1a0036c4                readAdcVal
 .text.Chip_ADC_Init
                0x1a003708       0x88 out/lpc4337_m4/libchip.a(adc_18xx_43xx.o)
                0x1a003708                Chip_ADC_Init
 .text.Chip_ADC_ReadValue
                0x1a003790       0x24 out/lpc4337_m4/libchip.a(adc_18xx_43xx.o)
                0x1a003790                Chip_ADC_ReadValue
 .text.Chip_ADC_Int_SetChannelCmd
                0x1a0037b4       0x4c out/lpc4337_m4/libchip.a(adc_18xx_43xx.o)
                0x1a0037b4                Chip_ADC_Int_SetChannelCmd
 .text.Chip_ADC_SetStartMode
                0x1a003800       0x50 out/lpc4337_m4/libchip.a(adc_18xx_43xx.o)
                0x1a003800                Chip_ADC_SetStartMode
 .text.Chip_ADC_EnableChannel
                0x1a003850       0x58 out/lpc4337_m4/libchip.a(adc_18xx_43xx.o)
                0x1a003850                Chip_ADC_EnableChannel
 .text.SystemCoreClockUpdate
                0x1a0038a8       0x18 out/lpc4337_m4/libchip.a(chip_18xx_43xx.o)
                0x1a0038a8                SystemCoreClockUpdate
 .text.Chip_GPIO_Init
                0x1a0038c0       0x14 out/lpc4337_m4/libchip.a(gpio_18xx_43xx.o)
                0x1a0038c0                Chip_GPIO_Init
 .text.Chip_GPIO_SetDir
                0x1a0038d4       0x64 out/lpc4337_m4/libchip.a(gpio_18xx_43xx.o)
                0x1a0038d4                Chip_GPIO_SetDir
 .text          0x1a003938      0x370 /usr/local/lpcxpresso_8.2.2_650/lpcxpresso/tools/bin/../lib/gcc/arm-none-eabi/5.4.1/armv7e-m/softfp/libgcc.a(_arm_addsubdf3.o)
                0x1a003938                __aeabi_drsub
                0x1a003940                __aeabi_dsub
                0x1a003940                __subdf3
                0x1a003944                __adddf3
                0x1a003944                __aeabi_dadd
                0x1a003bbc                __aeabi_ui2d
                0x1a003bbc                __floatunsidf
                0x1a003bdc                __floatsidf
                0x1a003bdc                __aeabi_i2d
                0x1a003c00                __extendsfdf2
                0x1a003c00                __aeabi_f2d
                0x1a003c3c                __aeabi_ul2d
                0x1a003c3c                __floatundidf
                0x1a003c4c                __floatdidf
                0x1a003c4c                __aeabi_l2d
 .text          0x1a003ca8      0x424 /usr/local/lpcxpresso_8.2.2_650/lpcxpresso/tools/bin/../lib/gcc/arm-none-eabi/5.4.1/armv7e-m/softfp/libgcc.a(_arm_muldivdf3.o)
                0x1a003ca8                __aeabi_dmul
                0x1a003ca8                __muldf3
                0x1a003efc                __aeabi_ddiv
                0x1a003efc                __divdf3
 .text          0x1a0040cc       0xa0 /usr/local/lpcxpresso_8.2.2_650/lpcxpresso/tools/bin/../lib/gcc/arm-none-eabi/5.4.1/armv7e-m/softfp/libgcc.a(_arm_truncdfsf2.o)
                0x1a0040cc                __aeabi_d2f
                0x1a0040cc                __truncdfsf2
 .text          0x1a00416c      0x134 /usr/local/lpcxpresso_8.2.2_650/lpcxpresso/tools/bin/../lib/gcc/arm-none-eabi/5.4.1/../../../../arm-none-eabi/lib/armv7e-m/softfp/libc.a(lib_a-memcpy.o)
                0x1a00416c                memcpy
 .text.memset   0x1a0042a0       0x9c /usr/local/lpcxpresso_8.2.2_650/lpcxpresso/tools/bin/../lib/gcc/arm-none-eabi/5.4.1/../../../../arm-none-eabi/lib/armv7e-m/softfp/libc.a(lib_a-memset.o)
                0x1a0042a0                memset
 *(.rodata .rodata.* .constdata .constdata.*)
 .rodata        0x1a00433c       0x27 out/lpc4337_m4/obj/main.o
 *fill*         0x1a004363        0x1 ff
 .rodata        0x1a004364        0x5 out/lpc4337_m4/libfreertos.a(tasks.o)
 *fill*         0x1a004369        0x3 ff
 .rodata.ExtRateIn
                0x1a00436c        0x4 out/lpc4337_m4/libboard.a(board.o)
                0x1a00436c                ExtRateIn
 .rodata.OscRateIn
                0x1a004370        0x4 out/lpc4337_m4/libboard.a(board.o)
                0x1a004370                OscRateIn
 .rodata.spifipinmuxing
                0x1a004374       0x18 out/lpc4337_m4/libboard.a(board_sysinit.o)
 .rodata.pinmuxing
                0x1a00438c       0x24 out/lpc4337_m4/libboard.a(board_sysinit.o)
 .rodata.InitClkStates
                0x1a0043b0       0x48 out/lpc4337_m4/libchip.a(sysinit_18xx_43xx.o)
 .rodata.periph_to_base
                0x1a0043f8       0x6c out/lpc4337_m4/libchip.a(clock_18xx_43xx.o)
 .rodata        0x1a004464        0xa out/lpc4337_m4/libchip.a(clock_18xx_43xx.o)
                0x1a004470                . = ALIGN (0x4)
 *fill*         0x1a00446e        0x2 ff

.glue_7         0x1a004470        0x0
 .glue_7        0x1a004470        0x0 linker stubs

.glue_7t        0x1a004470        0x0
 .glue_7t       0x1a004470        0x0 linker stubs

.vfp11_veneer   0x1a004470        0x0
 .vfp11_veneer  0x1a004470        0x0 linker stubs

.v4_bx          0x1a004470        0x0
 .v4_bx         0x1a004470        0x0 linker stubs

.iplt           0x1a004470        0x0
 .iplt          0x1a004470        0x0 out/lpc4337_m4/obj/main.o

.rel.dyn        0x1a004470        0x0
 .rel.iplt      0x1a004470        0x0 out/lpc4337_m4/obj/main.o

.ARM.extab
 *(.ARM.extab* .gnu.linkonce.armextab.*)
                0x1a004470                __exidx_start = .

.ARM.exidx
 *(.ARM.exidx* .gnu.linkonce.armexidx.*)
                0x1a004470                __exidx_end = .
                0x1a004470                _etext = .

.data_RAM2      0x10080000     0x4000 load address 0x1a004470
 FILL mask 0xff
                [!provide]                PROVIDE (__start_data_RAM2, .)
 *(.ramfunc.$RAM2)
 *(.ramfunc.$RamLoc40)
 *(.data.$RAM2*)
 .data.$RAM2    0x10080000     0x4000 out/lpc4337_m4/libfreertos.a(heap_4.o)
 *(.data.$RamLoc40*)
                0x10084000                . = ALIGN (0x4)
                [!provide]                PROVIDE (__end_data_RAM2, .)

.data_RAM3      0x20000000        0x0 load address 0x1a008470
 FILL mask 0xff
                [!provide]                PROVIDE (__start_data_RAM3, .)
 *(.ramfunc.$RAM3)
 *(.ramfunc.$RamAHB32)
 *(.data.$RAM3*)
 *(.data.$RamAHB32*)
                0x20000000                . = ALIGN (0x4)
                [!provide]                PROVIDE (__end_data_RAM3, .)

.data_RAM4      0x20008000        0x0 load address 0x1a008470
 FILL mask 0xff
                [!provide]                PROVIDE (__start_data_RAM4, .)
 *(.ramfunc.$RAM4)
 *(.ramfunc.$RamAHB16)
 *(.data.$RAM4*)
 *(.data.$RamAHB16*)
                0x20008000                . = ALIGN (0x4)
                [!provide]                PROVIDE (__end_data_RAM4, .)

.data_RAM5      0x2000c000        0x0 load address 0x1a008470
 FILL mask 0xff
                [!provide]                PROVIDE (__start_data_RAM5, .)
 *(.ramfunc.$RAM5)
 *(.ramfunc.$RamAHB_ETB16)
 *(.data.$RAM5*)
 *(.data.$RamAHB_ETB16*)
                0x2000c000                . = ALIGN (0x4)
                [!provide]                PROVIDE (__end_data_RAM5, .)

.uninit_RESERVED
                0x10000000        0x0
 *(.bss.$RESERVED*)
                0x10000000                . = ALIGN (0x4)
                0x10000000                _end_uninit_RESERVED = .

.data           0x10000000        0x8 load address 0x1a008470
 FILL mask 0xff
                0x10000000                _data = .
 *(vtable)
 *(.ramfunc*)
 *(.data*)
 .data.uxCriticalNesting
                0x10000000        0x4 out/lpc4337_m4/libfreertos.a(port.o)
 .data.xNextTaskUnblockTime
                0x10000004        0x4 out/lpc4337_m4/libfreertos.a(tasks.o)
                0x10000008                . = ALIGN (0x4)
                0x10000008                _edata = .

.igot.plt       0x10000008        0x0 load address 0x1a008478
 .igot.plt      0x10000008        0x0 out/lpc4337_m4/obj/main.o

.bss_RAM2       0x10084000        0x0
                [!provide]                PROVIDE (__start_bss_RAM2, .)
 *(.bss.$RAM2*)
 *(.bss.$RamLoc40*)
                0x10084000                . = ALIGN (0x4)
                [!provide]                PROVIDE (__end_bss_RAM2, .)

.bss_RAM3       0x20000000        0x0
                [!provide]                PROVIDE (__start_bss_RAM3, .)
 *(.bss.$RAM3*)
 *(.bss.$RamAHB32*)
                0x20000000                . = ALIGN (0x4)
                [!provide]                PROVIDE (__end_bss_RAM3, .)

.bss_RAM4       0x20008000        0x0
                [!provide]                PROVIDE (__start_bss_RAM4, .)
 *(.bss.$RAM4*)
 *(.bss.$RamAHB16*)
                0x20008000                . = ALIGN (0x4)
                [!provide]                PROVIDE (__end_bss_RAM4, .)

.bss_RAM5       0x2000c000        0x0
                [!provide]                PROVIDE (__start_bss_RAM5, .)
 *(.bss.$RAM5*)
 *(.bss.$RamAHB_ETB16*)
                0x2000c000                . = ALIGN (0x4)
                [!provide]                PROVIDE (__end_bss_RAM5, .)

.bss            0x10000008      0x140
                0x10000008                _bss = .
 *(.bss*)
 .bss.cycles_count
                0x10000008        0x1 out/lpc4337_m4/obj/main.o
                0x10000008                cycles_count
 *fill*         0x10000009        0x3 
 .bss.pxCurrentTCB
                0x1000000c        0x4 out/lpc4337_m4/libfreertos.a(tasks.o)
                0x1000000c                pxCurrentTCB
 .bss.pxReadyTasksLists
                0x10000010       0x64 out/lpc4337_m4/libfreertos.a(tasks.o)
 .bss.xDelayedTaskList1
                0x10000074       0x14 out/lpc4337_m4/libfreertos.a(tasks.o)
 .bss.xDelayedTaskList2
                0x10000088       0x14 out/lpc4337_m4/libfreertos.a(tasks.o)
 .bss.pxDelayedTaskList
                0x1000009c        0x4 out/lpc4337_m4/libfreertos.a(tasks.o)
 .bss.pxOverflowDelayedTaskList
                0x100000a0        0x4 out/lpc4337_m4/libfreertos.a(tasks.o)
 .bss.xPendingReadyList
                0x100000a4       0x14 out/lpc4337_m4/libfreertos.a(tasks.o)
 .bss.xTasksWaitingTermination
                0x100000b8       0x14 out/lpc4337_m4/libfreertos.a(tasks.o)
 .bss.uxTasksDeleted
                0x100000cc        0x4 out/lpc4337_m4/libfreertos.a(tasks.o)
 .bss.xSuspendedTaskList
                0x100000d0       0x14 out/lpc4337_m4/libfreertos.a(tasks.o)
 .bss.uxCurrentNumberOfTasks
                0x100000e4        0x4 out/lpc4337_m4/libfreertos.a(tasks.o)
 .bss.xTickCount
                0x100000e8        0x4 out/lpc4337_m4/libfreertos.a(tasks.o)
 .bss.uxTopReadyPriority
                0x100000ec        0x4 out/lpc4337_m4/libfreertos.a(tasks.o)
 .bss.xSchedulerRunning
                0x100000f0        0x4 out/lpc4337_m4/libfreertos.a(tasks.o)
 .bss.uxPendedTicks
                0x100000f4        0x4 out/lpc4337_m4/libfreertos.a(tasks.o)
 .bss.xYieldPending
                0x100000f8        0x4 out/lpc4337_m4/libfreertos.a(tasks.o)
 .bss.xNumOfOverflows
                0x100000fc        0x4 out/lpc4337_m4/libfreertos.a(tasks.o)
 .bss.uxTaskNumber
                0x10000100        0x4 out/lpc4337_m4/libfreertos.a(tasks.o)
 .bss.uxSchedulerSuspended
                0x10000104        0x4 out/lpc4337_m4/libfreertos.a(tasks.o)
 .bss.xStart    0x10000108        0x8 out/lpc4337_m4/libfreertos.a(heap_4.o)
 .bss.pxEnd     0x10000110        0x4 out/lpc4337_m4/libfreertos.a(heap_4.o)
 .bss.xFreeBytesRemaining
                0x10000114        0x4 out/lpc4337_m4/libfreertos.a(heap_4.o)
 .bss.xMinimumEverFreeBytesRemaining
                0x10000118        0x4 out/lpc4337_m4/libfreertos.a(heap_4.o)
 .bss.xBlockAllocatedBit
                0x1000011c        0x4 out/lpc4337_m4/libfreertos.a(heap_4.o)
 .bss.audio_usb_pll_freq
                0x10000120        0x8 out/lpc4337_m4/libchip.a(clock_18xx_43xx.o)
 *(COMMON)
 COMMON         0x10000128       0x1c out/lpc4337_m4/obj/main.o
                0x10000128                xControllerSemaphore
                0x1000012c                ADCSetup
                0x10000134                adc_data
                0x10000138                xFireTriggerSemaphore
                0x1000013c                xPhaseSemaphore
                0x10000140                controller_output
 COMMON         0x10000144        0x4 out/lpc4337_m4/libchip.a(chip_18xx_43xx.o)
                0x10000144                SystemCoreClock
                0x10000148                . = ALIGN (0x4)
                0x10000148                _ebss = .
                [!provide]                PROVIDE (end, .)

.noinit_RAM2    0x10084000        0x0
 *(.noinit.$RAM2*)
 *(.noinit.$RamLoc40*)
                0x10084000                . = ALIGN (0x4)

.noinit_RAM3    0x20000000        0x0
 *(.noinit.$RAM3*)
 *(.noinit.$RamAHB32*)
                0x20000000                . = ALIGN (0x4)

.noinit_RAM4    0x20008000        0x0
 *(.noinit.$RAM4*)
 *(.noinit.$RamAHB16*)
                0x20008000                . = ALIGN (0x4)

.noinit_RAM5    0x2000c000        0x0
 *(.noinit.$RAM5*)
 *(.noinit.$RamAHB_ETB16*)
                0x2000c000                . = ALIGN (0x4)

.noinit         0x10000148        0x0
                0x10000148                _noinit = .
 *(.noinit*)
                0x10000148                . = ALIGN (0x4)
                0x10000148                _end_noinit = .
                [!provide]                PROVIDE (_pvHeapStart, DEFINED (__user_heap_base)?__user_heap_base:.)
                0x10007fe0                PROVIDE (_vStackTop, DEFINED (__user_stack_top)?__user_stack_top:(__top_RamLoc32 - 0x20))
                [!provide]                PROVIDE (__valid_user_code_checksum, (0x0 - ((((((_vStackTop + (ResetISR + 0x1)) + (NMI_Handler + 0x1)) + (HardFault_Handler + 0x1)) + (DEFINED (MemManage_Handler)?MemManage_Handler:0x0 + 0x1)) + (DEFINED (BusFault_Handler)?BusFault_Handler:0x0 + 0x1)) + (DEFINED (UsageFault_Handler)?UsageFault_Handler:0x0 + 0x1))))
OUTPUT(out/lpc4337_m4/on_off_controller.axf elf32-littlearm)

.debug_info     0x00000000     0xb315
 .debug_info    0x00000000     0x16b2 out/lpc4337_m4/obj/main.o
 .debug_info    0x000016b2     0x1045 out/lpc4337_m4/libfreertos.a(queue.o)
 .debug_info    0x000026f7      0x2da out/lpc4337_m4/libfreertos.a(list.o)
 .debug_info    0x000029d1      0x734 out/lpc4337_m4/libfreertos.a(port.o)
 .debug_info    0x00003105     0x1690 out/lpc4337_m4/libfreertos.a(tasks.o)
 .debug_info    0x00004795      0x7ea out/lpc4337_m4/libfreertos.a(heap_4.o)
 .debug_info    0x00004f7f      0x19a out/lpc4337_m4/libfreertos.a(FreeRTOSCommonHooks.o)
 .debug_info    0x00005119      0x2ad out/lpc4337_m4/libbase.a(cr_startup_lpc43xx.o)
 .debug_info    0x000053c6       0xf5 out/lpc4337_m4/libbase.a(sysinit.o)
 .debug_info    0x000054bb     0x15db out/lpc4337_m4/libboard.a(board.o)
 .debug_info    0x00006a96      0xb77 out/lpc4337_m4/libboard.a(board_sysinit.o)
 .debug_info    0x0000760d      0x913 out/lpc4337_m4/libchip.a(sysinit_18xx_43xx.o)
 .debug_info    0x00007f20      0x13e out/lpc4337_m4/libchip.a(fpu_init.o)
 .debug_info    0x0000805e      0x4eb out/lpc4337_m4/libchip.a(timer_18xx_43xx.o)
 .debug_info    0x00008549     0x15b1 out/lpc4337_m4/libchip.a(clock_18xx_43xx.o)
 .debug_info    0x00009afa      0x97e out/lpc4337_m4/libchip.a(adc_18xx_43xx.o)
 .debug_info    0x0000a478      0xa47 out/lpc4337_m4/libchip.a(chip_18xx_43xx.o)
 .debug_info    0x0000aebf      0x456 out/lpc4337_m4/libchip.a(gpio_18xx_43xx.o)

.debug_abbrev   0x00000000     0x1d0c
 .debug_abbrev  0x00000000      0x2e1 out/lpc4337_m4/obj/main.o
 .debug_abbrev  0x000002e1      0x200 out/lpc4337_m4/libfreertos.a(queue.o)
 .debug_abbrev  0x000004e1       0xdb out/lpc4337_m4/libfreertos.a(list.o)
 .debug_abbrev  0x000005bc      0x1a8 out/lpc4337_m4/libfreertos.a(port.o)
 .debug_abbrev  0x00000764      0x267 out/lpc4337_m4/libfreertos.a(tasks.o)
 .debug_abbrev  0x000009cb      0x1bf out/lpc4337_m4/libfreertos.a(heap_4.o)
 .debug_abbrev  0x00000b8a      0x111 out/lpc4337_m4/libfreertos.a(FreeRTOSCommonHooks.o)
 .debug_abbrev  0x00000c9b       0xed out/lpc4337_m4/libbase.a(cr_startup_lpc43xx.o)
 .debug_abbrev  0x00000d88       0x9c out/lpc4337_m4/libbase.a(sysinit.o)
 .debug_abbrev  0x00000e24      0x2f1 out/lpc4337_m4/libboard.a(board.o)
 .debug_abbrev  0x00001115      0x19a out/lpc4337_m4/libboard.a(board_sysinit.o)
 .debug_abbrev  0x000012af      0x18e out/lpc4337_m4/libchip.a(sysinit_18xx_43xx.o)
 .debug_abbrev  0x0000143d       0x84 out/lpc4337_m4/libchip.a(fpu_init.o)
 .debug_abbrev  0x000014c1      0x15b out/lpc4337_m4/libchip.a(timer_18xx_43xx.o)
 .debug_abbrev  0x0000161c      0x2cb out/lpc4337_m4/libchip.a(clock_18xx_43xx.o)
 .debug_abbrev  0x000018e7      0x1bf out/lpc4337_m4/libchip.a(adc_18xx_43xx.o)
 .debug_abbrev  0x00001aa6      0x155 out/lpc4337_m4/libchip.a(chip_18xx_43xx.o)
 .debug_abbrev  0x00001bfb      0x111 out/lpc4337_m4/libchip.a(gpio_18xx_43xx.o)

.debug_aranges  0x00000000      0xa28
 .debug_aranges
                0x00000000      0x128 out/lpc4337_m4/obj/main.o
 .debug_aranges
                0x00000128       0xf0 out/lpc4337_m4/libfreertos.a(queue.o)
 .debug_aranges
                0x00000218       0x40 out/lpc4337_m4/libfreertos.a(list.o)
 .debug_aranges
                0x00000258       0x90 out/lpc4337_m4/libfreertos.a(port.o)
 .debug_aranges
                0x000002e8      0x178 out/lpc4337_m4/libfreertos.a(tasks.o)
 .debug_aranges
                0x00000460       0x50 out/lpc4337_m4/libfreertos.a(heap_4.o)
 .debug_aranges
                0x000004b0       0x40 out/lpc4337_m4/libfreertos.a(FreeRTOSCommonHooks.o)
 .debug_aranges
                0x000004f0       0x80 out/lpc4337_m4/libbase.a(cr_startup_lpc43xx.o)
 .debug_aranges
                0x00000570       0x20 out/lpc4337_m4/libbase.a(sysinit.o)
 .debug_aranges
                0x00000590      0x130 out/lpc4337_m4/libboard.a(board.o)
 .debug_aranges
                0x000006c0       0x40 out/lpc4337_m4/libboard.a(board_sysinit.o)
 .debug_aranges
                0x00000700       0x50 out/lpc4337_m4/libchip.a(sysinit_18xx_43xx.o)
 .debug_aranges
                0x00000750       0x20 out/lpc4337_m4/libchip.a(fpu_init.o)
 .debug_aranges
                0x00000770       0x40 out/lpc4337_m4/libchip.a(timer_18xx_43xx.o)
 .debug_aranges
                0x000007b0      0x138 out/lpc4337_m4/libchip.a(clock_18xx_43xx.o)
 .debug_aranges
                0x000008e8       0x98 out/lpc4337_m4/libchip.a(adc_18xx_43xx.o)
 .debug_aranges
                0x00000980       0x40 out/lpc4337_m4/libchip.a(chip_18xx_43xx.o)
 .debug_aranges
                0x000009c0       0x68 out/lpc4337_m4/libchip.a(gpio_18xx_43xx.o)

.debug_ranges   0x00000000      0x920
 .debug_ranges  0x00000000      0x118 out/lpc4337_m4/obj/main.o
 .debug_ranges  0x00000118       0xe0 out/lpc4337_m4/libfreertos.a(queue.o)
 .debug_ranges  0x000001f8       0x30 out/lpc4337_m4/libfreertos.a(list.o)
 .debug_ranges  0x00000228       0x80 out/lpc4337_m4/libfreertos.a(port.o)
 .debug_ranges  0x000002a8      0x168 out/lpc4337_m4/libfreertos.a(tasks.o)
 .debug_ranges  0x00000410       0x40 out/lpc4337_m4/libfreertos.a(heap_4.o)
 .debug_ranges  0x00000450       0x30 out/lpc4337_m4/libfreertos.a(FreeRTOSCommonHooks.o)
 .debug_ranges  0x00000480       0x70 out/lpc4337_m4/libbase.a(cr_startup_lpc43xx.o)
 .debug_ranges  0x000004f0       0x10 out/lpc4337_m4/libbase.a(sysinit.o)
 .debug_ranges  0x00000500      0x120 out/lpc4337_m4/libboard.a(board.o)
 .debug_ranges  0x00000620       0x30 out/lpc4337_m4/libboard.a(board_sysinit.o)
 .debug_ranges  0x00000650       0x40 out/lpc4337_m4/libchip.a(sysinit_18xx_43xx.o)
 .debug_ranges  0x00000690       0x10 out/lpc4337_m4/libchip.a(fpu_init.o)
 .debug_ranges  0x000006a0       0x30 out/lpc4337_m4/libchip.a(timer_18xx_43xx.o)
 .debug_ranges  0x000006d0      0x140 out/lpc4337_m4/libchip.a(clock_18xx_43xx.o)
 .debug_ranges  0x00000810       0x88 out/lpc4337_m4/libchip.a(adc_18xx_43xx.o)
 .debug_ranges  0x00000898       0x30 out/lpc4337_m4/libchip.a(chip_18xx_43xx.o)
 .debug_ranges  0x000008c8       0x58 out/lpc4337_m4/libchip.a(gpio_18xx_43xx.o)

.debug_macro    0x00000000     0xa67e
 .debug_macro   0x00000000      0x5b9 out/lpc4337_m4/obj/main.o
 .debug_macro   0x000005b9      0x8bc out/lpc4337_m4/obj/main.o
 .debug_macro   0x00000e75       0x10 out/lpc4337_m4/obj/main.o
 .debug_macro   0x00000e85       0x22 out/lpc4337_m4/obj/main.o
 .debug_macro   0x00000ea7       0x87 out/lpc4337_m4/obj/main.o
 .debug_macro   0x00000f2e       0x44 out/lpc4337_m4/obj/main.o
 .debug_macro   0x00000f72       0xfd out/lpc4337_m4/obj/main.o
 .debug_macro   0x0000106f       0x5e out/lpc4337_m4/obj/main.o
 .debug_macro   0x000010cd      0x1df out/lpc4337_m4/obj/main.o
 .debug_macro   0x000012ac       0x22 out/lpc4337_m4/obj/main.o
 .debug_macro   0x000012ce       0x7b out/lpc4337_m4/obj/main.o
 .debug_macro   0x00001349       0x28 out/lpc4337_m4/obj/main.o
 .debug_macro   0x00001371       0x3b out/lpc4337_m4/obj/main.o
 .debug_macro   0x000013ac       0x2d out/lpc4337_m4/obj/main.o
 .debug_macro   0x000013d9       0x42 out/lpc4337_m4/obj/main.o
 .debug_macro   0x0000141b      0xd39 out/lpc4337_m4/obj/main.o
 .debug_macro   0x00002154      0x2bc out/lpc4337_m4/obj/main.o
 .debug_macro   0x00002410      0x112 out/lpc4337_m4/obj/main.o
 .debug_macro   0x00002522       0x11 out/lpc4337_m4/obj/main.o
 .debug_macro   0x00002533       0x2a out/lpc4337_m4/obj/main.o
 .debug_macro   0x0000255d       0x16 out/lpc4337_m4/obj/main.o
 .debug_macro   0x00002573      0x2e6 out/lpc4337_m4/obj/main.o
 .debug_macro   0x00002859       0x82 out/lpc4337_m4/obj/main.o
 .debug_macro   0x000028db      0x13d out/lpc4337_m4/obj/main.o
 .debug_macro   0x00002a18      0x198 out/lpc4337_m4/obj/main.o
 .debug_macro   0x00002bb0       0x34 out/lpc4337_m4/obj/main.o
 .debug_macro   0x00002be4       0x58 out/lpc4337_m4/obj/main.o
 .debug_macro   0x00002c3c      0x236 out/lpc4337_m4/obj/main.o
 .debug_macro   0x00002e72      0x572 out/lpc4337_m4/obj/main.o
 .debug_macro   0x000033e4       0x16 out/lpc4337_m4/obj/main.o
 .debug_macro   0x000033fa      0x18a out/lpc4337_m4/obj/main.o
 .debug_macro   0x00003584       0x88 out/lpc4337_m4/obj/main.o
 .debug_macro   0x0000360c      0x1b9 out/lpc4337_m4/obj/main.o
 .debug_macro   0x000037c5      0x1da out/lpc4337_m4/obj/main.o
 .debug_macro   0x0000399f       0x40 out/lpc4337_m4/obj/main.o
 .debug_macro   0x000039df       0x1c out/lpc4337_m4/obj/main.o
 .debug_macro   0x000039fb       0x2e out/lpc4337_m4/obj/main.o
 .debug_macro   0x00003a29       0x2e out/lpc4337_m4/obj/main.o
 .debug_macro   0x00003a57       0x22 out/lpc4337_m4/obj/main.o
 .debug_macro   0x00003a79      0x201 out/lpc4337_m4/obj/main.o
 .debug_macro   0x00003c7a       0xe0 out/lpc4337_m4/obj/main.o
 .debug_macro   0x00003d5a      0x34c out/lpc4337_m4/obj/main.o
 .debug_macro   0x000040a6       0xdc out/lpc4337_m4/obj/main.o
 .debug_macro   0x00004182       0xc4 out/lpc4337_m4/obj/main.o
 .debug_macro   0x00004246       0x94 out/lpc4337_m4/obj/main.o
 .debug_macro   0x000042da       0xb8 out/lpc4337_m4/obj/main.o
 .debug_macro   0x00004392       0x4c out/lpc4337_m4/obj/main.o
 .debug_macro   0x000043de       0x16 out/lpc4337_m4/obj/main.o
 .debug_macro   0x000043f4      0x328 out/lpc4337_m4/obj/main.o
 .debug_macro   0x0000471c       0x3a out/lpc4337_m4/obj/main.o
 .debug_macro   0x00004756       0xd0 out/lpc4337_m4/obj/main.o
 .debug_macro   0x00004826       0x18 out/lpc4337_m4/obj/main.o
 .debug_macro   0x0000483e       0x22 out/lpc4337_m4/obj/main.o
 .debug_macro   0x00004860       0x40 out/lpc4337_m4/obj/main.o
 .debug_macro   0x000048a0       0x82 out/lpc4337_m4/obj/main.o
 .debug_macro   0x00004922       0x52 out/lpc4337_m4/obj/main.o
 .debug_macro   0x00004974       0x35 out/lpc4337_m4/obj/main.o
 .debug_macro   0x000049a9       0x9c out/lpc4337_m4/obj/main.o
 .debug_macro   0x00004a45       0x16 out/lpc4337_m4/obj/main.o
 .debug_macro   0x00004a5b       0x97 out/lpc4337_m4/obj/main.o
 .debug_macro   0x00004af2      0x30d out/lpc4337_m4/obj/main.o
 .debug_macro   0x00004dff       0xfd out/lpc4337_m4/obj/main.o
 .debug_macro   0x00004efc       0x10 out/lpc4337_m4/obj/main.o
 .debug_macro   0x00004f0c       0x52 out/lpc4337_m4/obj/main.o
 .debug_macro   0x00004f5e       0x1f out/lpc4337_m4/obj/main.o
 .debug_macro   0x00004f7d       0x43 out/lpc4337_m4/obj/main.o
 .debug_macro   0x00004fc0       0x20 out/lpc4337_m4/obj/main.o
 .debug_macro   0x00004fe0      0x187 out/lpc4337_m4/obj/main.o
 .debug_macro   0x00005167       0x10 out/lpc4337_m4/obj/main.o
 .debug_macro   0x00005177       0x1c out/lpc4337_m4/obj/main.o
 .debug_macro   0x00005193       0x52 out/lpc4337_m4/obj/main.o
 .debug_macro   0x000051e5       0x40 out/lpc4337_m4/obj/main.o
 .debug_macro   0x00005225       0x10 out/lpc4337_m4/obj/main.o
 .debug_macro   0x00005235       0x40 out/lpc4337_m4/obj/main.o
 .debug_macro   0x00005275       0xd7 out/lpc4337_m4/obj/main.o
 .debug_macro   0x0000534c       0x16 out/lpc4337_m4/obj/main.o
 .debug_macro   0x00005362      0x189 out/lpc4337_m4/obj/main.o
 .debug_macro   0x000054eb       0x20 out/lpc4337_m4/obj/main.o
 .debug_macro   0x0000550b       0x28 out/lpc4337_m4/obj/main.o
 .debug_macro   0x00005533       0xf6 out/lpc4337_m4/obj/main.o
 .debug_macro   0x00005629       0x40 out/lpc4337_m4/obj/main.o
 .debug_macro   0x00005669       0xaf out/lpc4337_m4/obj/main.o
 .debug_macro   0x00005718       0x12 out/lpc4337_m4/obj/main.o
 .debug_macro   0x0000572a       0x1f out/lpc4337_m4/obj/main.o
 .debug_macro   0x00005749      0x35a out/lpc4337_m4/obj/main.o
 .debug_macro   0x00005aa3       0x79 out/lpc4337_m4/obj/main.o
 .debug_macro   0x00005b1c       0x69 out/lpc4337_m4/obj/main.o
 .debug_macro   0x00005b85       0xb0 out/lpc4337_m4/obj/main.o
 .debug_macro   0x00005c35       0x7e out/lpc4337_m4/obj/main.o
 .debug_macro   0x00005cb3      0x56c out/lpc4337_m4/libfreertos.a(queue.o)
 .debug_macro   0x0000621f       0x4c out/lpc4337_m4/libfreertos.a(queue.o)
 .debug_macro   0x0000626b       0x8d out/lpc4337_m4/libfreertos.a(queue.o)
 .debug_macro   0x000062f8       0x16 out/lpc4337_m4/libfreertos.a(queue.o)
 .debug_macro   0x0000630e      0x10e out/lpc4337_m4/libfreertos.a(queue.o)
 .debug_macro   0x0000641c       0x8d out/lpc4337_m4/libfreertos.a(queue.o)
 .debug_macro   0x000064a9       0x4a out/lpc4337_m4/libfreertos.a(queue.o)
 .debug_macro   0x000064f3       0x16 out/lpc4337_m4/libfreertos.a(queue.o)
 .debug_macro   0x00006509       0x29 out/lpc4337_m4/libfreertos.a(queue.o)
 .debug_macro   0x00006532       0x16 out/lpc4337_m4/libfreertos.a(queue.o)
 .debug_macro   0x00006548       0x35 out/lpc4337_m4/libfreertos.a(queue.o)
 .debug_macro   0x0000657d       0x74 out/lpc4337_m4/libfreertos.a(queue.o)
 .debug_macro   0x000065f1       0x11 out/lpc4337_m4/libfreertos.a(queue.o)
 .debug_macro   0x00006602       0x1c out/lpc4337_m4/libfreertos.a(queue.o)
 .debug_macro   0x0000661e      0x4fa out/lpc4337_m4/libfreertos.a(list.o)
 .debug_macro   0x00006b18      0x58a out/lpc4337_m4/libfreertos.a(port.o)
 .debug_macro   0x000070a2      0x174 out/lpc4337_m4/libfreertos.a(port.o)
 .debug_macro   0x00007216      0x5af out/lpc4337_m4/libfreertos.a(tasks.o)
 .debug_macro   0x000077c5       0x91 out/lpc4337_m4/libfreertos.a(tasks.o)
 .debug_macro   0x00007856       0x16 out/lpc4337_m4/libfreertos.a(tasks.o)
 .debug_macro   0x0000786c      0x527 out/lpc4337_m4/libfreertos.a(heap_4.o)
 .debug_macro   0x00007d93      0x353 out/lpc4337_m4/libfreertos.a(heap_4.o)
 .debug_macro   0x000080e6      0x4f1 out/lpc4337_m4/libfreertos.a(FreeRTOSCommonHooks.o)
 .debug_macro   0x000085d7       0x23 out/lpc4337_m4/libbase.a(cr_startup_lpc43xx.o)
 .debug_macro   0x000085fa      0x475 out/lpc4337_m4/libbase.a(sysinit.o)
 .debug_macro   0x00008a6f      0x495 out/lpc4337_m4/libboard.a(board.o)
 .debug_macro   0x00008f04       0x12 out/lpc4337_m4/libboard.a(board.o)
 .debug_macro   0x00008f16      0x475 out/lpc4337_m4/libboard.a(board_sysinit.o)
 .debug_macro   0x0000938b      0x301 out/lpc4337_m4/libchip.a(sysinit_18xx_43xx.o)
 .debug_macro   0x0000968c       0xe7 out/lpc4337_m4/libchip.a(fpu_init.o)
 .debug_macro   0x00009773      0x301 out/lpc4337_m4/libchip.a(timer_18xx_43xx.o)
 .debug_macro   0x00009a74      0x307 out/lpc4337_m4/libchip.a(clock_18xx_43xx.o)
 .debug_macro   0x00009d7b      0x301 out/lpc4337_m4/libchip.a(adc_18xx_43xx.o)
 .debug_macro   0x0000a07c      0x301 out/lpc4337_m4/libchip.a(chip_18xx_43xx.o)
 .debug_macro   0x0000a37d      0x301 out/lpc4337_m4/libchip.a(gpio_18xx_43xx.o)

.debug_line     0x00000000     0x9e95
 .debug_line    0x00000000      0xc7e out/lpc4337_m4/obj/main.o
 .debug_line    0x00000c7e      0xc64 out/lpc4337_m4/libfreertos.a(queue.o)
 .debug_line    0x000018e2      0x934 out/lpc4337_m4/libfreertos.a(list.o)
 .debug_line    0x00002216      0x9d8 out/lpc4337_m4/libfreertos.a(port.o)
 .debug_line    0x00002bee     0x106d out/lpc4337_m4/libfreertos.a(tasks.o)
 .debug_line    0x00003c5b      0x9ac out/lpc4337_m4/libfreertos.a(heap_4.o)
 .debug_line    0x00004607      0x929 out/lpc4337_m4/libfreertos.a(FreeRTOSCommonHooks.o)
 .debug_line    0x00004f30      0x10d out/lpc4337_m4/libbase.a(cr_startup_lpc43xx.o)
 .debug_line    0x0000503d      0x7f9 out/lpc4337_m4/libbase.a(sysinit.o)
 .debug_line    0x00005836      0xafc out/lpc4337_m4/libboard.a(board.o)
 .debug_line    0x00006332      0x875 out/lpc4337_m4/libboard.a(board_sysinit.o)
 .debug_line    0x00006ba7      0x786 out/lpc4337_m4/libchip.a(sysinit_18xx_43xx.o)
 .debug_line    0x0000732d      0x2c4 out/lpc4337_m4/libchip.a(fpu_init.o)
 .debug_line    0x000075f1      0x70f out/lpc4337_m4/libchip.a(timer_18xx_43xx.o)
 .debug_line    0x00007d00      0xb15 out/lpc4337_m4/libchip.a(clock_18xx_43xx.o)
 .debug_line    0x00008815      0x7ff out/lpc4337_m4/libchip.a(adc_18xx_43xx.o)
 .debug_line    0x00009014      0x718 out/lpc4337_m4/libchip.a(chip_18xx_43xx.o)
 .debug_line    0x0000972c      0x769 out/lpc4337_m4/libchip.a(gpio_18xx_43xx.o)

.debug_str      0x00000000    0x215a6
 .debug_str     0x00000000    0x1d3dd out/lpc4337_m4/obj/main.o
                              0x1d795 (size before relaxing)
 .debug_str     0x0001d3dd      0x882 out/lpc4337_m4/libfreertos.a(queue.o)
                              0x1cb11 (size before relaxing)
 .debug_str     0x0001dc5f       0xbb out/lpc4337_m4/libfreertos.a(list.o)
                              0x1ac42 (size before relaxing)
 .debug_str     0x0001dd1a      0x6a5 out/lpc4337_m4/libfreertos.a(port.o)
                              0x1bed6 (size before relaxing)
 .debug_str     0x0001e3bf     0x168e out/lpc4337_m4/libfreertos.a(tasks.o)
                              0x1d170 (size before relaxing)
 .debug_str     0x0001fa4d      0x25b out/lpc4337_m4/libfreertos.a(heap_4.o)
                              0x1bb61 (size before relaxing)
 .debug_str     0x0001fca8       0xc8 out/lpc4337_m4/libfreertos.a(FreeRTOSCommonHooks.o)
                              0x1aec0 (size before relaxing)
 .debug_str     0x0001fd70      0x1e7 out/lpc4337_m4/libbase.a(cr_startup_lpc43xx.o)
                               0x27aa (size before relaxing)
 .debug_str     0x0001ff57       0x30 out/lpc4337_m4/libbase.a(sysinit.o)
                              0x18622 (size before relaxing)
 .debug_str     0x0001ff87      0x6c0 out/lpc4337_m4/libboard.a(board.o)
                              0x1987c (size before relaxing)
 .debug_str     0x00020647      0x214 out/lpc4337_m4/libboard.a(board_sysinit.o)
                              0x193d8 (size before relaxing)
 .debug_str     0x0002085b      0x1a7 out/lpc4337_m4/libchip.a(sysinit_18xx_43xx.o)
                              0x1554f (size before relaxing)
 .debug_str     0x00020a02       0xca out/lpc4337_m4/libchip.a(fpu_init.o)
                               0x9119 (size before relaxing)
 .debug_str     0x00020acc      0x155 out/lpc4337_m4/libchip.a(timer_18xx_43xx.o)
                              0x14d85 (size before relaxing)
 .debug_str     0x00020c21      0x547 out/lpc4337_m4/libchip.a(clock_18xx_43xx.o)
                              0x15b0d (size before relaxing)
 .debug_str     0x00021168      0x2d5 out/lpc4337_m4/libchip.a(adc_18xx_43xx.o)
                              0x150ad (size before relaxing)
 .debug_str     0x0002143d       0x88 out/lpc4337_m4/libchip.a(chip_18xx_43xx.o)
                              0x15580 (size before relaxing)
 .debug_str     0x000214c5       0xe1 out/lpc4337_m4/libchip.a(gpio_18xx_43xx.o)
                              0x1498c (size before relaxing)

.comment        0x00000000       0x6e
 .comment       0x00000000       0x6e out/lpc4337_m4/obj/main.o
                                 0x6f (size before relaxing)
 .comment       0x0000006e       0x6f out/lpc4337_m4/libfreertos.a(queue.o)
 .comment       0x0000006e       0x6f out/lpc4337_m4/libfreertos.a(list.o)
 .comment       0x0000006e       0x6f out/lpc4337_m4/libfreertos.a(port.o)
 .comment       0x0000006e       0x6f out/lpc4337_m4/libfreertos.a(tasks.o)
 .comment       0x0000006e       0x6f out/lpc4337_m4/libfreertos.a(heap_4.o)
 .comment       0x0000006e       0x6f out/lpc4337_m4/libfreertos.a(FreeRTOSCommonHooks.o)
 .comment       0x0000006e       0x6f out/lpc4337_m4/libbase.a(cr_startup_lpc43xx.o)
 .comment       0x0000006e       0x6f out/lpc4337_m4/libbase.a(sysinit.o)
 .comment       0x0000006e       0x6f out/lpc4337_m4/libboard.a(board.o)
 .comment       0x0000006e       0x6f out/lpc4337_m4/libboard.a(board_sysinit.o)
 .comment       0x0000006e       0x6f out/lpc4337_m4/libchip.a(sysinit_18xx_43xx.o)
 .comment       0x0000006e       0x6f out/lpc4337_m4/libchip.a(fpu_init.o)
 .comment       0x0000006e       0x6f out/lpc4337_m4/libchip.a(timer_18xx_43xx.o)
 .comment       0x0000006e       0x6f out/lpc4337_m4/libchip.a(clock_18xx_43xx.o)
 .comment       0x0000006e       0x6f out/lpc4337_m4/libchip.a(adc_18xx_43xx.o)
 .comment       0x0000006e       0x6f out/lpc4337_m4/libchip.a(chip_18xx_43xx.o)
 .comment       0x0000006e       0x6f out/lpc4337_m4/libchip.a(gpio_18xx_43xx.o)

.ARM.attributes
                0x00000000       0x35
 .ARM.attributes
                0x00000000       0x37 out/lpc4337_m4/obj/main.o
 .ARM.attributes
                0x00000037       0x37 out/lpc4337_m4/libfreertos.a(queue.o)
 .ARM.attributes
                0x0000006e       0x37 out/lpc4337_m4/libfreertos.a(list.o)
 .ARM.attributes
                0x000000a5       0x37 out/lpc4337_m4/libfreertos.a(port.o)
 .ARM.attributes
                0x000000dc       0x37 out/lpc4337_m4/libfreertos.a(tasks.o)
 .ARM.attributes
                0x00000113       0x37 out/lpc4337_m4/libfreertos.a(heap_4.o)
 .ARM.attributes
                0x0000014a       0x37 out/lpc4337_m4/libfreertos.a(FreeRTOSCommonHooks.o)
 .ARM.attributes
                0x00000181       0x37 out/lpc4337_m4/libbase.a(cr_startup_lpc43xx.o)
 .ARM.attributes
                0x000001b8       0x37 out/lpc4337_m4/libbase.a(sysinit.o)
 .ARM.attributes
                0x000001ef       0x37 out/lpc4337_m4/libboard.a(board.o)
 .ARM.attributes
                0x00000226       0x37 out/lpc4337_m4/libboard.a(board_sysinit.o)
 .ARM.attributes
                0x0000025d       0x37 out/lpc4337_m4/libchip.a(sysinit_18xx_43xx.o)
 .ARM.attributes
                0x00000294       0x37 out/lpc4337_m4/libchip.a(fpu_init.o)
 .ARM.attributes
                0x000002cb       0x37 out/lpc4337_m4/libchip.a(timer_18xx_43xx.o)
 .ARM.attributes
                0x00000302       0x37 out/lpc4337_m4/libchip.a(clock_18xx_43xx.o)
 .ARM.attributes
                0x00000339       0x37 out/lpc4337_m4/libchip.a(adc_18xx_43xx.o)
 .ARM.attributes
                0x00000370       0x37 out/lpc4337_m4/libchip.a(chip_18xx_43xx.o)
 .ARM.attributes
                0x000003a7       0x37 out/lpc4337_m4/libchip.a(gpio_18xx_43xx.o)
 .ARM.attributes
                0x000003de       0x22 /usr/local/lpcxpresso_8.2.2_650/lpcxpresso/tools/bin/../lib/gcc/arm-none-eabi/5.4.1/armv7e-m/softfp/libgcc.a(_arm_addsubdf3.o)
 .ARM.attributes
                0x00000400       0x22 /usr/local/lpcxpresso_8.2.2_650/lpcxpresso/tools/bin/../lib/gcc/arm-none-eabi/5.4.1/armv7e-m/softfp/libgcc.a(_arm_muldivdf3.o)
 .ARM.attributes
                0x00000422       0x22 /usr/local/lpcxpresso_8.2.2_650/lpcxpresso/tools/bin/../lib/gcc/arm-none-eabi/5.4.1/armv7e-m/softfp/libgcc.a(_arm_truncdfsf2.o)
 .ARM.attributes
                0x00000444       0x20 /usr/local/lpcxpresso_8.2.2_650/lpcxpresso/tools/bin/../lib/gcc/arm-none-eabi/5.4.1/../../../../arm-none-eabi/lib/armv7e-m/softfp/libc.a(lib_a-memcpy.o)
 .ARM.attributes
                0x00000464       0x32 /usr/local/lpcxpresso_8.2.2_650/lpcxpresso/tools/bin/../lib/gcc/arm-none-eabi/5.4.1/../../../../arm-none-eabi/lib/armv7e-m/softfp/libc.a(lib_a-memset.o)

.debug_frame    0x00000000     0x26e0
 .debug_frame   0x00000000      0x4e0 out/lpc4337_m4/obj/main.o
 .debug_frame   0x000004e0      0x404 out/lpc4337_m4/libfreertos.a(queue.o)
 .debug_frame   0x000008e4       0xd8 out/lpc4337_m4/libfreertos.a(list.o)
 .debug_frame   0x000009bc      0x184 out/lpc4337_m4/libfreertos.a(port.o)
 .debug_frame   0x00000b40      0x650 out/lpc4337_m4/libfreertos.a(tasks.o)
 .debug_frame   0x00001190      0x108 out/lpc4337_m4/libfreertos.a(heap_4.o)
 .debug_frame   0x00001298       0xb0 out/lpc4337_m4/libfreertos.a(FreeRTOSCommonHooks.o)
 .debug_frame   0x00001348      0x170 out/lpc4337_m4/libbase.a(cr_startup_lpc43xx.o)
 .debug_frame   0x000014b8       0x34 out/lpc4337_m4/libbase.a(sysinit.o)
 .debug_frame   0x000014ec      0x504 out/lpc4337_m4/libboard.a(board.o)
 .debug_frame   0x000019f0       0xbc out/lpc4337_m4/libboard.a(board_sysinit.o)
 .debug_frame   0x00001aac       0xf4 out/lpc4337_m4/libchip.a(sysinit_18xx_43xx.o)
 .debug_frame   0x00001ba0       0x38 out/lpc4337_m4/libchip.a(fpu_init.o)
 .debug_frame   0x00001bd8       0xd0 out/lpc4337_m4/libchip.a(timer_18xx_43xx.o)
 .debug_frame   0x00001ca8      0x568 out/lpc4337_m4/libchip.a(clock_18xx_43xx.o)
 .debug_frame   0x00002210      0x264 out/lpc4337_m4/libchip.a(adc_18xx_43xx.o)
 .debug_frame   0x00002474       0xa0 out/lpc4337_m4/libchip.a(chip_18xx_43xx.o)
 .debug_frame   0x00002514      0x198 out/lpc4337_m4/libchip.a(gpio_18xx_43xx.o)
 .debug_frame   0x000026ac       0x34 /usr/local/lpcxpresso_8.2.2_650/lpcxpresso/tools/bin/../lib/gcc/arm-none-eabi/5.4.1/../../../../arm-none-eabi/lib/armv7e-m/softfp/libc.a(lib_a-memset.o)
