Archive member included to satisfy reference by file (symbol)

/home/nicozorza/LPCXpresso/TP_Final/Pruebas/Prueba_detectar_fase/lpc_board_nxp_lpcxpresso_4337/Debug/liblpc_board_nxp_lpcxpresso_4337.a(board.o)
                              ./example/src/pinint.o (Board_LED_Set)
/home/nicozorza/LPCXpresso/TP_Final/Pruebas/Prueba_detectar_fase/lpc_board_nxp_lpcxpresso_4337/Debug/liblpc_board_nxp_lpcxpresso_4337.a(board_sysinit.o)
                              ./example/src/sysinit.o (Board_SystemInit)
/home/nicozorza/LPCXpresso/TP_Final/Pruebas/Prueba_detectar_fase/lpc_board_nxp_lpcxpresso_4337/Debug/liblpc_board_nxp_lpcxpresso_4337.a(wm8904.o)
                              /home/nicozorza/LPCXpresso/TP_Final/Pruebas/Prueba_detectar_fase/lpc_board_nxp_lpcxpresso_4337/Debug/liblpc_board_nxp_lpcxpresso_4337.a(board.o) (WM8904_Init)
/home/nicozorza/LPCXpresso/TP_Final/Pruebas/Prueba_detectar_fase/lpc_chip_43xx/Debug/liblpc_chip_43xx.a(chip_18xx_43xx.o)
                              ./example/src/pinint.o (SystemCoreClockUpdate)
/home/nicozorza/LPCXpresso/TP_Final/Pruebas/Prueba_detectar_fase/lpc_chip_43xx/Debug/liblpc_chip_43xx.a(clock_18xx_43xx.o)
                              /home/nicozorza/LPCXpresso/TP_Final/Pruebas/Prueba_detectar_fase/lpc_chip_43xx/Debug/liblpc_chip_43xx.a(chip_18xx_43xx.o) (Chip_Clock_GetClockInputHz)
/home/nicozorza/LPCXpresso/TP_Final/Pruebas/Prueba_detectar_fase/lpc_chip_43xx/Debug/liblpc_chip_43xx.a(fpu_init.o)
                              ./example/src/sysinit.o (fpuInit)
/home/nicozorza/LPCXpresso/TP_Final/Pruebas/Prueba_detectar_fase/lpc_chip_43xx/Debug/liblpc_chip_43xx.a(gpio_18xx_43xx.o)
                              /home/nicozorza/LPCXpresso/TP_Final/Pruebas/Prueba_detectar_fase/lpc_board_nxp_lpcxpresso_4337/Debug/liblpc_board_nxp_lpcxpresso_4337.a(board.o) (Chip_GPIO_Init)
/home/nicozorza/LPCXpresso/TP_Final/Pruebas/Prueba_detectar_fase/lpc_chip_43xx/Debug/liblpc_chip_43xx.a(i2c_18xx_43xx.o)
                              /home/nicozorza/LPCXpresso/TP_Final/Pruebas/Prueba_detectar_fase/lpc_board_nxp_lpcxpresso_4337/Debug/liblpc_board_nxp_lpcxpresso_4337.a(wm8904.o) (Chip_I2C_EventHandlerPolling)
/home/nicozorza/LPCXpresso/TP_Final/Pruebas/Prueba_detectar_fase/lpc_chip_43xx/Debug/liblpc_chip_43xx.a(ssp_18xx_43xx.o)
                              /home/nicozorza/LPCXpresso/TP_Final/Pruebas/Prueba_detectar_fase/lpc_board_nxp_lpcxpresso_4337/Debug/liblpc_board_nxp_lpcxpresso_4337.a(board.o) (Chip_SSP_WriteFrames_Blocking)
/home/nicozorza/LPCXpresso/TP_Final/Pruebas/Prueba_detectar_fase/lpc_chip_43xx/Debug/liblpc_chip_43xx.a(sysinit_18xx_43xx.o)
                              /home/nicozorza/LPCXpresso/TP_Final/Pruebas/Prueba_detectar_fase/lpc_board_nxp_lpcxpresso_4337/Debug/liblpc_board_nxp_lpcxpresso_4337.a(board_sysinit.o) (Chip_SetupCoreClock)
/home/nicozorza/LPCXpresso/TP_Final/Pruebas/Prueba_detectar_fase/lpc_chip_43xx/Debug/liblpc_chip_43xx.a(uart_18xx_43xx.o)
                              /home/nicozorza/LPCXpresso/TP_Final/Pruebas/Prueba_detectar_fase/lpc_board_nxp_lpcxpresso_4337/Debug/liblpc_board_nxp_lpcxpresso_4337.a(board.o) (Chip_UART_Init)
/home/nicozorza/LPCXpresso/TP_Final/Pruebas/Prueba_detectar_fase/lpc_chip_43xx/Debug/liblpc_chip_43xx.a(ring_buffer.o)
                              /home/nicozorza/LPCXpresso/TP_Final/Pruebas/Prueba_detectar_fase/lpc_chip_43xx/Debug/liblpc_chip_43xx.a(uart_18xx_43xx.o) (RingBuffer_Insert)
/usr/local/lpcxpresso_8.2.2_650/lpcxpresso/tools/bin/../lib/gcc/arm-none-eabi/5.4.1/../../../../arm-none-eabi/lib/armv7e-m/softfp/libcr_nohost.a(_cr__main.o)
                              ./example/src/cr_startup_lpc43xx.o (__main)
/usr/local/lpcxpresso_8.2.2_650/lpcxpresso/tools/bin/../lib/gcc/arm-none-eabi/5.4.1/../../../../arm-none-eabi/lib/armv7e-m/softfp/libcr_c.a(memcpy.o)
                              /home/nicozorza/LPCXpresso/TP_Final/Pruebas/Prueba_detectar_fase/lpc_board_nxp_lpcxpresso_4337/Debug/liblpc_board_nxp_lpcxpresso_4337.a(board.o) (memcpy)
/usr/local/lpcxpresso_8.2.2_650/lpcxpresso/tools/bin/../lib/gcc/arm-none-eabi/5.4.1/../../../../arm-none-eabi/lib/armv7e-m/softfp/libcr_c.a(memset.o)
                              /home/nicozorza/LPCXpresso/TP_Final/Pruebas/Prueba_detectar_fase/lpc_chip_43xx/Debug/liblpc_chip_43xx.a(clock_18xx_43xx.o) (memset)
/usr/local/lpcxpresso_8.2.2_650/lpcxpresso/tools/bin/../lib/gcc/arm-none-eabi/5.4.1/../../../../arm-none-eabi/lib/armv7e-m/softfp/libcr_c.a(initio.o)
                              /usr/local/lpcxpresso_8.2.2_650/lpcxpresso/tools/bin/../lib/gcc/arm-none-eabi/5.4.1/../../../../arm-none-eabi/lib/armv7e-m/softfp/libcr_nohost.a(_cr__main.o) (_initio)
/usr/local/lpcxpresso_8.2.2_650/lpcxpresso/tools/bin/../lib/gcc/arm-none-eabi/5.4.1/../../../../arm-none-eabi/lib/armv7e-m/softfp/libcr_c.a(setvbuf.o)
                              /usr/local/lpcxpresso_8.2.2_650/lpcxpresso/tools/bin/../lib/gcc/arm-none-eabi/5.4.1/../../../../arm-none-eabi/lib/armv7e-m/softfp/libcr_c.a(initio.o) (setvbuf)
[...]
Memory Configuration

Name             Origin             Length             Attributes
MFlashA512       0x1a000000         0x00080000         xr
MFlashB512       0x1b000000         0x00080000         xr
RamLoc32         0x10000000         0x00008000         xrw
RamLoc40         0x10080000         0x0000a000         xrw
RamAHB32         0x20000000         0x00008000         xrw
RamAHB16         0x20008000         0x00004000         xrw
RamAHB_ETB16     0x2000c000         0x00004000         xrw
*default*        0x00000000         0xffffffff

Linker script and memory map

LOAD ./example/src/cr_startup_lpc43xx.o
LOAD ./example/src/pinint.o
LOAD ./example/src/sysinit.o
LOAD /home/nicozorza/LPCXpresso/TP_Final/Pruebas/Prueba_detectar_fase/lpc_board_nxp_lpcxpresso_4337/Debug/liblpc_board_nxp_lpcxpresso_4337.a
LOAD /home/nicozorza/LPCXpresso/TP_Final/Pruebas/Prueba_detectar_fase/lpc_chip_43xx/Debug/liblpc_chip_43xx.a
START GROUP
LOAD /usr/local/lpcxpresso_8.2.2_650/lpcxpresso/tools/bin/../lib/gcc/arm-none-eabi/5.4.1/../../../../arm-none-eabi/lib/armv7e-m/softfp/libcr_nohost.a
LOAD /usr/local/lpcxpresso_8.2.2_650/lpcxpresso/tools/bin/../lib/gcc/arm-none-eabi/5.4.1/../../../../arm-none-eabi/lib/armv7e-m/softfp/libcr_c.a
LOAD /usr/local/lpcxpresso_8.2.2_650/lpcxpresso/tools/bin/../lib/gcc/arm-none-eabi/5.4.1/armv7e-m/softfp/libcr_eabihelpers.a
END GROUP
                0x1a000000                __base_MFlashA512 = 0x1a000000
                0x1a000000                __base_Flash = 0x1a000000
                0x1a080000                __top_MFlashA512 = 0x1a080000
                0x1a080000                __top_Flash = 0x1a080000
                0x1b000000                __base_MFlashB512 = 0x1b000000
                0x1b000000                __base_Flash2 = 0x1b000000
                0x1b080000                __top_MFlashB512 = 0x1b080000
                0x1b080000                __top_Flash2 = 0x1b080000
                0x10000000                __base_RamLoc32 = 0x10000000
                0x10000000                __base_RAM = 0x10000000
                0x10008000                __top_RamLoc32 = 0x10008000
                0x10008000                __top_RAM = 0x10008000
                0x10080000                __base_RamLoc40 = 0x10080000
                0x10080000                __base_RAM2 = 0x10080000
                0x1008a000                __top_RamLoc40 = 0x1008a000
                0x1008a000                __top_RAM2 = 0x1008a000
                0x20000000                __base_RamAHB32 = 0x20000000
                0x20000000                __base_RAM3 = 0x20000000
                0x20008000                __top_RamAHB32 = 0x20008000
                0x20008000                __top_RAM3 = 0x20008000
                0x20008000                __base_RamAHB16 = 0x20008000
                0x20008000                __base_RAM4 = 0x20008000
                0x2000c000                __top_RamAHB16 = 0x2000c000
                0x2000c000                __top_RAM4 = 0x2000c000
                0x2000c000                __base_RamAHB_ETB16 = 0x2000c000
                0x2000c000                __base_RAM5 = 0x2000c000
                0x20010000                __top_RamAHB_ETB16 = 0x20010000
                0x20010000                __top_RAM5 = 0x20010000

.text_Flash2    0x1b000000        0x0
 FILL mask 0xff
 *(.text_Flash2*)
 *(.text_MFlashB512*)
 *(.text.$Flash2*)
 *(.text.$MFlashB512*)
 *(.rodata.$Flash2*)
 *(.rodata.$MFlashB512*)

.text           0x1a000000     0x245c
 FILL mask 0xff
                0x1a000000                __vectors_start__ = ABSOLUTE (.)
 *(.isr_vector)
 .isr_vector    0x1a000000      0x114 ./example/src/cr_startup_lpc43xx.o
                0x1a000000                g_pfnVectors
                0x1a000114                . = ALIGN (0x4)
                0x1a000114                __section_table_start = .
                0x1a000114                __data_section_table = .
                0x1a000114        0x4 LONG 0x1a00245c LOADADDR (.data)
                0x1a000118        0x4 LONG 0x10000000 ADDR (.data)
                0x1a00011c        0x4 LONG 0x0 SIZEOF (.data)
                0x1a000120        0x4 LONG 0x1a00245c LOADADDR (.data_RAM2)
                0x1a000124        0x4 LONG 0x10080000 ADDR (.data_RAM2)
                0x1a000128        0x4 LONG 0x0 SIZEOF (.data_RAM2)
                0x1a00012c        0x4 LONG 0x1a00245c LOADADDR (.data_RAM3)
                0x1a000130        0x4 LONG 0x20000000 ADDR (.data_RAM3)
                0x1a000134        0x4 LONG 0x0 SIZEOF (.data_RAM3)
                0x1a000138        0x4 LONG 0x1a00245c LOADADDR (.data_RAM4)
                0x1a00013c        0x4 LONG 0x20008000 ADDR (.data_RAM4)
                0x1a000140        0x4 LONG 0x0 SIZEOF (.data_RAM4)
                0x1a000144        0x4 LONG 0x1a00245c LOADADDR (.data_RAM5)
                0x1a000148        0x4 LONG 0x2000c000 ADDR (.data_RAM5)
                0x1a00014c        0x4 LONG 0x0 SIZEOF (.data_RAM5)
                0x1a000150                __data_section_table_end = .
                0x1a000150                __bss_section_table = .
                0x1a000150        0x4 LONG 0x10000000 ADDR (.bss)
                0x1a000154        0x4 LONG 0x15c SIZEOF (.bss)
                0x1a000158        0x4 LONG 0x10080000 ADDR (.bss_RAM2)
                0x1a00015c        0x4 LONG 0x0 SIZEOF (.bss_RAM2)
                0x1a000160        0x4 LONG 0x20000000 ADDR (.bss_RAM3)
                0x1a000164        0x4 LONG 0x0 SIZEOF (.bss_RAM3)
                0x1a000168        0x4 LONG 0x20008000 ADDR (.bss_RAM4)
                0x1a00016c        0x4 LONG 0x0 SIZEOF (.bss_RAM4)
                0x1a000170        0x4 LONG 0x2000c000 ADDR (.bss_RAM5)
                0x1a000174        0x4 LONG 0x0 SIZEOF (.bss_RAM5)
                0x1a000178                __bss_section_table_end = .
                0x1a000178                __section_table_end = .
 *(.after_vectors*)
 .after_vectors
                0x1a000178       0xcc ./example/src/cr_startup_lpc43xx.o
                0x1a000178                data_init
                0x1a0001bc                bss_init
                0x1a0001f4                NMI_Handler
                0x1a0001fc                HardFault_Handler
                0x1a000204                MemManage_Handler
                0x1a00020c                BusFault_Handler
                0x1a000214                UsageFault_Handler
                0x1a00021c                SVC_Handler
                0x1a000224                DebugMon_Handler
                0x1a00022c                PendSV_Handler
                0x1a000234                SysTick_Handler
                0x1a00023c                TIMER2_IRQHandler
                0x1a00023c                RIT_IRQHandler
                0x1a00023c                ADCHS_IRQHandler
                0x1a00023c                FLASH_EEPROM_IRQHandler
                0x1a00023c                I2C0_IRQHandler
                0x1a00023c                SDIO_IRQHandler
                0x1a00023c                ATIMER_IRQHandler
                0x1a00023c                I2C1_IRQHandler
                0x1a00023c                UART1_IRQHandler
                0x1a00023c                GPIO5_IRQHandler
                0x1a00023c                CAN1_IRQHandler
                0x1a00023c                USB1_IRQHandler
                0x1a00023c                I2S0_IRQHandler
                0x1a00023c                TIMER3_IRQHandler
                0x1a00023c                UART0_IRQHandler
                0x1a00023c                SGPIO_IRQHandler
                0x1a00023c                ADC0_IRQHandler
                0x1a00023c                GPIO6_IRQHandler
                0x1a00023c                IntDefaultHandler
                0x1a00023c                GPIO1_IRQHandler
                0x1a00023c                SSP0_IRQHandler
                0x1a00023c                ADC1_IRQHandler
                0x1a00023c                RTC_IRQHandler
                0x1a00023c                TIMER0_IRQHandler
                0x1a00023c                SPI_IRQHandler
                0x1a00023c                LCD_IRQHandler
                0x1a00023c                TIMER1_IRQHandler
                0x1a00023c                UART2_IRQHandler
                0x1a00023c                GPIO2_IRQHandler
                0x1a00023c                I2S1_IRQHandler
                0x1a00023c                SSP1_IRQHandler
                0x1a00023c                USB0_IRQHandler
                0x1a00023c                GPIO3_IRQHandler
                0x1a00023c                SCT_IRQHandler
                0x1a00023c                WDT_IRQHandler
                0x1a00023c                GPIO7_IRQHandler
                0x1a00023c                SPIFI_IRQHandler
                0x1a00023c                QEI_IRQHandler
                0x1a00023c                ETH_IRQHandler
                0x1a00023c                CAN0_IRQHandler
                0x1a00023c                GINT0_IRQHandler
                0x1a00023c                DAC_IRQHandler
                0x1a00023c                M0SUB_IRQHandler
                0x1a00023c                DMA_IRQHandler
                0x1a00023c                EVRT_IRQHandler
                0x1a00023c                UART3_IRQHandler
                0x1a00023c                MCPWM_IRQHandler
                0x1a00023c                M0APP_IRQHandler
                0x1a00023c                GINT1_IRQHandler
                0x1a00023c                GPIO4_IRQHandler
 *(.text*)
 .text.ResetISR
                0x1a000244       0xc4 ./example/src/cr_startup_lpc43xx.o
                0x1a000244                ResetISR
 .text.NVIC_EnableIRQ
                0x1a000308       0x34 ./example/src/pinint.o
 .text.NVIC_ClearPendingIRQ
                0x1a00033c       0x34 ./example/src/pinint.o
 .text.Chip_SCU_PinMuxSet
                0x1a000370       0x34 ./example/src/pinint.o
 .text.Chip_SCU_GPIOIntPinSel
                0x1a0003a4       0x74 ./example/src/pinint.o
 .text.Chip_GPIO_SetPinState
                0x1a000418       0x38 ./example/src/pinint.o
 .text.Chip_GPIO_SetPinDIROutput
                0x1a000450       0x40 ./example/src/pinint.o
 .text.Chip_GPIO_SetPinDIRInput
                0x1a000490       0x40 ./example/src/pinint.o
 .text.Chip_PININT_SetPinModeEdge
                0x1a0004d0       0x24 ./example/src/pinint.o
 .text.Chip_PININT_EnableIntLow
                0x1a0004f4       0x1c ./example/src/pinint.o
 .text.Chip_PININT_ClearIntStatus
                0x1a000510       0x1c ./example/src/pinint.o
 .text.GPIO0_IRQHandler
                0x1a00052c       0x1c ./example/src/pinint.o
                0x1a00052c                GPIO0_IRQHandler
 .text.delay_zorza
                0x1a000548       0x20 ./example/src/pinint.o
                0x1a000548                delay_zorza
 .text.main     0x1a000568       0xc4 ./example/src/pinint.o
                0x1a000568                main
 .text.SystemInit
                0x1a00062c       0x28 ./example/src/sysinit.o
                0x1a00062c                SystemInit
 .text.Chip_SCU_PinMuxSet
                0x1a000654       0x34 /home/nicozorza/LPCXpresso/TP_Final/Pruebas/Prueba_detectar_fase/lpc_board_nxp_lpcxpresso_4337/Debug/liblpc_board_nxp_lpcxpresso_4337.a(board.o)
 .text.Chip_ENET_RMIIEnable
                0x1a000688       0x28 /home/nicozorza/LPCXpresso/TP_Final/Pruebas/Prueba_detectar_fase/lpc_board_nxp_lpcxpresso_4337/Debug/liblpc_board_nxp_lpcxpresso_4337.a(board.o)
 .text.Chip_GPIO_SetPinState
                0x1a0006b0       0x38 /home/nicozorza/LPCXpresso/TP_Final/Pruebas/Prueba_detectar_fase/lpc_board_nxp_lpcxpresso_4337/Debug/liblpc_board_nxp_lpcxpresso_4337.a(board.o)
 .text.Chip_GPIO_GetPinState
                0x1a0006e8       0x38 /home/nicozorza/LPCXpresso/TP_Final/Pruebas/Prueba_detectar_fase/lpc_board_nxp_lpcxpresso_4337/Debug/liblpc_board_nxp_lpcxpresso_4337.a(board.o)
 .text.Chip_GPIO_SetPinDIROutput
                0x1a000720       0x40 /home/nicozorza/LPCXpresso/TP_Final/Pruebas/Prueba_detectar_fase/lpc_board_nxp_lpcxpresso_4337/Debug/liblpc_board_nxp_lpcxpresso_4337.a(board.o)
 .text.Chip_GPIO_SetPinDIRInput
                0x1a000760       0x40 /home/nicozorza/LPCXpresso/TP_Final/Pruebas/Prueba_detectar_fase/lpc_board_nxp_lpcxpresso_4337/Debug/liblpc_board_nxp_lpcxpresso_4337.a(board.o)
 .text.Chip_UART_TXEnable
                0x1a0007a0       0x1c /home/nicozorza/LPCXpresso/TP_Final/Pruebas/Prueba_detectar_fase/lpc_board_nxp_lpcxpresso_4337/Debug/liblpc_board_nxp_lpcxpresso_4337.a(board.o)
 .text.Chip_UART_SendByte
                0x1a0007bc       0x20 /home/nicozorza/LPCXpresso/TP_Final/Pruebas/Prueba_detectar_fase/lpc_board_nxp_lpcxpresso_4337/Debug/liblpc_board_nxp_lpcxpresso_4337.a(board.o)
 .text.Chip_UART_ConfigData
                0x1a0007dc       0x1c /home/nicozorza/LPCXpresso/TP_Final/Pruebas/Prueba_detectar_fase/lpc_board_nxp_lpcxpresso_4337/Debug/liblpc_board_nxp_lpcxpresso_4337.a(board.o)
 .text.Chip_UART_ReadLineStatus
                0x1a0007f8       0x18 /home/nicozorza/LPCXpresso/TP_Final/Pruebas/Prueba_detectar_fase/lpc_board_nxp_lpcxpresso_4337/Debug/liblpc_board_nxp_lpcxpresso_4337.a(board.o)
 .text.__sys_write
                0x1a000810       0x38 /home/nicozorza/LPCXpresso/TP_Final/Pruebas/Prueba_detectar_fase/lpc_board_nxp_lpcxpresso_4337/Debug/liblpc_board_nxp_lpcxpresso_4337.a(board.o)
                0x1a000810                __sys_write
 .text.Board_UART_Init
                0x1a000848       0x24 /home/nicozorza/LPCXpresso/TP_Final/Pruebas/Prueba_detectar_fase/lpc_board_nxp_lpcxpresso_4337/Debug/liblpc_board_nxp_lpcxpresso_4337.a(board.o)
                0x1a000848                Board_UART_Init
 .text.Board_Debug_Init
                0x1a00086c       0x30 /home/nicozorza/LPCXpresso/TP_Final/Pruebas/Prueba_detectar_fase/lpc_board_nxp_lpcxpresso_4337/Debug/liblpc_board_nxp_lpcxpresso_4337.a(board.o)
                0x1a00086c                Board_Debug_Init
 .text.Board_UARTPutChar
                0x1a00089c       0x34 /home/nicozorza/LPCXpresso/TP_Final/Pruebas/Prueba_detectar_fase/lpc_board_nxp_lpcxpresso_4337/Debug/liblpc_board_nxp_lpcxpresso_4337.a(board.o)
                0x1a00089c                Board_UARTPutChar
 .text.Board_LED_Init
                0x1a0008d0       0x5c /home/nicozorza/LPCXpresso/TP_Final/Pruebas/Prueba_detectar_fase/lpc_board_nxp_lpcxpresso_4337/Debug/liblpc_board_nxp_lpcxpresso_4337.a(board.o)
 .text.Board_LED_Set
                0x1a00092c       0x48 /home/nicozorza/LPCXpresso/TP_Final/Pruebas/Prueba_detectar_fase/lpc_board_nxp_lpcxpresso_4337/Debug/liblpc_board_nxp_lpcxpresso_4337.a(board.o)
                0x1a00092c                Board_LED_Set
 .text.Board_LED_Test
                0x1a000974       0x48 /home/nicozorza/LPCXpresso/TP_Final/Pruebas/Prueba_detectar_fase/lpc_board_nxp_lpcxpresso_4337/Debug/liblpc_board_nxp_lpcxpresso_4337.a(board.o)
                0x1a000974                Board_LED_Test
 .text.Board_LED_Toggle
                0x1a0009bc       0x3c /home/nicozorza/LPCXpresso/TP_Final/Pruebas/Prueba_detectar_fase/lpc_board_nxp_lpcxpresso_4337/Debug/liblpc_board_nxp_lpcxpresso_4337.a(board.o)
                0x1a0009bc                Board_LED_Toggle
 .text.Board_Buttons_Init
                0x1a0009f8       0x44 /home/nicozorza/LPCXpresso/TP_Final/Pruebas/Prueba_detectar_fase/lpc_board_nxp_lpcxpresso_4337/Debug/liblpc_board_nxp_lpcxpresso_4337.a(board.o)
                0x1a0009f8                Board_Buttons_Init
 .text.Board_Init
                0x1a000a3c       0x28 /home/nicozorza/LPCXpresso/TP_Final/Pruebas/Prueba_detectar_fase/lpc_board_nxp_lpcxpresso_4337/Debug/liblpc_board_nxp_lpcxpresso_4337.a(board.o)
                0x1a000a3c                Board_Init
 .text.Chip_SCU_PinMuxSet
                0x1a000a64       0x34 /home/nicozorza/LPCXpresso/TP_Final/Pruebas/Prueba_detectar_fase/lpc_board_nxp_lpcxpresso_4337/Debug/liblpc_board_nxp_lpcxpresso_4337.a(board_sysinit.o)
 .text.Chip_SCU_SetPinMuxing
                0x1a000a98       0x4c /home/nicozorza/LPCXpresso/TP_Final/Pruebas/Prueba_detectar_fase/lpc_board_nxp_lpcxpresso_4337/Debug/liblpc_board_nxp_lpcxpresso_4337.a(board_sysinit.o)
 .text.Chip_CREG_SetFlashAcceleration
                0x1a000ae4       0x54 /home/nicozorza/LPCXpresso/TP_Final/Pruebas/Prueba_detectar_fase/lpc_board_nxp_lpcxpresso_4337/Debug/liblpc_board_nxp_lpcxpresso_4337.a(board_sysinit.o)
 .text.Board_SetupMuxing
                0x1a000b38       0x14 /home/nicozorza/LPCXpresso/TP_Final/Pruebas/Prueba_detectar_fase/lpc_board_nxp_lpcxpresso_4337/Debug/liblpc_board_nxp_lpcxpresso_4337.a(board_sysinit.o)
                0x1a000b38                Board_SetupMuxing
 .text.Board_SetupClocking
                0x1a000b4c       0x84 /home/nicozorza/LPCXpresso/TP_Final/Pruebas/Prueba_detectar_fase/lpc_board_nxp_lpcxpresso_4337/Debug/liblpc_board_nxp_lpcxpresso_4337.a(board_sysinit.o)
                0x1a000b4c                Board_SetupClocking
 .text.Board_SystemInit
                0x1a000bd0       0x10 /home/nicozorza/LPCXpresso/TP_Final/Pruebas/Prueba_detectar_fase/lpc_board_nxp_lpcxpresso_4337/Debug/liblpc_board_nxp_lpcxpresso_4337.a(board_sysinit.o)
                0x1a000bd0                Board_SystemInit
 .text.SystemCoreClockUpdate
                0x1a000be0       0x18 /home/nicozorza/LPCXpresso/TP_Final/Pruebas/Prueba_detectar_fase/lpc_chip_43xx/Debug/liblpc_chip_43xx.a(chip_18xx_43xx.o)
                0x1a000be0                SystemCoreClockUpdate
 .text.ABS      0x1a000bf8       0x24 /home/nicozorza/LPCXpresso/TP_Final/Pruebas/Prueba_detectar_fase/lpc_chip_43xx/Debug/liblpc_chip_43xx.a(clock_18xx_43xx.o)
 .text.pll_calc_divs
                0x1a000c1c      0x124 /home/nicozorza/LPCXpresso/TP_Final/Pruebas/Prueba_detectar_fase/lpc_chip_43xx/Debug/liblpc_chip_43xx.a(clock_18xx_43xx.o)
 .text.pll_get_frac
                0x1a000d40      0x178 /home/nicozorza/LPCXpresso/TP_Final/Pruebas/Prueba_detectar_fase/lpc_chip_43xx/Debug/liblpc_chip_43xx.a(clock_18xx_43xx.o)
 .text.Chip_Clock_GetDivRate
                0x1a000eb8       0x40 /home/nicozorza/LPCXpresso/TP_Final/Pruebas/Prueba_detectar_fase/lpc_chip_43xx/Debug/liblpc_chip_43xx.a(clock_18xx_43xx.o)
 .text.Chip_Clock_FindBaseClock
                0x1a000ef8       0x90 /home/nicozorza/LPCXpresso/TP_Final/Pruebas/Prueba_detectar_fase/lpc_chip_43xx/Debug/liblpc_chip_43xx.a(clock_18xx_43xx.o)
 .text.Chip_Clock_EnableCrystal
                0x1a000f88       0x70 /home/nicozorza/LPCXpresso/TP_Final/Pruebas/Prueba_detectar_fase/lpc_chip_43xx/Debug/liblpc_chip_43xx.a(clock_18xx_43xx.o)
                0x1a000f88                Chip_Clock_EnableCrystal
 .text.Chip_Clock_CalcMainPLLValue
                0x1a000ff8       0xd8 /home/nicozorza/LPCXpresso/TP_Final/Pruebas/Prueba_detectar_fase/lpc_chip_43xx/Debug/liblpc_chip_43xx.a(clock_18xx_43xx.o)
                0x1a000ff8                Chip_Clock_CalcMainPLLValue
 .text.Chip_Clock_GetMainPLLHz
                0x1a0010d0       0xc0 /home/nicozorza/LPCXpresso/TP_Final/Pruebas/Prueba_detectar_fase/lpc_chip_43xx/Debug/liblpc_chip_43xx.a(clock_18xx_43xx.o)
                0x1a0010d0                Chip_Clock_GetMainPLLHz
 .text.Chip_Clock_GetDividerSource
                0x1a001190       0x40 /home/nicozorza/LPCXpresso/TP_Final/Pruebas/Prueba_detectar_fase/lpc_chip_43xx/Debug/liblpc_chip_43xx.a(clock_18xx_43xx.o)
                0x1a001190                Chip_Clock_GetDividerSource
 .text.Chip_Clock_GetDividerDivisor
                0x1a0011d0       0x38 /home/nicozorza/LPCXpresso/TP_Final/Pruebas/Prueba_detectar_fase/lpc_chip_43xx/Debug/liblpc_chip_43xx.a(clock_18xx_43xx.o)
                0x1a0011d0                Chip_Clock_GetDividerDivisor
 .text.Chip_Clock_GetClockInputHz
                0x1a001208      0x140 /home/nicozorza/LPCXpresso/TP_Final/Pruebas/Prueba_detectar_fase/lpc_chip_43xx/Debug/liblpc_chip_43xx.a(clock_18xx_43xx.o)
                0x1a001208                Chip_Clock_GetClockInputHz
 .text.Chip_Clock_GetBaseClocktHz
                0x1a001348       0x24 /home/nicozorza/LPCXpresso/TP_Final/Pruebas/Prueba_detectar_fase/lpc_chip_43xx/Debug/liblpc_chip_43xx.a(clock_18xx_43xx.o)
                0x1a001348                Chip_Clock_GetBaseClocktHz
 .text.Chip_Clock_SetBaseClock
                0x1a00136c       0x9c /home/nicozorza/LPCXpresso/TP_Final/Pruebas/Prueba_detectar_fase/lpc_chip_43xx/Debug/liblpc_chip_43xx.a(clock_18xx_43xx.o)
                0x1a00136c                Chip_Clock_SetBaseClock
 .text.Chip_Clock_GetBaseClock
                0x1a001408       0x4c /home/nicozorza/LPCXpresso/TP_Final/Pruebas/Prueba_detectar_fase/lpc_chip_43xx/Debug/liblpc_chip_43xx.a(clock_18xx_43xx.o)
                0x1a001408                Chip_Clock_GetBaseClock
 .text.Chip_Clock_EnableOpts
                0x1a001454       0x7c /home/nicozorza/LPCXpresso/TP_Final/Pruebas/Prueba_detectar_fase/lpc_chip_43xx/Debug/liblpc_chip_43xx.a(clock_18xx_43xx.o)
                0x1a001454                Chip_Clock_EnableOpts
 .text.Chip_Clock_GetRate
                0x1a0014d0       0x88 /home/nicozorza/LPCXpresso/TP_Final/Pruebas/Prueba_detectar_fase/lpc_chip_43xx/Debug/liblpc_chip_43xx.a(clock_18xx_43xx.o)
                0x1a0014d0                Chip_Clock_GetRate
 .text.fpuInit  0x1a001558       0x74 /home/nicozorza/LPCXpresso/TP_Final/Pruebas/Prueba_detectar_fase/lpc_chip_43xx/Debug/liblpc_chip_43xx.a(fpu_init.o)
                0x1a001558                fpuInit
 .text.Chip_GPIO_Init
                0x1a0015cc       0x14 /home/nicozorza/LPCXpresso/TP_Final/Pruebas/Prueba_detectar_fase/lpc_chip_43xx/Debug/liblpc_chip_43xx.a(gpio_18xx_43xx.o)
                0x1a0015cc                Chip_GPIO_Init
 .text.Chip_Clock_DisableMainPLL
                0x1a0015e0       0x20 /home/nicozorza/LPCXpresso/TP_Final/Pruebas/Prueba_detectar_fase/lpc_chip_43xx/Debug/liblpc_chip_43xx.a(sysinit_18xx_43xx.o)
 .text.Chip_Clock_SetupMainPLL
                0x1a001600       0x44 /home/nicozorza/LPCXpresso/TP_Final/Pruebas/Prueba_detectar_fase/lpc_chip_43xx/Debug/liblpc_chip_43xx.a(sysinit_18xx_43xx.o)
 .text.Chip_Clock_MainPLLLocked
                0x1a001644       0x24 /home/nicozorza/LPCXpresso/TP_Final/Pruebas/Prueba_detectar_fase/lpc_chip_43xx/Debug/liblpc_chip_43xx.a(sysinit_18xx_43xx.o)
 .text.Chip_SetupCoreClock
                0x1a001668      0x15c /home/nicozorza/LPCXpresso/TP_Final/Pruebas/Prueba_detectar_fase/lpc_chip_43xx/Debug/liblpc_chip_43xx.a(sysinit_18xx_43xx.o)
                0x1a001668                Chip_SetupCoreClock
 .text.Chip_UART_TXDisable
                0x1a0017c4       0x1c /home/nicozorza/LPCXpresso/TP_Final/Pruebas/Prueba_detectar_fase/lpc_chip_43xx/Debug/liblpc_chip_43xx.a(uart_18xx_43xx.o)
 .text.Chip_UART_SetupFIFOS
                0x1a0017e0       0x1c /home/nicozorza/LPCXpresso/TP_Final/Pruebas/Prueba_detectar_fase/lpc_chip_43xx/Debug/liblpc_chip_43xx.a(uart_18xx_43xx.o)
 .text.Chip_UART_ConfigData
                0x1a0017fc       0x1c /home/nicozorza/LPCXpresso/TP_Final/Pruebas/Prueba_detectar_fase/lpc_chip_43xx/Debug/liblpc_chip_43xx.a(uart_18xx_43xx.o)
 .text.Chip_UART_EnableDivisorAccess
                0x1a001818       0x20 /home/nicozorza/LPCXpresso/TP_Final/Pruebas/Prueba_detectar_fase/lpc_chip_43xx/Debug/liblpc_chip_43xx.a(uart_18xx_43xx.o)
 .text.Chip_UART_DisableDivisorAccess
                0x1a001838       0x20 /home/nicozorza/LPCXpresso/TP_Final/Pruebas/Prueba_detectar_fase/lpc_chip_43xx/Debug/liblpc_chip_43xx.a(uart_18xx_43xx.o)
 .text.Chip_UART_SetDivisorLatches
                0x1a001858       0x28 /home/nicozorza/LPCXpresso/TP_Final/Pruebas/Prueba_detectar_fase/lpc_chip_43xx/Debug/liblpc_chip_43xx.a(uart_18xx_43xx.o)
 .text.Chip_UART_GetIndex
                0x1a001880       0x60 /home/nicozorza/LPCXpresso/TP_Final/Pruebas/Prueba_detectar_fase/lpc_chip_43xx/Debug/liblpc_chip_43xx.a(uart_18xx_43xx.o)
 .text.Chip_UART_Init
                0x1a0018e0       0x84 /home/nicozorza/LPCXpresso/TP_Final/Pruebas/Prueba_detectar_fase/lpc_chip_43xx/Debug/liblpc_chip_43xx.a(uart_18xx_43xx.o)
                0x1a0018e0                Chip_UART_Init
 .text.Chip_UART_SetBaudFDR
                0x1a001964      0x170 /home/nicozorza/LPCXpresso/TP_Final/Pruebas/Prueba_detectar_fase/lpc_chip_43xx/Debug/liblpc_chip_43xx.a(uart_18xx_43xx.o)
                0x1a001964                Chip_UART_SetBaudFDR
 .text.__main   0x1a001ad4       0x14 /usr/local/lpcxpresso_8.2.2_650/lpcxpresso/tools/bin/../lib/gcc/arm-none-eabi/5.4.1/../../../../arm-none-eabi/lib/armv7e-m/softfp/libcr_nohost.a(_cr__main.o)
                0x1a001ad4                __main
 .text.memset   0x1a001ae8        0x4 /usr/local/lpcxpresso_8.2.2_650/lpcxpresso/tools/bin/../lib/gcc/arm-none-eabi/5.4.1/../../../../arm-none-eabi/lib/armv7e-m/softfp/libcr_c.a(memset.o)
                0x1a001ae8                memset
 .text._initio  0x1a001aec       0xa4 /usr/local/lpcxpresso_8.2.2_650/lpcxpresso/tools/bin/../lib/gcc/arm-none-eabi/5.4.1/../../../../arm-none-eabi/lib/armv7e-m/softfp/libcr_c.a(initio.o)
                0x1a001aec                _initio
 .text.setvbuf  0x1a001b90       0x40 /usr/local/lpcxpresso_8.2.2_650/lpcxpresso/tools/bin/../lib/gcc/arm-none-eabi/5.4.1/../../../../arm-none-eabi/lib/armv7e-m/softfp/libcr_c.a(setvbuf.o)
                0x1a001b90                setvbuf
 .text._deferredlazyseek
                0x1a001bd0       0x44 /usr/local/lpcxpresso_8.2.2_650/lpcxpresso/tools/bin/../lib/gcc/arm-none-eabi/5.4.1/../../../../arm-none-eabi/lib/armv7e-m/softfp/libcr_c.a(_deferredlazyseek.o)
                0x1a001bd0                _deferredlazyseek
 .text._fdopen  0x1a001c14       0x6a /usr/local/lpcxpresso_8.2.2_650/lpcxpresso/tools/bin/../lib/gcc/arm-none-eabi/5.4.1/../../../../arm-none-eabi/lib/armv7e-m/softfp/libcr_c.a(_fdopen.o)
                0x1a001c14                _fdopen
 .text._fflush  0x1a001c7e       0x58 /usr/local/lpcxpresso_8.2.2_650/lpcxpresso/tools/bin/../lib/gcc/arm-none-eabi/5.4.1/../../../../arm-none-eabi/lib/armv7e-m/softfp/libcr_c.a(_fflush.o)
                0x1a001c7e                _fflush
 *fill*         0x1a001cd6        0x2 ff
 .text._Cwritebuf
                0x1a001cd8       0x68 /usr/local/lpcxpresso_8.2.2_650/lpcxpresso/tools/bin/../lib/gcc/arm-none-eabi/5.4.1/../../../../arm-none-eabi/lib/armv7e-m/softfp/libcr_c.a(_writebuf.o)
                0x1a001cd8                _Cwritebuf
 .text.malloc   0x1a001d40       0xc8 /usr/local/lpcxpresso_8.2.2_650/lpcxpresso/tools/bin/../lib/gcc/arm-none-eabi/5.4.1/../../../../arm-none-eabi/lib/armv7e-m/softfp/libcr_c.a(alloc.o)
                0x1a001d40                malloc
 .text.free     0x1a001e08       0x30 /usr/local/lpcxpresso_8.2.2_650/lpcxpresso/tools/bin/../lib/gcc/arm-none-eabi/5.4.1/../../../../arm-none-eabi/lib/armv7e-m/softfp/libcr_c.a(alloc.o)
                0x1a001e08                free
 .text._Csys_alloc
                0x1a001e38       0x20 /usr/local/lpcxpresso_8.2.2_650/lpcxpresso/tools/bin/../lib/gcc/arm-none-eabi/5.4.1/../../../../arm-none-eabi/lib/armv7e-m/softfp/libcr_c.a(alloc.o)
                0x1a001e38                _Csys_alloc
 .text.fclose   0x1a001e58       0x6c /usr/local/lpcxpresso_8.2.2_650/lpcxpresso/tools/bin/../lib/gcc/arm-none-eabi/5.4.1/../../../../arm-none-eabi/lib/armv7e-m/softfp/libcr_c.a(fclose.o)
                0x1a001e58                fclose
 .text.fflush   0x1a001ec4       0x30 /usr/local/lpcxpresso_8.2.2_650/lpcxpresso/tools/bin/../lib/gcc/arm-none-eabi/5.4.1/../../../../arm-none-eabi/lib/armv7e-m/softfp/libcr_c.a(fflush.o)
                0x1a001ec4                fflush
 .text.fseek    0x1a001ef4      0x110 /usr/local/lpcxpresso_8.2.2_650/lpcxpresso/tools/bin/../lib/gcc/arm-none-eabi/5.4.1/../../../../arm-none-eabi/lib/armv7e-m/softfp/libcr_c.a(fseek.o)
                0x1a001ef4                fseek
 .text.ftell    0x1a002004       0x4c /usr/local/lpcxpresso_8.2.2_650/lpcxpresso/tools/bin/../lib/gcc/arm-none-eabi/5.4.1/../../../../arm-none-eabi/lib/armv7e-m/softfp/libcr_c.a(ftell.o)
                0x1a002004                ftell
 .text.remove   0x1a002050       0x14 /usr/local/lpcxpresso_8.2.2_650/lpcxpresso/tools/bin/../lib/gcc/arm-none-eabi/5.4.1/../../../../arm-none-eabi/lib/armv7e-m/softfp/libcr_c.a(remove.o)
                0x1a002050                remove
 .text.strlen   0x1a002064       0x4a /usr/local/lpcxpresso_8.2.2_650/lpcxpresso/tools/bin/../lib/gcc/arm-none-eabi/5.4.1/../../../../arm-none-eabi/lib/armv7e-m/softfp/libcr_c.a(strlen.o)
                0x1a002064                strlen
 *fill*         0x1a0020ae        0x2 ff
 .text._sbrk    0x1a0020b0       0x40 /usr/local/lpcxpresso_8.2.2_650/lpcxpresso/tools/bin/../lib/gcc/arm-none-eabi/5.4.1/../../../../arm-none-eabi/lib/armv7e-m/softfp/libcr_c.a(_cr_sbrk.o)
                0x1a0020b0                _sbrk
 .text._do_fflush
                0x1a0020f0       0x44 /usr/local/lpcxpresso_8.2.2_650/lpcxpresso/tools/bin/../lib/gcc/arm-none-eabi/5.4.1/../../../../arm-none-eabi/lib/armv7e-m/softfp/libcr_c.a(_do_fflush.o)
                0x1a0020f0                _do_fflush
 .text.__check_heap_overflow
                0x1a002134       0x18 /usr/local/lpcxpresso_8.2.2_650/lpcxpresso/tools/bin/../lib/gcc/arm-none-eabi/5.4.1/../../../../arm-none-eabi/lib/armv7e-m/softfp/libcr_c.a(_cr_check_heap.o)
                0x1a002134                __check_heap_overflow
 .text.__aeabi_division_uldivmod
                0x1a00214c      0x174 /usr/local/lpcxpresso_8.2.2_650/lpcxpresso/tools/bin/../lib/gcc/arm-none-eabi/5.4.1/armv7e-m/softfp/libcr_eabihelpers.a(division_64.o)
                0x1a00214c                __aeabi_uldivmod
                0x1a002150                __bhs_ldivmod1
 .text.__aeabi_division_idiv0
                0x1a0022c0        0x2 /usr/local/lpcxpresso_8.2.2_650/lpcxpresso/tools/bin/../lib/gcc/arm-none-eabi/5.4.1/armv7e-m/softfp/libcr_eabihelpers.a(division_idiv0.o)
                0x1a0022c0                __aeabi_idiv0
 .text.__aeabi_memset_lowlevel
                0x1a0022c2       0x32 /usr/local/lpcxpresso_8.2.2_650/lpcxpresso/tools/bin/../lib/gcc/arm-none-eabi/5.4.1/armv7e-m/softfp/libcr_eabihelpers.a(memcpy.o)
                0x1a0022c2                __aeabi_lowlevel_memset
 .text.__sys_appexit
                0x1a0022f4        0x2 /usr/local/lpcxpresso_8.2.2_650/lpcxpresso/tools/bin/../lib/gcc/arm-none-eabi/5.4.1/../../../../arm-none-eabi/lib/armv7e-m/softfp/libcr_nohost.a(__sys_appexit.o)
                0x1a0022f4                __exit
                0x1a0022f4                __sys_appexit
 .text.__sys_close
                0x1a0022f6        0x6 /usr/local/lpcxpresso_8.2.2_650/lpcxpresso/tools/bin/../lib/gcc/arm-none-eabi/5.4.1/../../../../arm-none-eabi/lib/armv7e-m/softfp/libcr_nohost.a(__sys_close.o)
                0x1a0022f6                __sys_close
 .text.__sys_flen
                0x1a0022fc        0x6 /usr/local/lpcxpresso_8.2.2_650/lpcxpresso/tools/bin/../lib/gcc/arm-none-eabi/5.4.1/../../../../arm-none-eabi/lib/armv7e-m/softfp/libcr_nohost.a(__sys_flen.o)
                0x1a0022fc                __sys_flen
 .text.__sys_istty
                0x1a002302        0x6 /usr/local/lpcxpresso_8.2.2_650/lpcxpresso/tools/bin/../lib/gcc/arm-none-eabi/5.4.1/../../../../arm-none-eabi/lib/armv7e-m/softfp/libcr_nohost.a(__sys_istty.o)
                0x1a002302                __sys_istty
 .text.__sys_remove
                0x1a002308        0x6 /usr/local/lpcxpresso_8.2.2_650/lpcxpresso/tools/bin/../lib/gcc/arm-none-eabi/5.4.1/../../../../arm-none-eabi/lib/armv7e-m/softfp/libcr_nohost.a(__sys_remove.o)
                0x1a002308                __sys_remove
 .text.__sys_seek
                0x1a00230e        0x6 /usr/local/lpcxpresso_8.2.2_650/lpcxpresso/tools/bin/../lib/gcc/arm-none-eabi/5.4.1/../../../../arm-none-eabi/lib/armv7e-m/softfp/libcr_nohost.a(__sys_seek.o)
                0x1a00230e                __sys_seek
 .text.__sys_tmpnam
                0x1a002314        0x6 /usr/local/lpcxpresso_8.2.2_650/lpcxpresso/tools/bin/../lib/gcc/arm-none-eabi/5.4.1/../../../../arm-none-eabi/lib/armv7e-m/softfp/libcr_nohost.a(__sys_tmpnam.o)
                0x1a002314                __sys_tmpnam
 *(.rodata .rodata.* .constdata .constdata.*)
 *fill*         0x1a00231a        0x2 ff
 .rodata.ExtRateIn
                0x1a00231c        0x4 /home/nicozorza/LPCXpresso/TP_Final/Pruebas/Prueba_detectar_fase/lpc_board_nxp_lpcxpresso_4337/Debug/liblpc_board_nxp_lpcxpresso_4337.a(board.o)
                0x1a00231c                ExtRateIn
 .rodata.OscRateIn
                0x1a002320        0x4 /home/nicozorza/LPCXpresso/TP_Final/Pruebas/Prueba_detectar_fase/lpc_board_nxp_lpcxpresso_4337/Debug/liblpc_board_nxp_lpcxpresso_4337.a(board.o)
                0x1a002320                OscRateIn
 .rodata.gpioLEDBits
                0x1a002324        0xc /home/nicozorza/LPCXpresso/TP_Final/Pruebas/Prueba_detectar_fase/lpc_board_nxp_lpcxpresso_4337/Debug/liblpc_board_nxp_lpcxpresso_4337.a(board.o)
 .rodata.gpioButtonBits
                0x1a002330        0x8 /home/nicozorza/LPCXpresso/TP_Final/Pruebas/Prueba_detectar_fase/lpc_board_nxp_lpcxpresso_4337/Debug/liblpc_board_nxp_lpcxpresso_4337.a(board.o)
 .rodata.InitClkStates
                0x1a002338        0xc /home/nicozorza/LPCXpresso/TP_Final/Pruebas/Prueba_detectar_fase/lpc_board_nxp_lpcxpresso_4337/Debug/liblpc_board_nxp_lpcxpresso_4337.a(board_sysinit.o)
 .rodata.pinmuxing
                0x1a002344       0x2c /home/nicozorza/LPCXpresso/TP_Final/Pruebas/Prueba_detectar_fase/lpc_board_nxp_lpcxpresso_4337/Debug/liblpc_board_nxp_lpcxpresso_4337.a(board_sysinit.o)
 .rodata.periph_to_base
                0x1a002370       0x6c /home/nicozorza/LPCXpresso/TP_Final/Pruebas/Prueba_detectar_fase/lpc_chip_43xx/Debug/liblpc_chip_43xx.a(clock_18xx_43xx.o)
 .rodata        0x1a0023dc        0xa /home/nicozorza/LPCXpresso/TP_Final/Pruebas/Prueba_detectar_fase/lpc_chip_43xx/Debug/liblpc_chip_43xx.a(clock_18xx_43xx.o)
 *fill*         0x1a0023e6        0x2 ff
 .rodata.InitClkStates
                0x1a0023e8       0x48 /home/nicozorza/LPCXpresso/TP_Final/Pruebas/Prueba_detectar_fase/lpc_chip_43xx/Debug/liblpc_chip_43xx.a(sysinit_18xx_43xx.o)
 .rodata.UART_PClock
                0x1a002430        0x8 /home/nicozorza/LPCXpresso/TP_Final/Pruebas/Prueba_detectar_fase/lpc_chip_43xx/Debug/liblpc_chip_43xx.a(uart_18xx_43xx.o)
 .rodata.UART_BClock
                0x1a002438        0x8 /home/nicozorza/LPCXpresso/TP_Final/Pruebas/Prueba_detectar_fase/lpc_chip_43xx/Debug/liblpc_chip_43xx.a(uart_18xx_43xx.o)
 .rodata.str1.1
                0x1a002440        0x4 /usr/local/lpcxpresso_8.2.2_650/lpcxpresso/tools/bin/../lib/gcc/arm-none-eabi/5.4.1/../../../../arm-none-eabi/lib/armv7e-m/softfp/libcr_c.a(initio.o)
 .rodata.str1.1
                0x1a002444       0x18 /usr/local/lpcxpresso_8.2.2_650/lpcxpresso/tools/bin/../lib/gcc/arm-none-eabi/5.4.1/../../../../arm-none-eabi/lib/armv7e-m/softfp/libcr_c.a(alloc.o)
                0x1a00245c                . = ALIGN (0x4)

.glue_7         0x1a00245c        0x0
 .glue_7        0x1a00245c        0x0 linker stubs

.glue_7t        0x1a00245c        0x0
 .glue_7t       0x1a00245c        0x0 linker stubs

.vfp11_veneer   0x1a00245c        0x0
 .vfp11_veneer  0x1a00245c        0x0 linker stubs

.v4_bx          0x1a00245c        0x0
 .v4_bx         0x1a00245c        0x0 linker stubs

.iplt           0x1a00245c        0x0
 .iplt          0x1a00245c        0x0 ./example/src/cr_startup_lpc43xx.o

.rel.dyn        0x1a00245c        0x0
 .rel.iplt      0x1a00245c        0x0 ./example/src/cr_startup_lpc43xx.o

.ARM.extab
 *(.ARM.extab* .gnu.linkonce.armextab.*)
                0x1a00245c                __exidx_start = .

.ARM.exidx
 *(.ARM.exidx* .gnu.linkonce.armexidx.*)
                0x1a00245c                __exidx_end = .
                0x1a00245c                _etext = .

.data_RAM2      0x10080000        0x0 load address 0x1a00245c
 FILL mask 0xff
                [!provide]                PROVIDE (__start_data_RAM2, .)
 *(.ramfunc.$RAM2)
 *(.ramfunc.$RamLoc40)
 *(.data.$RAM2*)
 *(.data.$RamLoc40*)
                0x10080000                . = ALIGN (0x4)
                [!provide]                PROVIDE (__end_data_RAM2, .)

.data_RAM3      0x20000000        0x0 load address 0x1a00245c
 FILL mask 0xff
                [!provide]                PROVIDE (__start_data_RAM3, .)
 *(.ramfunc.$RAM3)
 *(.ramfunc.$RamAHB32)
 *(.data.$RAM3*)
 *(.data.$RamAHB32*)
                0x20000000                . = ALIGN (0x4)
                [!provide]                PROVIDE (__end_data_RAM3, .)

.data_RAM4      0x20008000        0x0 load address 0x1a00245c
 FILL mask 0xff
                [!provide]                PROVIDE (__start_data_RAM4, .)
 *(.ramfunc.$RAM4)
 *(.ramfunc.$RamAHB16)
 *(.data.$RAM4*)
 *(.data.$RamAHB16*)
                0x20008000                . = ALIGN (0x4)
                [!provide]                PROVIDE (__end_data_RAM4, .)

.data_RAM5      0x2000c000        0x0 load address 0x1a00245c
 FILL mask 0xff
                [!provide]                PROVIDE (__start_data_RAM5, .)
 *(.ramfunc.$RAM5)
 *(.ramfunc.$RamAHB_ETB16)
 *(.data.$RAM5*)
 *(.data.$RamAHB_ETB16*)
                0x2000c000                . = ALIGN (0x4)
                [!provide]                PROVIDE (__end_data_RAM5, .)

.uninit_RESERVED
                0x10000000        0x0
 *(.bss.$RESERVED*)
                0x10000000                . = ALIGN (0x4)
                0x10000000                _end_uninit_RESERVED = .

.data           0x10000000        0x0 load address 0x1a00245c
 FILL mask 0xff
                0x10000000                _data = .
 *(vtable)
 *(.ramfunc*)
 *(.data*)
                0x10000000                . = ALIGN (0x4)
                0x10000000                _edata = .

.igot.plt       0x10000000        0x0 load address 0x1a00245c
 .igot.plt      0x10000000        0x0 ./example/src/cr_startup_lpc43xx.o

.bss_RAM2       0x10080000        0x0
                [!provide]                PROVIDE (__start_bss_RAM2, .)
 *(.bss.$RAM2*)
 *(.bss.$RamLoc40*)
                0x10080000                . = ALIGN ((. != 0x0)?0x4:0x1)
                [!provide]                PROVIDE (__end_bss_RAM2, .)

.bss_RAM3       0x20000000        0x0
                [!provide]                PROVIDE (__start_bss_RAM3, .)
 *(.bss.$RAM3*)
 *(.bss.$RamAHB32*)
                0x20000000                . = ALIGN ((. != 0x0)?0x4:0x1)
                [!provide]                PROVIDE (__end_bss_RAM3, .)

.bss_RAM4       0x20008000        0x0
                [!provide]                PROVIDE (__start_bss_RAM4, .)
 *(.bss.$RAM4*)
 *(.bss.$RamAHB16*)
                0x20008000                . = ALIGN ((. != 0x0)?0x4:0x1)
                [!provide]                PROVIDE (__end_bss_RAM4, .)

.bss_RAM5       0x2000c000        0x0
                [!provide]                PROVIDE (__start_bss_RAM5, .)
 *(.bss.$RAM5*)
 *(.bss.$RamAHB_ETB16*)
                0x2000c000                . = ALIGN ((. != 0x0)?0x4:0x1)
                [!provide]                PROVIDE (__end_bss_RAM5, .)

.bss            0x10000000      0x15c
                0x10000000                _bss = .
 *(.bss*)
 .bss.audio_usb_pll_freq
                0x10000000        0x8 /home/nicozorza/LPCXpresso/TP_Final/Pruebas/Prueba_detectar_fase/lpc_chip_43xx/Debug/liblpc_chip_43xx.a(clock_18xx_43xx.o)
 .bss._extra    0x10000008        0x4 /usr/local/lpcxpresso_8.2.2_650/lpcxpresso/tools/bin/../lib/gcc/arm-none-eabi/5.4.1/../../../../arm-none-eabi/lib/armv7e-m/softfp/libcr_c.a(initio.o)
                0x10000008                _extra
 .bss.__Ciob    0x1000000c      0x140 /usr/local/lpcxpresso_8.2.2_650/lpcxpresso/tools/bin/../lib/gcc/arm-none-eabi/5.4.1/../../../../arm-none-eabi/lib/armv7e-m/softfp/libcr_c.a(stdio.o)
                0x1000000c                __Ciob
 .bss.__heaps   0x1000014c        0x4 /usr/local/lpcxpresso_8.2.2_650/lpcxpresso/tools/bin/../lib/gcc/arm-none-eabi/5.4.1/../../../../arm-none-eabi/lib/armv7e-m/softfp/libcr_c.a(__init_alloc.o)
                0x1000014c                __heaps
 .bss.__end_of_heap
                0x10000150        0x4 /usr/local/lpcxpresso_8.2.2_650/lpcxpresso/tools/bin/../lib/gcc/arm-none-eabi/5.4.1/../../../../arm-none-eabi/lib/armv7e-m/softfp/libcr_c.a(__init_alloc.o)
                0x10000150                __end_of_heap
 .bss.errno     0x10000154        0x4 /usr/local/lpcxpresso_8.2.2_650/lpcxpresso/tools/bin/../lib/gcc/arm-none-eabi/5.4.1/../../../../arm-none-eabi/lib/armv7e-m/softfp/libcr_c.a(errno.o)
                0x10000154                errno
 *(COMMON)
 COMMON         0x10000158        0x4 /home/nicozorza/LPCXpresso/TP_Final/Pruebas/Prueba_detectar_fase/lpc_chip_43xx/Debug/liblpc_chip_43xx.a(chip_18xx_43xx.o)
                0x10000158                SystemCoreClock
                0x1000015c                . = ALIGN (0x4)
                0x1000015c                _ebss = .
                [!provide]                PROVIDE (end, .)

.noinit_RAM2    0x10080000        0x0
 *(.noinit.$RAM2*)
 *(.noinit.$RamLoc40*)
                0x10080000                . = ALIGN (0x4)

.noinit_RAM3    0x20000000        0x0
 *(.noinit.$RAM3*)
 *(.noinit.$RamAHB32*)
                0x20000000                . = ALIGN (0x4)

.noinit_RAM4    0x20008000        0x0
 *(.noinit.$RAM4*)
 *(.noinit.$RamAHB16*)
                0x20008000                . = ALIGN (0x4)

.noinit_RAM5    0x2000c000        0x0
 *(.noinit.$RAM5*)
 *(.noinit.$RamAHB_ETB16*)
                0x2000c000                . = ALIGN (0x4)

.noinit         0x1000015c        0x0
                0x1000015c                _noinit = .
 *(.noinit*)
                0x1000015c                . = ALIGN (0x4)
                0x1000015c                _end_noinit = .
                0x1000015c                PROVIDE (_pvHeapStart, DEFINED (__user_heap_base)?__user_heap_base:.)
                0x10008000                PROVIDE (_vStackTop, DEFINED (__user_stack_top)?__user_stack_top:(__top_RamLoc32 - 0x0))
                [!provide]                PROVIDE (__valid_user_code_checksum, (0x0 - ((((((_vStackTop + (ResetISR + 0x1)) + (NMI_Handler + 0x1)) + (HardFault_Handler + 0x1)) + (DEFINED (MemManage_Handler)?MemManage_Handler:0x0 + 0x1)) + (DEFINED (BusFault_Handler)?BusFault_Handler:0x0 + 0x1)) + (DEFINED (UsageFault_Handler)?UsageFault_Handler:0x0 + 0x1))))
OUTPUT(periph_pinint.axf elf32-littlearm)

.debug_info     0x00000000     0x70ef
 .debug_info    0x00000000      0x297 ./example/src/cr_startup_lpc43xx.o
 .debug_info    0x00000297      0x947 ./example/src/pinint.o
 .debug_info    0x00000bde       0xea ./example/src/sysinit.o
 .debug_info    0x00000cc8     0x1a09 /home/nicozorza/LPCXpresso/TP_Final/Pruebas/Prueba_detectar_fase/lpc_board_nxp_lpcxpresso_4337/Debug/liblpc_board_nxp_lpcxpresso_4337.a(board.o)
 .debug_info    0x000026d1      0xb56 /home/nicozorza/LPCXpresso/TP_Final/Pruebas/Prueba_detectar_fase/lpc_board_nxp_lpcxpresso_4337/Debug/liblpc_board_nxp_lpcxpresso_4337.a(board_sysinit.o)
 .debug_info    0x00003227      0xa31 /home/nicozorza/LPCXpresso/TP_Final/Pruebas/Prueba_detectar_fase/lpc_chip_43xx/Debug/liblpc_chip_43xx.a(chip_18xx_43xx.o)
 .debug_info    0x00003c58     0x1590 /home/nicozorza/LPCXpresso/TP_Final/Pruebas/Prueba_detectar_fase/lpc_chip_43xx/Debug/liblpc_chip_43xx.a(clock_18xx_43xx.o)
 .debug_info    0x000051e8      0x128 /home/nicozorza/LPCXpresso/TP_Final/Pruebas/Prueba_detectar_fase/lpc_chip_43xx/Debug/liblpc_chip_43xx.a(fpu_init.o)
 .debug_info    0x00005310      0x435 /home/nicozorza/LPCXpresso/TP_Final/Pruebas/Prueba_detectar_fase/lpc_chip_43xx/Debug/liblpc_chip_43xx.a(gpio_18xx_43xx.o)
 .debug_info    0x00005745      0x8fd /home/nicozorza/LPCXpresso/TP_Final/Pruebas/Prueba_detectar_fase/lpc_chip_43xx/Debug/liblpc_chip_43xx.a(sysinit_18xx_43xx.o)
 .debug_info    0x00006042     0x10ad /home/nicozorza/LPCXpresso/TP_Final/Pruebas/Prueba_detectar_fase/lpc_chip_43xx/Debug/liblpc_chip_43xx.a(uart_18xx_43xx.o)

.debug_abbrev   0x00000000     0x1257
 .debug_abbrev  0x00000000       0xed ./example/src/cr_startup_lpc43xx.o
 .debug_abbrev  0x000000ed      0x213 ./example/src/pinint.o
 .debug_abbrev  0x00000300       0x9c ./example/src/sysinit.o
 .debug_abbrev  0x0000039c      0x31e /home/nicozorza/LPCXpresso/TP_Final/Pruebas/Prueba_detectar_fase/lpc_board_nxp_lpcxpresso_4337/Debug/liblpc_board_nxp_lpcxpresso_4337.a(board.o)
 .debug_abbrev  0x000006ba      0x19a /home/nicozorza/LPCXpresso/TP_Final/Pruebas/Prueba_detectar_fase/lpc_board_nxp_lpcxpresso_4337/Debug/liblpc_board_nxp_lpcxpresso_4337.a(board_sysinit.o)
 .debug_abbrev  0x00000854      0x155 /home/nicozorza/LPCXpresso/TP_Final/Pruebas/Prueba_detectar_fase/lpc_chip_43xx/Debug/liblpc_chip_43xx.a(chip_18xx_43xx.o)
 .debug_abbrev  0x000009a9      0x2cb /home/nicozorza/LPCXpresso/TP_Final/Pruebas/Prueba_detectar_fase/lpc_chip_43xx/Debug/liblpc_chip_43xx.a(clock_18xx_43xx.o)
 .debug_abbrev  0x00000c74       0x84 /home/nicozorza/LPCXpresso/TP_Final/Pruebas/Prueba_detectar_fase/lpc_chip_43xx/Debug/liblpc_chip_43xx.a(fpu_init.o)
 .debug_abbrev  0x00000cf8      0x111 /home/nicozorza/LPCXpresso/TP_Final/Pruebas/Prueba_detectar_fase/lpc_chip_43xx/Debug/liblpc_chip_43xx.a(gpio_18xx_43xx.o)
 .debug_abbrev  0x00000e09      0x18e /home/nicozorza/LPCXpresso/TP_Final/Pruebas/Prueba_detectar_fase/lpc_chip_43xx/Debug/liblpc_chip_43xx.a(sysinit_18xx_43xx.o)
 .debug_abbrev  0x00000f97      0x2c0 /home/nicozorza/LPCXpresso/TP_Final/Pruebas/Prueba_detectar_fase/lpc_chip_43xx/Debug/liblpc_chip_43xx.a(uart_18xx_43xx.o)

.debug_aranges  0x00000000      0x640
 .debug_aranges
                0x00000000       0x80 ./example/src/cr_startup_lpc43xx.o
 .debug_aranges
                0x00000080       0x80 ./example/src/pinint.o
 .debug_aranges
                0x00000100       0x20 ./example/src/sysinit.o
 .debug_aranges
                0x00000120      0x170 /home/nicozorza/LPCXpresso/TP_Final/Pruebas/Prueba_detectar_fase/lpc_board_nxp_lpcxpresso_4337/Debug/liblpc_board_nxp_lpcxpresso_4337.a(board.o)
 .debug_aranges
                0x00000290       0x48 /home/nicozorza/LPCXpresso/TP_Final/Pruebas/Prueba_detectar_fase/lpc_board_nxp_lpcxpresso_4337/Debug/liblpc_board_nxp_lpcxpresso_4337.a(board_sysinit.o)
 .debug_aranges
                0x000002d8       0x40 /home/nicozorza/LPCXpresso/TP_Final/Pruebas/Prueba_detectar_fase/lpc_chip_43xx/Debug/liblpc_chip_43xx.a(chip_18xx_43xx.o)
 .debug_aranges
                0x00000318      0x138 /home/nicozorza/LPCXpresso/TP_Final/Pruebas/Prueba_detectar_fase/lpc_chip_43xx/Debug/liblpc_chip_43xx.a(clock_18xx_43xx.o)
 .debug_aranges
                0x00000450       0x20 /home/nicozorza/LPCXpresso/TP_Final/Pruebas/Prueba_detectar_fase/lpc_chip_43xx/Debug/liblpc_chip_43xx.a(fpu_init.o)
 .debug_aranges
                0x00000470       0x68 /home/nicozorza/LPCXpresso/TP_Final/Pruebas/Prueba_detectar_fase/lpc_chip_43xx/Debug/liblpc_chip_43xx.a(gpio_18xx_43xx.o)
 .debug_aranges
                0x000004d8       0x50 /home/nicozorza/LPCXpresso/TP_Final/Pruebas/Prueba_detectar_fase/lpc_chip_43xx/Debug/liblpc_chip_43xx.a(sysinit_18xx_43xx.o)
 .debug_aranges
                0x00000528      0x118 /home/nicozorza/LPCXpresso/TP_Final/Pruebas/Prueba_detectar_fase/lpc_chip_43xx/Debug/liblpc_chip_43xx.a(uart_18xx_43xx.o)

.debug_ranges   0x00000000      0x5c0
 .debug_ranges  0x00000000       0x70 ./example/src/cr_startup_lpc43xx.o
 .debug_ranges  0x00000070       0x70 ./example/src/pinint.o
 .debug_ranges  0x000000e0       0x10 ./example/src/sysinit.o
 .debug_ranges  0x000000f0      0x160 /home/nicozorza/LPCXpresso/TP_Final/Pruebas/Prueba_detectar_fase/lpc_board_nxp_lpcxpresso_4337/Debug/liblpc_board_nxp_lpcxpresso_4337.a(board.o)
 .debug_ranges  0x00000250       0x38 /home/nicozorza/LPCXpresso/TP_Final/Pruebas/Prueba_detectar_fase/lpc_board_nxp_lpcxpresso_4337/Debug/liblpc_board_nxp_lpcxpresso_4337.a(board_sysinit.o)
 .debug_ranges  0x00000288       0x30 /home/nicozorza/LPCXpresso/TP_Final/Pruebas/Prueba_detectar_fase/lpc_chip_43xx/Debug/liblpc_chip_43xx.a(chip_18xx_43xx.o)
 .debug_ranges  0x000002b8      0x140 /home/nicozorza/LPCXpresso/TP_Final/Pruebas/Prueba_detectar_fase/lpc_chip_43xx/Debug/liblpc_chip_43xx.a(clock_18xx_43xx.o)
 .debug_ranges  0x000003f8       0x10 /home/nicozorza/LPCXpresso/TP_Final/Pruebas/Prueba_detectar_fase/lpc_chip_43xx/Debug/liblpc_chip_43xx.a(fpu_init.o)
 .debug_ranges  0x00000408       0x58 /home/nicozorza/LPCXpresso/TP_Final/Pruebas/Prueba_detectar_fase/lpc_chip_43xx/Debug/liblpc_chip_43xx.a(gpio_18xx_43xx.o)
 .debug_ranges  0x00000460       0x40 /home/nicozorza/LPCXpresso/TP_Final/Pruebas/Prueba_detectar_fase/lpc_chip_43xx/Debug/liblpc_chip_43xx.a(sysinit_18xx_43xx.o)
 .debug_ranges  0x000004a0      0x120 /home/nicozorza/LPCXpresso/TP_Final/Pruebas/Prueba_detectar_fase/lpc_chip_43xx/Debug/liblpc_chip_43xx.a(uart_18xx_43xx.o)

.debug_macro    0x00000000     0x703d
 .debug_macro   0x00000000       0x1d ./example/src/cr_startup_lpc43xx.o
 .debug_macro   0x0000001d      0x8a4 ./example/src/cr_startup_lpc43xx.o
 .debug_macro   0x000008c1      0x340 ./example/src/pinint.o
 .debug_macro   0x00000c01       0x10 ./example/src/pinint.o
 .debug_macro   0x00000c11       0x10 ./example/src/pinint.o
 .debug_macro   0x00000c21      0x12d ./example/src/pinint.o
 .debug_macro   0x00000d4e      0x5b2 ./example/src/pinint.o
 .debug_macro   0x00001300       0x22 ./example/src/pinint.o
 .debug_macro   0x00001322       0x7b ./example/src/pinint.o
 .debug_macro   0x0000139d       0x28 ./example/src/pinint.o
 .debug_macro   0x000013c5       0x3b ./example/src/pinint.o
 .debug_macro   0x00001400       0x2d ./example/src/pinint.o
 .debug_macro   0x0000142d       0x42 ./example/src/pinint.o
 .debug_macro   0x0000146f      0xd39 ./example/src/pinint.o
 .debug_macro   0x000021a8      0x2bc ./example/src/pinint.o
 .debug_macro   0x00002464      0x112 ./example/src/pinint.o
 .debug_macro   0x00002576       0x11 ./example/src/pinint.o
 .debug_macro   0x00002587       0x2a ./example/src/pinint.o
 .debug_macro   0x000025b1       0x16 ./example/src/pinint.o
 .debug_macro   0x000025c7      0x2e6 ./example/src/pinint.o
 .debug_macro   0x000028ad       0x82 ./example/src/pinint.o
 .debug_macro   0x0000292f      0x13d ./example/src/pinint.o
 .debug_macro   0x00002a6c      0x198 ./example/src/pinint.o
 .debug_macro   0x00002c04       0x34 ./example/src/pinint.o
 .debug_macro   0x00002c38       0x58 ./example/src/pinint.o
 .debug_macro   0x00002c90      0x236 ./example/src/pinint.o
 .debug_macro   0x00002ec6      0x572 ./example/src/pinint.o
 .debug_macro   0x00003438       0x16 ./example/src/pinint.o
 .debug_macro   0x0000344e      0x18a ./example/src/pinint.o
 .debug_macro   0x000035d8       0x88 ./example/src/pinint.o
 .debug_macro   0x00003660      0x1b9 ./example/src/pinint.o
 .debug_macro   0x00003819      0x1da ./example/src/pinint.o
 .debug_macro   0x000039f3       0x40 ./example/src/pinint.o
 .debug_macro   0x00003a33       0x1c ./example/src/pinint.o
 .debug_macro   0x00003a4f       0x2e ./example/src/pinint.o
 .debug_macro   0x00003a7d       0x2e ./example/src/pinint.o
 .debug_macro   0x00003aab       0x22 ./example/src/pinint.o
 .debug_macro   0x00003acd      0x201 ./example/src/pinint.o
 .debug_macro   0x00003cce       0xe0 ./example/src/pinint.o
 .debug_macro   0x00003dae      0x34c ./example/src/pinint.o
 .debug_macro   0x000040fa       0xdc ./example/src/pinint.o
 .debug_macro   0x000041d6       0xc4 ./example/src/pinint.o
 .debug_macro   0x0000429a       0x94 ./example/src/pinint.o
 .debug_macro   0x0000432e       0xb8 ./example/src/pinint.o
 .debug_macro   0x000043e6       0x4c ./example/src/pinint.o
 .debug_macro   0x00004432       0x16 ./example/src/pinint.o
 .debug_macro   0x00004448      0x328 ./example/src/pinint.o
 .debug_macro   0x00004770       0x3a ./example/src/pinint.o
 .debug_macro   0x000047aa       0xd0 ./example/src/pinint.o
 .debug_macro   0x0000487a       0x18 ./example/src/pinint.o
 .debug_macro   0x00004892       0x22 ./example/src/pinint.o
 .debug_macro   0x000048b4       0x40 ./example/src/pinint.o
 .debug_macro   0x000048f4      0x127 ./example/src/pinint.o
 .debug_macro   0x00004a1b       0x9a ./example/src/pinint.o
 .debug_macro   0x00004ab5       0x20 ./example/src/pinint.o
 .debug_macro   0x00004ad5      0x310 ./example/src/sysinit.o
 .debug_macro   0x00004de5      0x121 ./example/src/sysinit.o
 .debug_macro   0x00004f06      0x336 /home/nicozorza/LPCXpresso/TP_Final/Pruebas/Prueba_detectar_fase/lpc_board_nxp_lpcxpresso_4337/Debug/liblpc_board_nxp_lpcxpresso_4337.a(board.o)
 .debug_macro   0x0000523c      0x89e /home/nicozorza/LPCXpresso/TP_Final/Pruebas/Prueba_detectar_fase/lpc_board_nxp_lpcxpresso_4337/Debug/liblpc_board_nxp_lpcxpresso_4337.a(board.o)
 .debug_macro   0x00005ada       0x12 /home/nicozorza/LPCXpresso/TP_Final/Pruebas/Prueba_detectar_fase/lpc_board_nxp_lpcxpresso_4337/Debug/liblpc_board_nxp_lpcxpresso_4337.a(board.o)
 .debug_macro   0x00005aec      0x339 /home/nicozorza/LPCXpresso/TP_Final/Pruebas/Prueba_detectar_fase/lpc_board_nxp_lpcxpresso_4337/Debug/liblpc_board_nxp_lpcxpresso_4337.a(board.o)
 .debug_macro   0x00005e25      0x310 /home/nicozorza/LPCXpresso/TP_Final/Pruebas/Prueba_detectar_fase/lpc_board_nxp_lpcxpresso_4337/Debug/liblpc_board_nxp_lpcxpresso_4337.a(board_sysinit.o)
 .debug_macro   0x00006135      0x2da /home/nicozorza/LPCXpresso/TP_Final/Pruebas/Prueba_detectar_fase/lpc_chip_43xx/Debug/liblpc_chip_43xx.a(chip_18xx_43xx.o)
 .debug_macro   0x0000640f      0x2e0 /home/nicozorza/LPCXpresso/TP_Final/Pruebas/Prueba_detectar_fase/lpc_chip_43xx/Debug/liblpc_chip_43xx.a(clock_18xx_43xx.o)
 .debug_macro   0x000066ef       0xc0 /home/nicozorza/LPCXpresso/TP_Final/Pruebas/Prueba_detectar_fase/lpc_chip_43xx/Debug/liblpc_chip_43xx.a(fpu_init.o)
 .debug_macro   0x000067af      0x2da /home/nicozorza/LPCXpresso/TP_Final/Pruebas/Prueba_detectar_fase/lpc_chip_43xx/Debug/liblpc_chip_43xx.a(gpio_18xx_43xx.o)
 .debug_macro   0x00006a89      0x2da /home/nicozorza/LPCXpresso/TP_Final/Pruebas/Prueba_detectar_fase/lpc_chip_43xx/Debug/liblpc_chip_43xx.a(sysinit_18xx_43xx.o)
 .debug_macro   0x00006d63      0x2da /home/nicozorza/LPCXpresso/TP_Final/Pruebas/Prueba_detectar_fase/lpc_chip_43xx/Debug/liblpc_chip_43xx.a(uart_18xx_43xx.o)

.debug_line     0x00000000     0x4a54
 .debug_line    0x00000000      0x102 ./example/src/cr_startup_lpc43xx.o
 .debug_line    0x00000102      0x7b2 ./example/src/pinint.o
 .debug_line    0x000008b4      0x686 ./example/src/sysinit.o
 .debug_line    0x00000f3a      0xa82 /home/nicozorza/LPCXpresso/TP_Final/Pruebas/Prueba_detectar_fase/lpc_board_nxp_lpcxpresso_4337/Debug/liblpc_board_nxp_lpcxpresso_4337.a(board.o)
 .debug_line    0x000019bc      0x70d /home/nicozorza/LPCXpresso/TP_Final/Pruebas/Prueba_detectar_fase/lpc_board_nxp_lpcxpresso_4337/Debug/liblpc_board_nxp_lpcxpresso_4337.a(board_sysinit.o)
 .debug_line    0x000020c9      0x661 /home/nicozorza/LPCXpresso/TP_Final/Pruebas/Prueba_detectar_fase/lpc_chip_43xx/Debug/liblpc_chip_43xx.a(chip_18xx_43xx.o)
 .debug_line    0x0000272a      0xa5e /home/nicozorza/LPCXpresso/TP_Final/Pruebas/Prueba_detectar_fase/lpc_chip_43xx/Debug/liblpc_chip_43xx.a(clock_18xx_43xx.o)
 .debug_line    0x00003188      0x20d /home/nicozorza/LPCXpresso/TP_Final/Pruebas/Prueba_detectar_fase/lpc_chip_43xx/Debug/liblpc_chip_43xx.a(fpu_init.o)
 .debug_line    0x00003395      0x6b2 /home/nicozorza/LPCXpresso/TP_Final/Pruebas/Prueba_detectar_fase/lpc_chip_43xx/Debug/liblpc_chip_43xx.a(gpio_18xx_43xx.o)
 .debug_line    0x00003a47      0x6cf /home/nicozorza/LPCXpresso/TP_Final/Pruebas/Prueba_detectar_fase/lpc_chip_43xx/Debug/liblpc_chip_43xx.a(sysinit_18xx_43xx.o)
 .debug_line    0x00004116      0x93e /home/nicozorza/LPCXpresso/TP_Final/Pruebas/Prueba_detectar_fase/lpc_chip_43xx/Debug/liblpc_chip_43xx.a(uart_18xx_43xx.o)

.debug_str      0x00000000    0x1902c
 .debug_str     0x00000000     0x274d ./example/src/cr_startup_lpc43xx.o
                               0x2765 (size before relaxing)
 .debug_str     0x0000274d    0x1375d ./example/src/pinint.o
                              0x15ddd (size before relaxing)
 .debug_str     0x00015eaa       0x23 ./example/src/sysinit.o
                              0x1578d (size before relaxing)
 .debug_str     0x00015ecd     0x239c /home/nicozorza/LPCXpresso/TP_Final/Pruebas/Prueba_detectar_fase/lpc_board_nxp_lpcxpresso_4337/Debug/liblpc_board_nxp_lpcxpresso_4337.a(board.o)
                              0x17c2d (size before relaxing)
 .debug_str     0x00018269      0x125 /home/nicozorza/LPCXpresso/TP_Final/Pruebas/Prueba_detectar_fase/lpc_board_nxp_lpcxpresso_4337/Debug/liblpc_board_nxp_lpcxpresso_4337.a(board_sysinit.o)
                              0x1652f (size before relaxing)
 .debug_str     0x0001838e      0x106 /home/nicozorza/LPCXpresso/TP_Final/Pruebas/Prueba_detectar_fase/lpc_chip_43xx/Debug/liblpc_chip_43xx.a(chip_18xx_43xx.o)
                              0x15dd1 (size before relaxing)
 .debug_str     0x00018494      0x5e7 /home/nicozorza/LPCXpresso/TP_Final/Pruebas/Prueba_detectar_fase/lpc_chip_43xx/Debug/liblpc_chip_43xx.a(clock_18xx_43xx.o)
                              0x16354 (size before relaxing)
 .debug_str     0x00018a7b       0xb5 /home/nicozorza/LPCXpresso/TP_Final/Pruebas/Prueba_detectar_fase/lpc_chip_43xx/Debug/liblpc_chip_43xx.a(fpu_init.o)
                               0x996a (size before relaxing)
 .debug_str     0x00018b30       0xe4 /home/nicozorza/LPCXpresso/TP_Final/Pruebas/Prueba_detectar_fase/lpc_chip_43xx/Debug/liblpc_chip_43xx.a(gpio_18xx_43xx.o)
                              0x151d3 (size before relaxing)
 .debug_str     0x00018c14       0xb4 /home/nicozorza/LPCXpresso/TP_Final/Pruebas/Prueba_detectar_fase/lpc_chip_43xx/Debug/liblpc_chip_43xx.a(sysinit_18xx_43xx.o)
                              0x15da0 (size before relaxing)
 .debug_str     0x00018cc8      0x364 /home/nicozorza/LPCXpresso/TP_Final/Pruebas/Prueba_detectar_fase/lpc_chip_43xx/Debug/liblpc_chip_43xx.a(uart_18xx_43xx.o)
                              0x15f04 (size before relaxing)

.comment        0x00000000       0xdc
 .comment       0x00000000       0x6e ./example/src/cr_startup_lpc43xx.o
                                 0x6f (size before relaxing)
 .comment       0x0000006e       0x6f ./example/src/pinint.o
 .comment       0x0000006e       0x6f ./example/src/sysinit.o
 .comment       0x0000006e       0x6f /home/nicozorza/LPCXpresso/TP_Final/Pruebas/Prueba_detectar_fase/lpc_board_nxp_lpcxpresso_4337/Debug/liblpc_board_nxp_lpcxpresso_4337.a(board.o)
 .comment       0x0000006e       0x6f /home/nicozorza/LPCXpresso/TP_Final/Pruebas/Prueba_detectar_fase/lpc_board_nxp_lpcxpresso_4337/Debug/liblpc_board_nxp_lpcxpresso_4337.a(board_sysinit.o)
 .comment       0x0000006e       0x6f /home/nicozorza/LPCXpresso/TP_Final/Pruebas/Prueba_detectar_fase/lpc_chip_43xx/Debug/liblpc_chip_43xx.a(chip_18xx_43xx.o)
 .comment       0x0000006e       0x6f /home/nicozorza/LPCXpresso/TP_Final/Pruebas/Prueba_detectar_fase/lpc_chip_43xx/Debug/liblpc_chip_43xx.a(clock_18xx_43xx.o)
 .comment       0x0000006e       0x6f /home/nicozorza/LPCXpresso/TP_Final/Pruebas/Prueba_detectar_fase/lpc_chip_43xx/Debug/liblpc_chip_43xx.a(fpu_init.o)
 .comment       0x0000006e       0x6f /home/nicozorza/LPCXpresso/TP_Final/Pruebas/Prueba_detectar_fase/lpc_chip_43xx/Debug/liblpc_chip_43xx.a(gpio_18xx_43xx.o)
 .comment       0x0000006e       0x6f /home/nicozorza/LPCXpresso/TP_Final/Pruebas/Prueba_detectar_fase/lpc_chip_43xx/Debug/liblpc_chip_43xx.a(sysinit_18xx_43xx.o)
 .comment       0x0000006e       0x6f /home/nicozorza/LPCXpresso/TP_Final/Pruebas/Prueba_detectar_fase/lpc_chip_43xx/Debug/liblpc_chip_43xx.a(uart_18xx_43xx.o)
 .comment       0x0000006e       0x6e /usr/local/lpcxpresso_8.2.2_650/lpcxpresso/tools/bin/../lib/gcc/arm-none-eabi/5.4.1/../../../../arm-none-eabi/lib/armv7e-m/softfp/libcr_nohost.a(_cr__main.o)
                                 0x6f (size before relaxing)
 .comment       0x000000dc       0x6f /usr/local/lpcxpresso_8.2.2_650/lpcxpresso/tools/bin/../lib/gcc/arm-none-eabi/5.4.1/../../../../arm-none-eabi/lib/armv7e-m/softfp/libcr_c.a(memset.o)
 .comment       0x000000dc       0x6f /usr/local/lpcxpresso_8.2.2_650/lpcxpresso/tools/bin/../lib/gcc/arm-none-eabi/5.4.1/../../../../arm-none-eabi/lib/armv7e-m/softfp/libcr_c.a(initio.o)
 .comment       0x000000dc       0x6f /usr/local/lpcxpresso_8.2.2_650/lpcxpresso/tools/bin/../lib/gcc/arm-none-eabi/5.4.1/../../../../arm-none-eabi/lib/armv7e-m/softfp/libcr_c.a(setvbuf.o)
 .comment       0x000000dc       0x6f /usr/local/lpcxpresso_8.2.2_650/lpcxpresso/tools/bin/../lib/gcc/arm-none-eabi/5.4.1/../../../../arm-none-eabi/lib/armv7e-m/softfp/libcr_c.a(stdio.o)
 .comment       0x000000dc       0x6f /usr/local/lpcxpresso_8.2.2_650/lpcxpresso/tools/bin/../lib/gcc/arm-none-eabi/5.4.1/../../../../arm-none-eabi/lib/armv7e-m/softfp/libcr_c.a(_deferredlazyseek.o)
 .comment       0x000000dc       0x6f /usr/local/lpcxpresso_8.2.2_650/lpcxpresso/tools/bin/../lib/gcc/arm-none-eabi/5.4.1/../../../../arm-none-eabi/lib/armv7e-m/softfp/libcr_c.a(_fdopen.o)
 .comment       0x000000dc       0x6f /usr/local/lpcxpresso_8.2.2_650/lpcxpresso/tools/bin/../lib/gcc/arm-none-eabi/5.4.1/../../../../arm-none-eabi/lib/armv7e-m/softfp/libcr_c.a(_fflush.o)
 .comment       0x000000dc       0x6f /usr/local/lpcxpresso_8.2.2_650/lpcxpresso/tools/bin/../lib/gcc/arm-none-eabi/5.4.1/../../../../arm-none-eabi/lib/armv7e-m/softfp/libcr_c.a(_writebuf.o)
 .comment       0x000000dc       0x6f /usr/local/lpcxpresso_8.2.2_650/lpcxpresso/tools/bin/../lib/gcc/arm-none-eabi/5.4.1/../../../../arm-none-eabi/lib/armv7e-m/softfp/libcr_c.a(alloc.o)
 .comment       0x000000dc       0x6f /usr/local/lpcxpresso_8.2.2_650/lpcxpresso/tools/bin/../lib/gcc/arm-none-eabi/5.4.1/../../../../arm-none-eabi/lib/armv7e-m/softfp/libcr_c.a(fclose.o)
 .comment       0x000000dc       0x6f /usr/local/lpcxpresso_8.2.2_650/lpcxpresso/tools/bin/../lib/gcc/arm-none-eabi/5.4.1/../../../../arm-none-eabi/lib/armv7e-m/softfp/libcr_c.a(fflush.o)
 .comment       0x000000dc       0x6f /usr/local/lpcxpresso_8.2.2_650/lpcxpresso/tools/bin/../lib/gcc/arm-none-eabi/5.4.1/../../../../arm-none-eabi/lib/armv7e-m/softfp/libcr_c.a(fseek.o)
 .comment       0x000000dc       0x6f /usr/local/lpcxpresso_8.2.2_650/lpcxpresso/tools/bin/../lib/gcc/arm-none-eabi/5.4.1/../../../../arm-none-eabi/lib/armv7e-m/softfp/libcr_c.a(ftell.o)
 .comment       0x000000dc       0x6f /usr/local/lpcxpresso_8.2.2_650/lpcxpresso/tools/bin/../lib/gcc/arm-none-eabi/5.4.1/../../../../arm-none-eabi/lib/armv7e-m/softfp/libcr_c.a(remove.o)
 .comment       0x000000dc       0x6f /usr/local/lpcxpresso_8.2.2_650/lpcxpresso/tools/bin/../lib/gcc/arm-none-eabi/5.4.1/../../../../arm-none-eabi/lib/armv7e-m/softfp/libcr_c.a(strlen.o)
 .comment       0x000000dc       0x6f /usr/local/lpcxpresso_8.2.2_650/lpcxpresso/tools/bin/../lib/gcc/arm-none-eabi/5.4.1/../../../../arm-none-eabi/lib/armv7e-m/softfp/libcr_c.a(__init_alloc.o)
 .comment       0x000000dc       0x6f /usr/local/lpcxpresso_8.2.2_650/lpcxpresso/tools/bin/../lib/gcc/arm-none-eabi/5.4.1/../../../../arm-none-eabi/lib/armv7e-m/softfp/libcr_c.a(_cr_sbrk.o)
 .comment       0x000000dc       0x6f /usr/local/lpcxpresso_8.2.2_650/lpcxpresso/tools/bin/../lib/gcc/arm-none-eabi/5.4.1/../../../../arm-none-eabi/lib/armv7e-m/softfp/libcr_c.a(_do_fflush.o)
 .comment       0x000000dc       0x6f /usr/local/lpcxpresso_8.2.2_650/lpcxpresso/tools/bin/../lib/gcc/arm-none-eabi/5.4.1/../../../../arm-none-eabi/lib/armv7e-m/softfp/libcr_c.a(errno.o)
 .comment       0x000000dc       0x6f /usr/local/lpcxpresso_8.2.2_650/lpcxpresso/tools/bin/../lib/gcc/arm-none-eabi/5.4.1/../../../../arm-none-eabi/lib/armv7e-m/softfp/libcr_c.a(_cr_check_heap.o)
 .comment       0x000000dc       0x6f /usr/local/lpcxpresso_8.2.2_650/lpcxpresso/tools/bin/../lib/gcc/arm-none-eabi/5.4.1/../../../../arm-none-eabi/lib/armv7e-m/softfp/libcr_nohost.a(__sys_appexit.o)
 .comment       0x000000dc       0x6f /usr/local/lpcxpresso_8.2.2_650/lpcxpresso/tools/bin/../lib/gcc/arm-none-eabi/5.4.1/../../../../arm-none-eabi/lib/armv7e-m/softfp/libcr_nohost.a(__sys_close.o)
 .comment       0x000000dc       0x6f /usr/local/lpcxpresso_8.2.2_650/lpcxpresso/tools/bin/../lib/gcc/arm-none-eabi/5.4.1/../../../../arm-none-eabi/lib/armv7e-m/softfp/libcr_nohost.a(__sys_flen.o)
 .comment       0x000000dc       0x6f /usr/local/lpcxpresso_8.2.2_650/lpcxpresso/tools/bin/../lib/gcc/arm-none-eabi/5.4.1/../../../../arm-none-eabi/lib/armv7e-m/softfp/libcr_nohost.a(__sys_istty.o)
 .comment       0x000000dc       0x6f /usr/local/lpcxpresso_8.2.2_650/lpcxpresso/tools/bin/../lib/gcc/arm-none-eabi/5.4.1/../../../../arm-none-eabi/lib/armv7e-m/softfp/libcr_nohost.a(__sys_remove.o)
 .comment       0x000000dc       0x6f /usr/local/lpcxpresso_8.2.2_650/lpcxpresso/tools/bin/../lib/gcc/arm-none-eabi/5.4.1/../../../../arm-none-eabi/lib/armv7e-m/softfp/libcr_nohost.a(__sys_seek.o)
 .comment       0x000000dc       0x6f /usr/local/lpcxpresso_8.2.2_650/lpcxpresso/tools/bin/../lib/gcc/arm-none-eabi/5.4.1/../../../../arm-none-eabi/lib/armv7e-m/softfp/libcr_nohost.a(__sys_tmpnam.o)

.ARM.attributes
                0x00000000       0x35
 .ARM.attributes
                0x00000000       0x37 ./example/src/cr_startup_lpc43xx.o
 .ARM.attributes
                0x00000037       0x37 ./example/src/pinint.o
 .ARM.attributes
                0x0000006e       0x37 ./example/src/sysinit.o
 .ARM.attributes
                0x000000a5       0x37 /home/nicozorza/LPCXpresso/TP_Final/Pruebas/Prueba_detectar_fase/lpc_board_nxp_lpcxpresso_4337/Debug/liblpc_board_nxp_lpcxpresso_4337.a(board.o)
 .ARM.attributes
                0x000000dc       0x37 /home/nicozorza/LPCXpresso/TP_Final/Pruebas/Prueba_detectar_fase/lpc_board_nxp_lpcxpresso_4337/Debug/liblpc_board_nxp_lpcxpresso_4337.a(board_sysinit.o)
 .ARM.attributes
                0x00000113       0x37 /home/nicozorza/LPCXpresso/TP_Final/Pruebas/Prueba_detectar_fase/lpc_chip_43xx/Debug/liblpc_chip_43xx.a(chip_18xx_43xx.o)
 .ARM.attributes
                0x0000014a       0x37 /home/nicozorza/LPCXpresso/TP_Final/Pruebas/Prueba_detectar_fase/lpc_chip_43xx/Debug/liblpc_chip_43xx.a(clock_18xx_43xx.o)
 .ARM.attributes
                0x00000181       0x37 /home/nicozorza/LPCXpresso/TP_Final/Pruebas/Prueba_detectar_fase/lpc_chip_43xx/Debug/liblpc_chip_43xx.a(fpu_init.o)
 .ARM.attributes
                0x000001b8       0x37 /home/nicozorza/LPCXpresso/TP_Final/Pruebas/Prueba_detectar_fase/lpc_chip_43xx/Debug/liblpc_chip_43xx.a(gpio_18xx_43xx.o)
 .ARM.attributes
                0x000001ef       0x37 /home/nicozorza/LPCXpresso/TP_Final/Pruebas/Prueba_detectar_fase/lpc_chip_43xx/Debug/liblpc_chip_43xx.a(sysinit_18xx_43xx.o)
 .ARM.attributes
                0x00000226       0x37 /home/nicozorza/LPCXpresso/TP_Final/Pruebas/Prueba_detectar_fase/lpc_chip_43xx/Debug/liblpc_chip_43xx.a(uart_18xx_43xx.o)
 .ARM.attributes
                0x0000025d       0x37 /usr/local/lpcxpresso_8.2.2_650/lpcxpresso/tools/bin/../lib/gcc/arm-none-eabi/5.4.1/../../../../arm-none-eabi/lib/armv7e-m/softfp/libcr_nohost.a(_cr__main.o)
 .ARM.attributes
                0x00000294       0x37 /usr/local/lpcxpresso_8.2.2_650/lpcxpresso/tools/bin/../lib/gcc/arm-none-eabi/5.4.1/../../../../arm-none-eabi/lib/armv7e-m/softfp/libcr_c.a(memset.o)
 .ARM.attributes
                0x000002cb       0x37 /usr/local/lpcxpresso_8.2.2_650/lpcxpresso/tools/bin/../lib/gcc/arm-none-eabi/5.4.1/../../../../arm-none-eabi/lib/armv7e-m/softfp/libcr_c.a(initio.o)
 .ARM.attributes
                0x00000302       0x37 /usr/local/lpcxpresso_8.2.2_650/lpcxpresso/tools/bin/../lib/gcc/arm-none-eabi/5.4.1/../../../../arm-none-eabi/lib/armv7e-m/softfp/libcr_c.a(setvbuf.o)
 .ARM.attributes
                0x00000339       0x37 /usr/local/lpcxpresso_8.2.2_650/lpcxpresso/tools/bin/../lib/gcc/arm-none-eabi/5.4.1/../../../../arm-none-eabi/lib/armv7e-m/softfp/libcr_c.a(stdio.o)
 .ARM.attributes
                0x00000370       0x37 /usr/local/lpcxpresso_8.2.2_650/lpcxpresso/tools/bin/../lib/gcc/arm-none-eabi/5.4.1/../../../../arm-none-eabi/lib/armv7e-m/softfp/libcr_c.a(_deferredlazyseek.o)
 .ARM.attributes
                0x000003a7       0x37 /usr/local/lpcxpresso_8.2.2_650/lpcxpresso/tools/bin/../lib/gcc/arm-none-eabi/5.4.1/../../../../arm-none-eabi/lib/armv7e-m/softfp/libcr_c.a(_fdopen.o)
 .ARM.attributes
                0x000003de       0x37 /usr/local/lpcxpresso_8.2.2_650/lpcxpresso/tools/bin/../lib/gcc/arm-none-eabi/5.4.1/../../../../arm-none-eabi/lib/armv7e-m/softfp/libcr_c.a(_fflush.o)
 .ARM.attributes
                0x00000415       0x37 /usr/local/lpcxpresso_8.2.2_650/lpcxpresso/tools/bin/../lib/gcc/arm-none-eabi/5.4.1/../../../../arm-none-eabi/lib/armv7e-m/softfp/libcr_c.a(_writebuf.o)
 .ARM.attributes
                0x0000044c       0x37 /usr/local/lpcxpresso_8.2.2_650/lpcxpresso/tools/bin/../lib/gcc/arm-none-eabi/5.4.1/../../../../arm-none-eabi/lib/armv7e-m/softfp/libcr_c.a(alloc.o)
 .ARM.attributes
                0x00000483       0x37 /usr/local/lpcxpresso_8.2.2_650/lpcxpresso/tools/bin/../lib/gcc/arm-none-eabi/5.4.1/../../../../arm-none-eabi/lib/armv7e-m/softfp/libcr_c.a(fclose.o)
 .ARM.attributes
                0x000004ba       0x37 /usr/local/lpcxpresso_8.2.2_650/lpcxpresso/tools/bin/../lib/gcc/arm-none-eabi/5.4.1/../../../../arm-none-eabi/lib/armv7e-m/softfp/libcr_c.a(fflush.o)
 .ARM.attributes
                0x000004f1       0x37 /usr/local/lpcxpresso_8.2.2_650/lpcxpresso/tools/bin/../lib/gcc/arm-none-eabi/5.4.1/../../../../arm-none-eabi/lib/armv7e-m/softfp/libcr_c.a(fseek.o)
 .ARM.attributes
                0x00000528       0x37 /usr/local/lpcxpresso_8.2.2_650/lpcxpresso/tools/bin/../lib/gcc/arm-none-eabi/5.4.1/../../../../arm-none-eabi/lib/armv7e-m/softfp/libcr_c.a(ftell.o)
 .ARM.attributes
                0x0000055f       0x37 /usr/local/lpcxpresso_8.2.2_650/lpcxpresso/tools/bin/../lib/gcc/arm-none-eabi/5.4.1/../../../../arm-none-eabi/lib/armv7e-m/softfp/libcr_c.a(remove.o)
 .ARM.attributes
                0x00000596       0x37 /usr/local/lpcxpresso_8.2.2_650/lpcxpresso/tools/bin/../lib/gcc/arm-none-eabi/5.4.1/../../../../arm-none-eabi/lib/armv7e-m/softfp/libcr_c.a(strlen.o)
 .ARM.attributes
                0x000005cd       0x37 /usr/local/lpcxpresso_8.2.2_650/lpcxpresso/tools/bin/../lib/gcc/arm-none-eabi/5.4.1/../../../../arm-none-eabi/lib/armv7e-m/softfp/libcr_c.a(__init_alloc.o)
 .ARM.attributes
                0x00000604       0x37 /usr/local/lpcxpresso_8.2.2_650/lpcxpresso/tools/bin/../lib/gcc/arm-none-eabi/5.4.1/../../../../arm-none-eabi/lib/armv7e-m/softfp/libcr_c.a(_cr_sbrk.o)
 .ARM.attributes
                0x0000063b       0x37 /usr/local/lpcxpresso_8.2.2_650/lpcxpresso/tools/bin/../lib/gcc/arm-none-eabi/5.4.1/../../../../arm-none-eabi/lib/armv7e-m/softfp/libcr_c.a(_do_fflush.o)
 .ARM.attributes
                0x00000672       0x37 /usr/local/lpcxpresso_8.2.2_650/lpcxpresso/tools/bin/../lib/gcc/arm-none-eabi/5.4.1/../../../../arm-none-eabi/lib/armv7e-m/softfp/libcr_c.a(errno.o)
 .ARM.attributes
                0x000006a9       0x37 /usr/local/lpcxpresso_8.2.2_650/lpcxpresso/tools/bin/../lib/gcc/arm-none-eabi/5.4.1/../../../../arm-none-eabi/lib/armv7e-m/softfp/libcr_c.a(_cr_check_heap.o)
 .ARM.attributes
                0x000006e0       0x25 /usr/local/lpcxpresso_8.2.2_650/lpcxpresso/tools/bin/../lib/gcc/arm-none-eabi/5.4.1/armv7e-m/softfp/libcr_eabihelpers.a(division_64.o)
 .ARM.attributes
                0x00000705       0x25 /usr/local/lpcxpresso_8.2.2_650/lpcxpresso/tools/bin/../lib/gcc/arm-none-eabi/5.4.1/armv7e-m/softfp/libcr_eabihelpers.a(division_idiv0.o)
 .ARM.attributes
                0x0000072a       0x25 /usr/local/lpcxpresso_8.2.2_650/lpcxpresso/tools/bin/../lib/gcc/arm-none-eabi/5.4.1/armv7e-m/softfp/libcr_eabihelpers.a(memcpy.o)
 .ARM.attributes
                0x0000074f       0x37 /usr/local/lpcxpresso_8.2.2_650/lpcxpresso/tools/bin/../lib/gcc/arm-none-eabi/5.4.1/../../../../arm-none-eabi/lib/armv7e-m/softfp/libcr_nohost.a(__sys_appexit.o)
 .ARM.attributes
                0x00000786       0x37 /usr/local/lpcxpresso_8.2.2_650/lpcxpresso/tools/bin/../lib/gcc/arm-none-eabi/5.4.1/../../../../arm-none-eabi/lib/armv7e-m/softfp/libcr_nohost.a(__sys_close.o)
 .ARM.attributes
                0x000007bd       0x37 /usr/local/lpcxpresso_8.2.2_650/lpcxpresso/tools/bin/../lib/gcc/arm-none-eabi/5.4.1/../../../../arm-none-eabi/lib/armv7e-m/softfp/libcr_nohost.a(__sys_flen.o)
 .ARM.attributes
                0x000007f4       0x37 /usr/local/lpcxpresso_8.2.2_650/lpcxpresso/tools/bin/../lib/gcc/arm-none-eabi/5.4.1/../../../../arm-none-eabi/lib/armv7e-m/softfp/libcr_nohost.a(__sys_istty.o)
 .ARM.attributes
                0x0000082b       0x37 /usr/local/lpcxpresso_8.2.2_650/lpcxpresso/tools/bin/../lib/gcc/arm-none-eabi/5.4.1/../../../../arm-none-eabi/lib/armv7e-m/softfp/libcr_nohost.a(__sys_remove.o)
 .ARM.attributes
                0x00000862       0x37 /usr/local/lpcxpresso_8.2.2_650/lpcxpresso/tools/bin/../lib/gcc/arm-none-eabi/5.4.1/../../../../arm-none-eabi/lib/armv7e-m/softfp/libcr_nohost.a(__sys_seek.o)
 .ARM.attributes
                0x00000899       0x37 /usr/local/lpcxpresso_8.2.2_650/lpcxpresso/tools/bin/../lib/gcc/arm-none-eabi/5.4.1/../../../../arm-none-eabi/lib/armv7e-m/softfp/libcr_nohost.a(__sys_tmpnam.o)

.debug_frame    0x00000000     0x186c
 .debug_frame   0x00000000      0x170 ./example/src/cr_startup_lpc43xx.o
 .debug_frame   0x00000170      0x200 ./example/src/pinint.o
 .debug_frame   0x00000370       0x34 ./example/src/sysinit.o
 .debug_frame   0x000003a4      0x634 /home/nicozorza/LPCXpresso/TP_Final/Pruebas/Prueba_detectar_fase/lpc_board_nxp_lpcxpresso_4337/Debug/liblpc_board_nxp_lpcxpresso_4337.a(board.o)
 .debug_frame   0x000009d8       0xe4 /home/nicozorza/LPCXpresso/TP_Final/Pruebas/Prueba_detectar_fase/lpc_board_nxp_lpcxpresso_4337/Debug/liblpc_board_nxp_lpcxpresso_4337.a(board_sysinit.o)
 .debug_frame   0x00000abc       0xa0 /home/nicozorza/LPCXpresso/TP_Final/Pruebas/Prueba_detectar_fase/lpc_chip_43xx/Debug/liblpc_chip_43xx.a(chip_18xx_43xx.o)
 .debug_frame   0x00000b5c      0x568 /home/nicozorza/LPCXpresso/TP_Final/Pruebas/Prueba_detectar_fase/lpc_chip_43xx/Debug/liblpc_chip_43xx.a(clock_18xx_43xx.o)
 .debug_frame   0x000010c4       0x38 /home/nicozorza/LPCXpresso/TP_Final/Pruebas/Prueba_detectar_fase/lpc_chip_43xx/Debug/liblpc_chip_43xx.a(fpu_init.o)
 .debug_frame   0x000010fc      0x198 /home/nicozorza/LPCXpresso/TP_Final/Pruebas/Prueba_detectar_fase/lpc_chip_43xx/Debug/liblpc_chip_43xx.a(gpio_18xx_43xx.o)
 .debug_frame   0x00001294       0xf4 /home/nicozorza/LPCXpresso/TP_Final/Pruebas/Prueba_detectar_fase/lpc_chip_43xx/Debug/liblpc_chip_43xx.a(sysinit_18xx_43xx.o)
 .debug_frame   0x00001388      0x4e4 /home/nicozorza/LPCXpresso/TP_Final/Pruebas/Prueba_detectar_fase/lpc_chip_43xx/Debug/liblpc_chip_43xx.a(uart_18xx_43xx.o)
